Archive member included to satisfy reference by file (symbol)

c:/MaximSDK/Libraries/PeriphDrivers/bin/MAX78000/softfp/libPeriphDriver_softfp.a(mxc_delay.o)
                              c:/Users/hmche/Desktop/capstone/Maxim_Parking/workspace/Examples/MAX78000/CNN/Car_Detection_w_seg_rgb565/build/main.o (MXC_Delay)
c:/MaximSDK/Libraries/PeriphDrivers/bin/MAX78000/softfp/libPeriphDriver_softfp.a(pins_ai85.o)
                              c:/Users/hmche/Desktop/capstone/Maxim_Parking/workspace/Examples/MAX78000/CNN/Car_Detection_w_seg_rgb565/build/camera.o (gpio_cfg_pcif_xclk)
c:/MaximSDK/Libraries/PeriphDrivers/bin/MAX78000/softfp/libPeriphDriver_softfp.a(sys_ai85.o)
                              c:/Users/hmche/Desktop/capstone/Maxim_Parking/workspace/Examples/MAX78000/CNN/Car_Detection_w_seg_rgb565/build/main.o (MXC_SYS_ClockDisable)
c:/MaximSDK/Libraries/PeriphDrivers/bin/MAX78000/softfp/libPeriphDriver_softfp.a(nvic_table.o)
                              c:/Users/hmche/Desktop/capstone/Maxim_Parking/workspace/Examples/MAX78000/CNN/Car_Detection_w_seg_rgb565/build/cnn.o (NVIC_SetVector)
c:/MaximSDK/Libraries/PeriphDrivers/bin/MAX78000/softfp/libPeriphDriver_softfp.a(aes_me17.o)
                              c:/MaximSDK/Libraries/PeriphDrivers/bin/MAX78000/softfp/libPeriphDriver_softfp.a(sys_ai85.o) (MXC_AES_Init)
c:/MaximSDK/Libraries/PeriphDrivers/bin/MAX78000/softfp/libPeriphDriver_softfp.a(aes_revb.o)
                              c:/MaximSDK/Libraries/PeriphDrivers/bin/MAX78000/softfp/libPeriphDriver_softfp.a(aes_me17.o) (MXC_AES_RevB_IsBusy)
c:/MaximSDK/Libraries/PeriphDrivers/bin/MAX78000/softfp/libPeriphDriver_softfp.a(cameraif_ai85.o)
                              c:/Users/hmche/Desktop/capstone/Maxim_Parking/workspace/Examples/MAX78000/CNN/Car_Detection_w_seg_rgb565/build/camera.o (MXC_PCIF_Init)
c:/MaximSDK/Libraries/PeriphDrivers/bin/MAX78000/softfp/libPeriphDriver_softfp.a(cameraif_reva.o)
                              c:/MaximSDK/Libraries/PeriphDrivers/bin/MAX78000/softfp/libPeriphDriver_softfp.a(cameraif_ai85.o) (MXC_PCIF_RevA_SetDatawidth)
c:/MaximSDK/Libraries/PeriphDrivers/bin/MAX78000/softfp/libPeriphDriver_softfp.a(dma_me17.o)
                              c:/Users/hmche/Desktop/capstone/Maxim_Parking/workspace/Examples/MAX78000/CNN/Car_Detection_w_seg_rgb565/build/main.o (MXC_DMA_Init)
c:/MaximSDK/Libraries/PeriphDrivers/bin/MAX78000/softfp/libPeriphDriver_softfp.a(dma_reva.o)
                              c:/MaximSDK/Libraries/PeriphDrivers/bin/MAX78000/softfp/libPeriphDriver_softfp.a(dma_me17.o) (MXC_DMA_RevA_Init)
c:/MaximSDK/Libraries/PeriphDrivers/bin/MAX78000/softfp/libPeriphDriver_softfp.a(flc_me17.o)
                              c:/MaximSDK/Libraries/PeriphDrivers/bin/MAX78000/softfp/libPeriphDriver_softfp.a(sys_ai85.o) (MXC_FLC_UnlockInfoBlock)
c:/MaximSDK/Libraries/PeriphDrivers/bin/MAX78000/softfp/libPeriphDriver_softfp.a(flc_revb.o)
                              c:/MaximSDK/Libraries/PeriphDrivers/bin/MAX78000/softfp/libPeriphDriver_softfp.a(flc_me17.o) (MXC_FLC_RevB_Busy)
c:/MaximSDK/Libraries/PeriphDrivers/bin/MAX78000/softfp/libPeriphDriver_softfp.a(gpio_ai85.o)
                              c:/Users/hmche/Desktop/capstone/Maxim_Parking/workspace/Examples/MAX78000/CNN/Car_Detection_w_seg_rgb565/build/cnn.o (MXC_GPIO_Config)
c:/MaximSDK/Libraries/PeriphDrivers/bin/MAX78000/softfp/libPeriphDriver_softfp.a(gpio_reva.o)
                              c:/MaximSDK/Libraries/PeriphDrivers/bin/MAX78000/softfp/libPeriphDriver_softfp.a(gpio_ai85.o) (MXC_GPIO_RevA_InGet)
c:/MaximSDK/Libraries/PeriphDrivers/bin/MAX78000/softfp/libPeriphDriver_softfp.a(icc_me17.o)
                              c:/Users/hmche/Desktop/capstone/Maxim_Parking/workspace/Examples/MAX78000/CNN/Car_Detection_w_seg_rgb565/build/main.o (MXC_ICC_Enable)
c:/MaximSDK/Libraries/PeriphDrivers/bin/MAX78000/softfp/libPeriphDriver_softfp.a(icc_reva.o)
                              c:/MaximSDK/Libraries/PeriphDrivers/bin/MAX78000/softfp/libPeriphDriver_softfp.a(icc_me17.o) (MXC_ICC_RevA_ID)
c:/MaximSDK/Libraries/PeriphDrivers/bin/MAX78000/softfp/libPeriphDriver_softfp.a(pt_me17.o)
                              c:/Users/hmche/Desktop/capstone/Maxim_Parking/workspace/Examples/MAX78000/CNN/Car_Detection_w_seg_rgb565/build/camera.o (MXC_PT_Init)
c:/MaximSDK/Libraries/PeriphDrivers/bin/MAX78000/softfp/libPeriphDriver_softfp.a(pt_reva.o)
                              c:/MaximSDK/Libraries/PeriphDrivers/bin/MAX78000/softfp/libPeriphDriver_softfp.a(pt_me17.o) (MXC_PT_RevA_Init)
c:/MaximSDK/Libraries/PeriphDrivers/bin/MAX78000/softfp/libPeriphDriver_softfp.a(spi_me17.o)
                              c:/Users/hmche/Desktop/capstone/Maxim_Parking/workspace/Examples/MAX78000/CNN/Car_Detection_w_seg_rgb565/build/tft.o (MXC_SPI_Init)
c:/MaximSDK/Libraries/PeriphDrivers/bin/MAX78000/softfp/libPeriphDriver_softfp.a(spi_reva.o)
[...]
Memory Configuration

Name             Origin             Length             Attributes
ROM              0x00000000         0x00010000         xr
FLASH            0x10000000         0x00080000         xr
SRAM             0x20000000         0x00020000         xrw
*default*        0x00000000         0xffffffff

Linker script and memory map

LOAD c:/maximsdk/tools/gnutools/bin/../lib/gcc/arm-none-eabi/9.2.1/thumb/v7e-m+fp/softfp/crti.o
LOAD c:/maximsdk/tools/gnutools/bin/../lib/gcc/arm-none-eabi/9.2.1/thumb/v7e-m+fp/softfp/crtbegin.o
LOAD c:/maximsdk/tools/gnutools/bin/../lib/gcc/arm-none-eabi/9.2.1/../../../../arm-none-eabi/lib/thumb/v7e-m+fp/softfp/crt0.o
LOAD c:/Users/hmche/Desktop/capstone/Maxim_Parking/workspace/Examples/MAX78000/CNN/Car_Detection_w_seg_rgb565/build/main.o
LOAD c:/Users/hmche/Desktop/capstone/Maxim_Parking/workspace/Examples/MAX78000/CNN/Car_Detection_w_seg_rgb565/build/cnn.o
LOAD c:/Users/hmche/Desktop/capstone/Maxim_Parking/workspace/Examples/MAX78000/CNN/Car_Detection_w_seg_rgb565/build/softmax.o
LOAD c:/Users/hmche/Desktop/capstone/Maxim_Parking/workspace/Examples/MAX78000/CNN/Car_Detection_w_seg_rgb565/build/all_imgs.o
LOAD c:/Users/hmche/Desktop/capstone/Maxim_Parking/workspace/Examples/MAX78000/CNN/Car_Detection_w_seg_rgb565/build/board.o
LOAD c:/Users/hmche/Desktop/capstone/Maxim_Parking/workspace/Examples/MAX78000/CNN/Car_Detection_w_seg_rgb565/build/stdio.o
LOAD c:/Users/hmche/Desktop/capstone/Maxim_Parking/workspace/Examples/MAX78000/CNN/Car_Detection_w_seg_rgb565/build/led.o
LOAD c:/Users/hmche/Desktop/capstone/Maxim_Parking/workspace/Examples/MAX78000/CNN/Car_Detection_w_seg_rgb565/build/pb.o
LOAD c:/Users/hmche/Desktop/capstone/Maxim_Parking/workspace/Examples/MAX78000/CNN/Car_Detection_w_seg_rgb565/build/tft.o
LOAD c:/Users/hmche/Desktop/capstone/Maxim_Parking/workspace/Examples/MAX78000/CNN/Car_Detection_w_seg_rgb565/build/touchscreen.o
LOAD c:/Users/hmche/Desktop/capstone/Maxim_Parking/workspace/Examples/MAX78000/CNN/Car_Detection_w_seg_rgb565/build/camera.o
LOAD c:/Users/hmche/Desktop/capstone/Maxim_Parking/workspace/Examples/MAX78000/CNN/Car_Detection_w_seg_rgb565/build/sccb.o
LOAD c:/Users/hmche/Desktop/capstone/Maxim_Parking/workspace/Examples/MAX78000/CNN/Car_Detection_w_seg_rgb565/build/startup_max78000.o
LOAD c:/Users/hmche/Desktop/capstone/Maxim_Parking/workspace/Examples/MAX78000/CNN/Car_Detection_w_seg_rgb565/build/heap.o
LOAD c:/Users/hmche/Desktop/capstone/Maxim_Parking/workspace/Examples/MAX78000/CNN/Car_Detection_w_seg_rgb565/build/system_max78000.o
START GROUP
LOAD c:/MaximSDK/Libraries/PeriphDrivers/bin/MAX78000/softfp/libPeriphDriver_softfp.a
LOAD c:/maximsdk/tools/gnutools/bin/../lib/gcc/arm-none-eabi/9.2.1/../../../../arm-none-eabi/lib/thumb/v7e-m+fp/softfp\libc.a
LOAD c:/maximsdk/tools/gnutools/bin/../lib/gcc/arm-none-eabi/9.2.1/../../../../arm-none-eabi/lib/thumb/v7e-m+fp/softfp\libm.a
LOAD c:/maximsdk/tools/gnutools/bin/../lib/gcc/arm-none-eabi/9.2.1/../../../../arm-none-eabi/lib/thumb/v7e-m+fp/softfp\libnosys.a
END GROUP
START GROUP
LOAD c:/maximsdk/tools/gnutools/bin/../lib/gcc/arm-none-eabi/9.2.1/thumb/v7e-m+fp/softfp\libgcc.a
LOAD c:/maximsdk/tools/gnutools/bin/../lib/gcc/arm-none-eabi/9.2.1/../../../../arm-none-eabi/lib/thumb/v7e-m+fp/softfp\libc.a
END GROUP
LOAD c:/maximsdk/tools/gnutools/bin/../lib/gcc/arm-none-eabi/9.2.1/thumb/v7e-m+fp/softfp/crtend.o
LOAD c:/maximsdk/tools/gnutools/bin/../lib/gcc/arm-none-eabi/9.2.1/thumb/v7e-m+fp/softfp/crtn.o

.rom
 *(.rom_vector)
 *(.rom_handlers*)

.text           0x10000000    0x1cf10
                0x10000000                _text = .
 *(.isr_vector)
 .isr_vector    0x10000000      0x1e0 c:/Users/hmche/Desktop/capstone/Maxim_Parking/workspace/Examples/MAX78000/CNN/Car_Detection_w_seg_rgb565/build/startup_max78000.o
                0x10000000                __isr_vector
 *(.text*)
 .text          0x100001e0       0x40 c:/maximsdk/tools/gnutools/bin/../lib/gcc/arm-none-eabi/9.2.1/thumb/v7e-m+fp/softfp/crtbegin.o
 .text.cnn_load_input
                0x10000220       0x40 c:/Users/hmche/Desktop/capstone/Maxim_Parking/workspace/Examples/MAX78000/CNN/Car_Detection_w_seg_rgb565/build/main.o
                0x10000220                cnn_load_input
 .text.softmax_layer
                0x10000260       0x20 c:/Users/hmche/Desktop/capstone/Maxim_Parking/workspace/Examples/MAX78000/CNN/Car_Detection_w_seg_rgb565/build/main.o
                0x10000260                softmax_layer
 .text.lcd_show_sampledata
                0x10000280       0xc4 c:/Users/hmche/Desktop/capstone/Maxim_Parking/workspace/Examples/MAX78000/CNN/Car_Detection_w_seg_rgb565/build/main.o
                0x10000280                lcd_show_sampledata
 .text.segment_image
                0x10000344       0x84 c:/Users/hmche/Desktop/capstone/Maxim_Parking/workspace/Examples/MAX78000/CNN/Car_Detection_w_seg_rgb565/build/main.o
                0x10000344                segment_image
 .text.RGB565ToRGB888Char
                0x100003c8       0xb4 c:/Users/hmche/Desktop/capstone/Maxim_Parking/workspace/Examples/MAX78000/CNN/Car_Detection_w_seg_rgb565/build/main.o
                0x100003c8                RGB565ToRGB888Char
 .text.startup.main
                0x1000047c      0x5fc c:/Users/hmche/Desktop/capstone/Maxim_Parking/workspace/Examples/MAX78000/CNN/Car_Detection_w_seg_rgb565/build/main.o
                0x1000047c                main
 .text.CNN_ISR  0x10000a78       0x54 c:/Users/hmche/Desktop/capstone/Maxim_Parking/workspace/Examples/MAX78000/CNN/Car_Detection_w_seg_rgb565/build/cnn.o
                0x10000a78                CNN_ISR
 .text.cnn_stop
                0x10000acc       0x14 c:/Users/hmche/Desktop/capstone/Maxim_Parking/workspace/Examples/MAX78000/CNN/Car_Detection_w_seg_rgb565/build/cnn.o
                0x10000acc                cnn_stop
 .text.memcpy32
                0x10000ae0       0x1c c:/Users/hmche/Desktop/capstone/Maxim_Parking/workspace/Examples/MAX78000/CNN/Car_Detection_w_seg_rgb565/build/cnn.o
                0x10000ae0                memcpy32
 .text.cnn_load_weights
                0x10000afc      0xc08 c:/Users/hmche/Desktop/capstone/Maxim_Parking/workspace/Examples/MAX78000/CNN/Car_Detection_w_seg_rgb565/build/cnn.o
                0x10000afc                cnn_load_weights
 .text.cnn_load_bias
                0x10001704       0x18 c:/Users/hmche/Desktop/capstone/Maxim_Parking/workspace/Examples/MAX78000/CNN/Car_Detection_w_seg_rgb565/build/cnn.o
                0x10001704                cnn_load_bias
 .text.cnn_init
                0x1000171c       0x74 c:/Users/hmche/Desktop/capstone/Maxim_Parking/workspace/Examples/MAX78000/CNN/Car_Detection_w_seg_rgb565/build/cnn.o
                0x1000171c                cnn_init
 .text.cnn_configure
                0x10001790      0xc74 c:/Users/hmche/Desktop/capstone/Maxim_Parking/workspace/Examples/MAX78000/CNN/Car_Detection_w_seg_rgb565/build/cnn.o
                0x10001790                cnn_configure
 .text.cnn_start
                0x10002404       0x54 c:/Users/hmche/Desktop/capstone/Maxim_Parking/workspace/Examples/MAX78000/CNN/Car_Detection_w_seg_rgb565/build/cnn.o
                0x10002404                cnn_start
 .text.cnn_unload
                0x10002458       0x1c c:/Users/hmche/Desktop/capstone/Maxim_Parking/workspace/Examples/MAX78000/CNN/Car_Detection_w_seg_rgb565/build/cnn.o
                0x10002458                cnn_unload
 .text.cnn_enable
                0x10002474       0x3c c:/Users/hmche/Desktop/capstone/Maxim_Parking/workspace/Examples/MAX78000/CNN/Car_Detection_w_seg_rgb565/build/cnn.o
                0x10002474                cnn_enable
 .text.cnn_boost_enable
                0x100024b0       0x24 c:/Users/hmche/Desktop/capstone/Maxim_Parking/workspace/Examples/MAX78000/CNN/Car_Detection_w_seg_rgb565/build/cnn.o
                0x100024b0                cnn_boost_enable
 .text.softmax_q17p14_q15
                0x100024d4       0xa8 c:/Users/hmche/Desktop/capstone/Maxim_Parking/workspace/Examples/MAX78000/CNN/Car_Detection_w_seg_rgb565/build/softmax.o
                0x100024d4                softmax_q17p14_q15
 .text.mxc_assert
                0x1000257c       0x10 c:/Users/hmche/Desktop/capstone/Maxim_Parking/workspace/Examples/MAX78000/CNN/Car_Detection_w_seg_rgb565/build/board.o
                0x1000257c                mxc_assert
 .text.Board_Init
                0x1000258c       0x70 c:/Users/hmche/Desktop/capstone/Maxim_Parking/workspace/Examples/MAX78000/CNN/Car_Detection_w_seg_rgb565/build/board.o
                0x1000258c                Board_Init
 .text.NMI_Handler
                0x100025fc        0x4 c:/Users/hmche/Desktop/capstone/Maxim_Parking/workspace/Examples/MAX78000/CNN/Car_Detection_w_seg_rgb565/build/board.o
                0x100025fc                NMI_Handler
 .text.Camera_Power
                0x10002600        0x8 c:/Users/hmche/Desktop/capstone/Maxim_Parking/workspace/Examples/MAX78000/CNN/Car_Detection_w_seg_rgb565/build/board.o
                0x10002600                Camera_Power
 .text._close   0x10002608        0x8 c:/Users/hmche/Desktop/capstone/Maxim_Parking/workspace/Examples/MAX78000/CNN/Car_Detection_w_seg_rgb565/build/stdio.o
                0x10002608                _close
 .text._isatty  0x10002610        0x8 c:/Users/hmche/Desktop/capstone/Maxim_Parking/workspace/Examples/MAX78000/CNN/Car_Detection_w_seg_rgb565/build/stdio.o
                0x10002610                _isatty
 .text._lseek   0x10002618        0x8 c:/Users/hmche/Desktop/capstone/Maxim_Parking/workspace/Examples/MAX78000/CNN/Car_Detection_w_seg_rgb565/build/stdio.o
                0x10002618                _lseek
 .text._fstat   0x10002620        0x8 c:/Users/hmche/Desktop/capstone/Maxim_Parking/workspace/Examples/MAX78000/CNN/Car_Detection_w_seg_rgb565/build/stdio.o
                0x10002620                _fstat
 .text._read    0x10002628       0x50 c:/Users/hmche/Desktop/capstone/Maxim_Parking/workspace/Examples/MAX78000/CNN/Car_Detection_w_seg_rgb565/build/stdio.o
                0x10002628                _read
 .text._write   0x10002678       0x4c c:/Users/hmche/Desktop/capstone/Maxim_Parking/workspace/Examples/MAX78000/CNN/Car_Detection_w_seg_rgb565/build/stdio.o
                0x10002678                _write
 .text.LED_On   0x100026c4       0x40 c:/Users/hmche/Desktop/capstone/Maxim_Parking/workspace/Examples/MAX78000/CNN/Car_Detection_w_seg_rgb565/build/led.o
                0x100026c4                LED_On
 .text.LED_Off  0x10002704       0x40 c:/Users/hmche/Desktop/capstone/Maxim_Parking/workspace/Examples/MAX78000/CNN/Car_Detection_w_seg_rgb565/build/led.o
                0x10002704                LED_Off
 .text.LED_Init
                0x10002744       0x40 c:/Users/hmche/Desktop/capstone/Maxim_Parking/workspace/Examples/MAX78000/CNN/Car_Detection_w_seg_rgb565/build/led.o
                0x10002744                LED_Init
 .text.PB_Init  0x10002784       0x34 c:/Users/hmche/Desktop/capstone/Maxim_Parking/workspace/Examples/MAX78000/CNN/Car_Detection_w_seg_rgb565/build/pb.o
                0x10002784                PB_Init
 .text.GPIO0_IRQHandler
                0x100027b8        0x8 c:/Users/hmche/Desktop/capstone/Maxim_Parking/workspace/Examples/MAX78000/CNN/Car_Detection_w_seg_rgb565/build/pb.o
                0x100027b8                GPIO0_IRQHandler
 .text.GPIO1_IRQHandler
                0x100027c0        0x8 c:/Users/hmche/Desktop/capstone/Maxim_Parking/workspace/Examples/MAX78000/CNN/Car_Detection_w_seg_rgb565/build/pb.o
                0x100027c0                GPIO1_IRQHandler
 .text.GPIO2_IRQHandler
                0x100027c8        0x8 c:/Users/hmche/Desktop/capstone/Maxim_Parking/workspace/Examples/MAX78000/CNN/Car_Detection_w_seg_rgb565/build/pb.o
                0x100027c8                GPIO2_IRQHandler
 .text.PB_Get   0x100027d0       0x44 c:/Users/hmche/Desktop/capstone/Maxim_Parking/workspace/Examples/MAX78000/CNN/Car_Detection_w_seg_rgb565/build/pb.o
                0x100027d0                PB_Get
 .text.get_font_info
                0x10002814       0x40 c:/Users/hmche/Desktop/capstone/Maxim_Parking/workspace/Examples/MAX78000/CNN/Car_Detection_w_seg_rgb565/build/tft.o
 .text.setPalette
                0x10002854       0xcc c:/Users/hmche/Desktop/capstone/Maxim_Parking/workspace/Examples/MAX78000/CNN/Car_Detection_w_seg_rgb565/build/tft.o
 .text.spi_transmit
                0x10002920       0xc4 c:/Users/hmche/Desktop/capstone/Maxim_Parking/workspace/Examples/MAX78000/CNN/Car_Detection_w_seg_rgb565/build/tft.o
 .text.write_data
                0x100029e4       0x34 c:/Users/hmche/Desktop/capstone/Maxim_Parking/workspace/Examples/MAX78000/CNN/Car_Detection_w_seg_rgb565/build/tft.o
 .text.displaySub
                0x10002a18       0xac c:/Users/hmche/Desktop/capstone/Maxim_Parking/workspace/Examples/MAX78000/CNN/Car_Detection_w_seg_rgb565/build/tft.o
 .text.displaySub_Rotated
                0x10002ac4       0xbc c:/Users/hmche/Desktop/capstone/Maxim_Parking/workspace/Examples/MAX78000/CNN/Car_Detection_w_seg_rgb565/build/tft.o
 .text.write_color
                0x10002b80       0x28 c:/Users/hmche/Desktop/capstone/Maxim_Parking/workspace/Examples/MAX78000/CNN/Car_Detection_w_seg_rgb565/build/tft.o
 .text.writeSubBitmap
                0x10002ba8       0xf8 c:/Users/hmche/Desktop/capstone/Maxim_Parking/workspace/Examples/MAX78000/CNN/Car_Detection_w_seg_rgb565/build/tft.o
 .text.get_bitmap_info
                0x10002ca0       0x50 c:/Users/hmche/Desktop/capstone/Maxim_Parking/workspace/Examples/MAX78000/CNN/Car_Detection_w_seg_rgb565/build/tft.o
 .text.MXC_TFT_PrintFont.part.0
                0x10002cf0      0x1e0 c:/Users/hmche/Desktop/capstone/Maxim_Parking/workspace/Examples/MAX78000/CNN/Car_Detection_w_seg_rgb565/build/tft.o
 .text.MXC_TFT_SetRotation
                0x10002ed0       0x30 c:/Users/hmche/Desktop/capstone/Maxim_Parking/workspace/Examples/MAX78000/CNN/Car_Detection_w_seg_rgb565/build/tft.o
                0x10002ed0                MXC_TFT_SetRotation
 .text.MXC_TFT_SetBackGroundColor
                0x10002f00       0xd0 c:/Users/hmche/Desktop/capstone/Maxim_Parking/workspace/Examples/MAX78000/CNN/Car_Detection_w_seg_rgb565/build/tft.o
                0x10002f00                MXC_TFT_SetBackGroundColor
 .text.MXC_TFT_Backlight
                0x10002fd0       0x1c c:/Users/hmche/Desktop/capstone/Maxim_Parking/workspace/Examples/MAX78000/CNN/Car_Detection_w_seg_rgb565/build/tft.o
                0x10002fd0                MXC_TFT_Backlight
 .text.MXC_TFT_Init
                0x10002fec      0x40c c:/Users/hmche/Desktop/capstone/Maxim_Parking/workspace/Examples/MAX78000/CNN/Car_Detection_w_seg_rgb565/build/tft.o
                0x10002fec                MXC_TFT_Init
 .text.MXC_TFT_ClearScreen
                0x100033f8        0xc c:/Users/hmche/Desktop/capstone/Maxim_Parking/workspace/Examples/MAX78000/CNN/Car_Detection_w_seg_rgb565/build/tft.o
                0x100033f8                MXC_TFT_ClearScreen
 .text.MXC_TFT_WritePixel
                0x10003404       0x98 c:/Users/hmche/Desktop/capstone/Maxim_Parking/workspace/Examples/MAX78000/CNN/Car_Detection_w_seg_rgb565/build/tft.o
                0x10003404                MXC_TFT_WritePixel
 .text.MXC_TFT_PrintFont
                0x1000349c       0x1c c:/Users/hmche/Desktop/capstone/Maxim_Parking/workspace/Examples/MAX78000/CNN/Car_Detection_w_seg_rgb565/build/tft.o
                0x1000349c                MXC_TFT_PrintFont
 .text.camera_irq_handler
                0x100034b8      0x13c c:/Users/hmche/Desktop/capstone/Maxim_Parking/workspace/Examples/MAX78000/CNN/Car_Detection_w_seg_rgb565/build/camera.o
                0x100034b8                camera_irq_handler
 .text.stream_callback
                0x100035f4       0xbc c:/Users/hmche/Desktop/capstone/Maxim_Parking/workspace/Examples/MAX78000/CNN/Car_Detection_w_seg_rgb565/build/camera.o
 .text.setup_dma
                0x100036b0       0x84 c:/Users/hmche/Desktop/capstone/Maxim_Parking/workspace/Examples/MAX78000/CNN/Car_Detection_w_seg_rgb565/build/camera.o
 .text.stream_irq_handler
                0x10003734        0x4 c:/Users/hmche/Desktop/capstone/Maxim_Parking/workspace/Examples/MAX78000/CNN/Car_Detection_w_seg_rgb565/build/camera.o
                0x10003734                stream_irq_handler
 .text.camera_init
                0x10003738      0x148 c:/Users/hmche/Desktop/capstone/Maxim_Parking/workspace/Examples/MAX78000/CNN/Car_Detection_w_seg_rgb565/build/camera.o
                0x10003738                camera_init
 .text.camera_setup
                0x10003880      0x1a8 c:/Users/hmche/Desktop/capstone/Maxim_Parking/workspace/Examples/MAX78000/CNN/Car_Detection_w_seg_rgb565/build/camera.o
                0x10003880                camera_setup
 .text.camera_start_capture_image
                0x10003a28       0x3c c:/Users/hmche/Desktop/capstone/Maxim_Parking/workspace/Examples/MAX78000/CNN/Car_Detection_w_seg_rgb565/build/camera.o
                0x10003a28                camera_start_capture_image
 .text.camera_is_image_rcv
                0x10003a64       0x10 c:/Users/hmche/Desktop/capstone/Maxim_Parking/workspace/Examples/MAX78000/CNN/Car_Detection_w_seg_rgb565/build/camera.o
                0x10003a64                camera_is_image_rcv
 .text.camera_get_image
                0x10003a74       0xac c:/Users/hmche/Desktop/capstone/Maxim_Parking/workspace/Examples/MAX78000/CNN/Car_Detection_w_seg_rgb565/build/camera.o
                0x10003a74                camera_get_image
 .text.sccb_init
                0x10003b20       0x2c c:/Users/hmche/Desktop/capstone/Maxim_Parking/workspace/Examples/MAX78000/CNN/Car_Detection_w_seg_rgb565/build/sccb.o
                0x10003b20                sccb_init
 .text          0x10003b4c      0x148 c:/Users/hmche/Desktop/capstone/Maxim_Parking/workspace/Examples/MAX78000/CNN/Car_Detection_w_seg_rgb565/build/startup_max78000.o
                0x10003b4c                Reset_Handler
                0x10003b8a                HardFault_Handler
                0x10003b8c                MemManage_Handler
                0x10003b8e                BusFault_Handler
                0x10003b90                UsageFault_Handler
                0x10003b92                SVC_Handler
                0x10003b94                DebugMon_Handler
                0x10003b96                PendSV_Handler
                0x10003b98                SysTick_Handler
                0x10003b9a                Default_Handler
                0x10003b9c                PF_IRQHandler
                0x10003b9e                WDT0_IRQHandler
                0x10003ba0                RSV02_IRQHandler
                0x10003ba2                RTC_IRQHandler
                0x10003ba4                TRNG_IRQHandler
                0x10003ba6                TMR0_IRQHandler
                0x10003ba8                TMR1_IRQHandler
                0x10003baa                TMR2_IRQHandler
                0x10003bac                TMR3_IRQHandler
                0x10003bae                TMR4_IRQHandler
                0x10003bb0                TMR5_IRQHandler
                0x10003bb2                RSV11_IRQHandler
                0x10003bb4                RSV12_IRQHandler
                0x10003bb6                I2C0_IRQHandler
                0x10003bb8                UART0_IRQHandler
                0x10003bba                UART1_IRQHandler
                0x10003bbc                SPI1_IRQHandler
                0x10003bbe                RSV17_IRQHandler
                0x10003bc0                RSV18_IRQHandler
                0x10003bc2                RSV19_IRQHandler
                0x10003bc4                ADC_IRQHandler
                0x10003bc6                RSV21_IRQHandler
                0x10003bc8                RSV22_IRQHandler
                0x10003bca                FLC0_IRQHandler
                0x10003bd2                RSV27_IRQHandler
                0x10003bd4                DMA0_IRQHandler
                0x10003bd6                DMA1_IRQHandler
                0x10003bd8                DMA2_IRQHandler
                0x10003bda                DMA3_IRQHandler
                0x10003bdc                RSV32_IRQHandler
                0x10003bde                RSV33_IRQHandler
                0x10003be0                UART2_IRQHandler
                0x10003be2                RSV35_IRQHandler
                0x10003be4                I2C1_IRQHandler
                0x10003be6                RSV37_IRQHandler
                0x10003be8                RSV38_IRQHandler
                0x10003bea                RSV39_IRQHandler
                0x10003bec                RSV40_IRQHandler
                0x10003bee                RSV41_IRQHandler
                0x10003bf0                RSV42_IRQHandler
                0x10003bf2                RSV43_IRQHandler
                0x10003bf4                RSV44_IRQHandler
                0x10003bf6                RSV45_IRQHandler
                0x10003bf8                RSV46_IRQHandler
                0x10003bfa                RSV47_IRQHandler
                0x10003bfc                RSV48_IRQHandler
                0x10003bfe                RSV49_IRQHandler
                0x10003c00                RSV50_IRQHandler
                0x10003c02                RSV51_IRQHandler
                0x10003c04                RSV52_IRQHandler
                0x10003c06                WUT_IRQHandler
                0x10003c08                GPIOWAKE_IRQHandler
                0x10003c0a                RSV55_IRQHandler
                0x10003c0c                SPI0_IRQHandler
                0x10003c0e                WDT1_IRQHandler
                0x10003c10                RSV58_IRQHandler
                0x10003c12                PT_IRQHandler
                0x10003c14                RSV60_IRQHandler
                0x10003c16                RSV61_IRQHandler
                0x10003c18                I2C2_IRQHandler
                0x10003c1a                RISCV_IRQHandler
                0x10003c1c                RSV64_IRQHandler
                0x10003c1e                RSV65_IRQHandler
                0x10003c20                RSV66_IRQHandler
                0x10003c22                OWM_IRQHandler
                0x10003c24                RSV68_IRQHandler
                0x10003c26                RSV69_IRQHandler
                0x10003c28                RSV70_IRQHandler
                0x10003c2a                RSV71_IRQHandler
                0x10003c2c                RSV72_IRQHandler
                0x10003c2e                RSV73_IRQHandler
                0x10003c30                RSV74_IRQHandler
                0x10003c32                RSV75_IRQHandler
                0x10003c34                RSV76_IRQHandler
                0x10003c36                RSV77_IRQHandler
                0x10003c38                RSV78_IRQHandler
                0x10003c3a                RSV79_IRQHandler
                0x10003c3c                RSV80_IRQHandler
                0x10003c3e                RSV81_IRQHandler
                0x10003c40                ECC_IRQHandler
                0x10003c42                DVS_IRQHandler
                0x10003c44                SIMO_IRQHandler
                0x10003c46                RSV85_IRQHandler
                0x10003c48                RSV86_IRQHandler
                0x10003c4a                RSV87_IRQHandler
                0x10003c4c                UART3_IRQHandler
                0x10003c4e                RSV89_IRQHandler
                0x10003c50                RSV90_IRQHandler
                0x10003c52                PCIF_IRQHandler
                0x10003c54                RSV92_IRQHandler
                0x10003c56                RSV93_IRQHandler
                0x10003c58                RSV94_IRQHandler
                0x10003c5a                RSV95_IRQHandler
                0x10003c5c                RSV96_IRQHandler
                0x10003c5e                AES_IRQHandler
                0x10003c60                RSV98_IRQHandler
                0x10003c62                I2S_IRQHandler
                0x10003c64                CNN_FIFO_IRQHandler
                0x10003c66                CNN_IRQHandler
                0x10003c68                RSV102_IRQHandler
                0x10003c6a                LPCMP_IRQHandler
 .text._sbrk    0x10003c94       0x40 c:/Users/hmche/Desktop/capstone/Maxim_Parking/workspace/Examples/MAX78000/CNN/Car_Detection_w_seg_rgb565/build/heap.o
                0x10003c94                _sbrk
 .text.SystemCoreClockUpdate
                0x10003cd4       0x68 c:/Users/hmche/Desktop/capstone/Maxim_Parking/workspace/Examples/MAX78000/CNN/Car_Detection_w_seg_rgb565/build/system_max78000.o
                0x10003cd4                SystemCoreClockUpdate
 .text.PreInit  0x10003d3c        0x4 c:/Users/hmche/Desktop/capstone/Maxim_Parking/workspace/Examples/MAX78000/CNN/Car_Detection_w_seg_rgb565/build/system_max78000.o
                0x10003d3c                PreInit
 .text.SystemInit
                0x10003d40       0x38 c:/Users/hmche/Desktop/capstone/Maxim_Parking/workspace/Examples/MAX78000/CNN/Car_Detection_w_seg_rgb565/build/system_max78000.o
                0x10003d40                SystemInit
 .text.MXC_DelayInit
                0x10003d78       0x80 c:/MaximSDK/Libraries/PeriphDrivers/bin/MAX78000/softfp/libPeriphDriver_softfp.a(mxc_delay.o)
 .text.MXC_DelayAsync
                0x10003df8       0x3c c:/MaximSDK/Libraries/PeriphDrivers/bin/MAX78000/softfp/libPeriphDriver_softfp.a(mxc_delay.o)
                0x10003df8                MXC_DelayAsync
 .text.MXC_DelayAbort
                0x10003e34       0x34 c:/MaximSDK/Libraries/PeriphDrivers/bin/MAX78000/softfp/libPeriphDriver_softfp.a(mxc_delay.o)
                0x10003e34                MXC_DelayAbort
 .text.MXC_DelayCheck
                0x10003e68       0x58 c:/MaximSDK/Libraries/PeriphDrivers/bin/MAX78000/softfp/libPeriphDriver_softfp.a(mxc_delay.o)
                0x10003e68                MXC_DelayCheck
 .text.MXC_Delay
                0x10003ec0       0x4c c:/MaximSDK/Libraries/PeriphDrivers/bin/MAX78000/softfp/libPeriphDriver_softfp.a(mxc_delay.o)
                0x10003ec0                MXC_Delay
 .text.MXC_SYS_IsClockEnabled
                0x10003f0c       0x34 c:/MaximSDK/Libraries/PeriphDrivers/bin/MAX78000/softfp/libPeriphDriver_softfp.a(sys_ai85.o)
                0x10003f0c                MXC_SYS_IsClockEnabled
 .text.MXC_SYS_ClockDisable
                0x10003f40       0x44 c:/MaximSDK/Libraries/PeriphDrivers/bin/MAX78000/softfp/libPeriphDriver_softfp.a(sys_ai85.o)
                0x10003f40                MXC_SYS_ClockDisable
 .text.MXC_SYS_ClockEnable
                0x10003f84       0x4c c:/MaximSDK/Libraries/PeriphDrivers/bin/MAX78000/softfp/libPeriphDriver_softfp.a(sys_ai85.o)
                0x10003f84                MXC_SYS_ClockEnable
 .text.MXC_SYS_Clock_Timeout
                0x10003fd0       0x2e c:/MaximSDK/Libraries/PeriphDrivers/bin/MAX78000/softfp/libPeriphDriver_softfp.a(sys_ai85.o)
                0x10003fd0                MXC_SYS_Clock_Timeout
 .text.MXC_SYS_ClockSourceEnable
                0x10003ffe       0x6c c:/MaximSDK/Libraries/PeriphDrivers/bin/MAX78000/softfp/libPeriphDriver_softfp.a(sys_ai85.o)
                0x10003ffe                MXC_SYS_ClockSourceEnable
 .text.MXC_SYS_Clock_Select
                0x1000406a       0xde c:/MaximSDK/Libraries/PeriphDrivers/bin/MAX78000/softfp/libPeriphDriver_softfp.a(sys_ai85.o)
                0x1000406a                MXC_SYS_Clock_Select
 .text.MXC_SYS_Reset_Periph
                0x10004148       0x3c c:/MaximSDK/Libraries/PeriphDrivers/bin/MAX78000/softfp/libPeriphDriver_softfp.a(sys_ai85.o)
                0x10004148                MXC_SYS_Reset_Periph
 .text.NVIC_SetRAM
                0x10004184       0x24 c:/MaximSDK/Libraries/PeriphDrivers/bin/MAX78000/softfp/libPeriphDriver_softfp.a(nvic_table.o)
                0x10004184                NVIC_SetRAM
 .text.NVIC_SetVector
                0x100041a8       0x3c c:/MaximSDK/Libraries/PeriphDrivers/bin/MAX78000/softfp/libPeriphDriver_softfp.a(nvic_table.o)
                0x100041a8                NVIC_SetVector
 .text.MXC_PCIF_Init
                0x100041e4       0x68 c:/MaximSDK/Libraries/PeriphDrivers/bin/MAX78000/softfp/libPeriphDriver_softfp.a(cameraif_ai85.o)
                0x100041e4                MXC_PCIF_Init
 .text.MXC_PCIF_SetDataWidth
                0x1000424c        0xc c:/MaximSDK/Libraries/PeriphDrivers/bin/MAX78000/softfp/libPeriphDriver_softfp.a(cameraif_ai85.o)
                0x1000424c                MXC_PCIF_SetDataWidth
 .text.MXC_PCIF_SetTimingSel
                0x10004258        0xc c:/MaximSDK/Libraries/PeriphDrivers/bin/MAX78000/softfp/libPeriphDriver_softfp.a(cameraif_ai85.o)
                0x10004258                MXC_PCIF_SetTimingSel
 .text.MXC_PCIF_SetThreshold
                0x10004264        0xc c:/MaximSDK/Libraries/PeriphDrivers/bin/MAX78000/softfp/libPeriphDriver_softfp.a(cameraif_ai85.o)
                0x10004264                MXC_PCIF_SetThreshold
 .text.MXC_PCIF_EnableInt
                0x10004270        0xc c:/MaximSDK/Libraries/PeriphDrivers/bin/MAX78000/softfp/libPeriphDriver_softfp.a(cameraif_ai85.o)
                0x10004270                MXC_PCIF_EnableInt
 .text.MXC_PCIF_DisableInt
                0x1000427c        0xc c:/MaximSDK/Libraries/PeriphDrivers/bin/MAX78000/softfp/libPeriphDriver_softfp.a(cameraif_ai85.o)
                0x1000427c                MXC_PCIF_DisableInt
 .text.MXC_PCIF_Start
                0x10004288        0xc c:/MaximSDK/Libraries/PeriphDrivers/bin/MAX78000/softfp/libPeriphDriver_softfp.a(cameraif_ai85.o)
                0x10004288                MXC_PCIF_Start
 .text.MXC_PCIF_RevA_SetDatawidth
                0x10004294       0x12 c:/MaximSDK/Libraries/PeriphDrivers/bin/MAX78000/softfp/libPeriphDriver_softfp.a(cameraif_reva.o)
                0x10004294                MXC_PCIF_RevA_SetDatawidth
 .text.MXC_PCIF_RevA_SetTimingSel
                0x100042a6       0x12 c:/MaximSDK/Libraries/PeriphDrivers/bin/MAX78000/softfp/libPeriphDriver_softfp.a(cameraif_reva.o)
                0x100042a6                MXC_PCIF_RevA_SetTimingSel
 .text.MXC_PCIF_RevA_SetThreshold
                0x100042b8       0x16 c:/MaximSDK/Libraries/PeriphDrivers/bin/MAX78000/softfp/libPeriphDriver_softfp.a(cameraif_reva.o)
                0x100042b8                MXC_PCIF_RevA_SetThreshold
 .text.MXC_PCIF_RevA_EnableInt
                0x100042ce        0xc c:/MaximSDK/Libraries/PeriphDrivers/bin/MAX78000/softfp/libPeriphDriver_softfp.a(cameraif_reva.o)
                0x100042ce                MXC_PCIF_RevA_EnableInt
 .text.MXC_PCIF_RevA_DisableInt
                0x100042da        0xe c:/MaximSDK/Libraries/PeriphDrivers/bin/MAX78000/softfp/libPeriphDriver_softfp.a(cameraif_reva.o)
                0x100042da                MXC_PCIF_RevA_DisableInt
 .text.MXC_PCIF_RevA_Start
                0x100042e8       0x14 c:/MaximSDK/Libraries/PeriphDrivers/bin/MAX78000/softfp/libPeriphDriver_softfp.a(cameraif_reva.o)
                0x100042e8                MXC_PCIF_RevA_Start
 .text.MXC_DMA_Init
                0x100042fc       0x28 c:/MaximSDK/Libraries/PeriphDrivers/bin/MAX78000/softfp/libPeriphDriver_softfp.a(dma_me17.o)
                0x100042fc                MXC_DMA_Init
 .text.MXC_DMA_AcquireChannel
                0x10004324        0xc c:/MaximSDK/Libraries/PeriphDrivers/bin/MAX78000/softfp/libPeriphDriver_softfp.a(dma_me17.o)
                0x10004324                MXC_DMA_AcquireChannel
 .text.MXC_DMA_SetCallback
                0x10004330        0x4 c:/MaximSDK/Libraries/PeriphDrivers/bin/MAX78000/softfp/libPeriphDriver_softfp.a(dma_me17.o)
                0x10004330                MXC_DMA_SetCallback
 .text.MXC_DMA_ChannelClearFlags
                0x10004334        0x4 c:/MaximSDK/Libraries/PeriphDrivers/bin/MAX78000/softfp/libPeriphDriver_softfp.a(dma_me17.o)
                0x10004334                MXC_DMA_ChannelClearFlags
 .text.MXC_DMA_Handler
                0x10004338        0xc c:/MaximSDK/Libraries/PeriphDrivers/bin/MAX78000/softfp/libPeriphDriver_softfp.a(dma_me17.o)
                0x10004338                MXC_DMA_Handler
 .text.MXC_DMA_RevA_Init
                0x10004344       0x8c c:/MaximSDK/Libraries/PeriphDrivers/bin/MAX78000/softfp/libPeriphDriver_softfp.a(dma_reva.o)
                0x10004344                MXC_DMA_RevA_Init
 .text.MXC_DMA_RevA_AcquireChannel
                0x100043d0       0x6c c:/MaximSDK/Libraries/PeriphDrivers/bin/MAX78000/softfp/libPeriphDriver_softfp.a(dma_reva.o)
                0x100043d0                MXC_DMA_RevA_AcquireChannel
 .text.MXC_DMA_RevA_SetCallback
                0x1000443c       0x20 c:/MaximSDK/Libraries/PeriphDrivers/bin/MAX78000/softfp/libPeriphDriver_softfp.a(dma_reva.o)
                0x1000443c                MXC_DMA_RevA_SetCallback
 .text.MXC_DMA_RevA_ChannelGetFlags
                0x1000445c       0x20 c:/MaximSDK/Libraries/PeriphDrivers/bin/MAX78000/softfp/libPeriphDriver_softfp.a(dma_reva.o)
                0x1000445c                MXC_DMA_RevA_ChannelGetFlags
 .text.MXC_DMA_RevA_ChannelClearFlags
                0x1000447c       0x2c c:/MaximSDK/Libraries/PeriphDrivers/bin/MAX78000/softfp/libPeriphDriver_softfp.a(dma_reva.o)
                0x1000447c                MXC_DMA_RevA_ChannelClearFlags
 .text.MXC_DMA_RevA_Handler
                0x100044a8       0x64 c:/MaximSDK/Libraries/PeriphDrivers/bin/MAX78000/softfp/libPeriphDriver_softfp.a(dma_reva.o)
                0x100044a8                MXC_DMA_RevA_Handler
 .text.MXC_GPIO_Init
                0x1000450c       0x28 c:/MaximSDK/Libraries/PeriphDrivers/bin/MAX78000/softfp/libPeriphDriver_softfp.a(gpio_ai85.o)
                0x1000450c                MXC_GPIO_Init
 .text.MXC_GPIO_Config
                0x10004534      0x178 c:/MaximSDK/Libraries/PeriphDrivers/bin/MAX78000/softfp/libPeriphDriver_softfp.a(gpio_ai85.o)
                0x10004534                MXC_GPIO_Config
 .text.MXC_GPIO_InGet
                0x100046ac       0x4c c:/MaximSDK/Libraries/PeriphDrivers/bin/MAX78000/softfp/libPeriphDriver_softfp.a(gpio_ai85.o)
                0x100046ac                MXC_GPIO_InGet
 .text.MXC_GPIO_OutSet
                0x100046f8       0x34 c:/MaximSDK/Libraries/PeriphDrivers/bin/MAX78000/softfp/libPeriphDriver_softfp.a(gpio_ai85.o)
                0x100046f8                MXC_GPIO_OutSet
 .text.MXC_GPIO_OutClr
                0x1000472c       0x34 c:/MaximSDK/Libraries/PeriphDrivers/bin/MAX78000/softfp/libPeriphDriver_softfp.a(gpio_ai85.o)
                0x1000472c                MXC_GPIO_OutClr
 .text.MXC_GPIO_Handler
                0x10004760        0x4 c:/MaximSDK/Libraries/PeriphDrivers/bin/MAX78000/softfp/libPeriphDriver_softfp.a(gpio_ai85.o)
                0x10004760                MXC_GPIO_Handler
 .text.MXC_GPIO_ClearFlags
                0x10004764        0x4 c:/MaximSDK/Libraries/PeriphDrivers/bin/MAX78000/softfp/libPeriphDriver_softfp.a(gpio_ai85.o)
                0x10004764                MXC_GPIO_ClearFlags
 .text.MXC_GPIO_GetFlags
                0x10004768        0x4 c:/MaximSDK/Libraries/PeriphDrivers/bin/MAX78000/softfp/libPeriphDriver_softfp.a(gpio_ai85.o)
                0x10004768                MXC_GPIO_GetFlags
 .text.MXC_GPIO_SetVSSEL
                0x1000476c        0x4 c:/MaximSDK/Libraries/PeriphDrivers/bin/MAX78000/softfp/libPeriphDriver_softfp.a(gpio_ai85.o)
                0x1000476c                MXC_GPIO_SetVSSEL
 .text.MXC_GPIO_RevA_InGet
                0x10004770        0x6 c:/MaximSDK/Libraries/PeriphDrivers/bin/MAX78000/softfp/libPeriphDriver_softfp.a(gpio_reva.o)
                0x10004770                MXC_GPIO_RevA_InGet
 .text.MXC_GPIO_RevA_OutSet
                0x10004776        0x4 c:/MaximSDK/Libraries/PeriphDrivers/bin/MAX78000/softfp/libPeriphDriver_softfp.a(gpio_reva.o)
                0x10004776                MXC_GPIO_RevA_OutSet
 .text.MXC_GPIO_RevA_OutClr
                0x1000477a        0x4 c:/MaximSDK/Libraries/PeriphDrivers/bin/MAX78000/softfp/libPeriphDriver_softfp.a(gpio_reva.o)
                0x1000477a                MXC_GPIO_RevA_OutClr
 .text.MXC_GPIO_RevA_ClearFlags
                0x1000477e        0x4 c:/MaximSDK/Libraries/PeriphDrivers/bin/MAX78000/softfp/libPeriphDriver_softfp.a(gpio_reva.o)
                0x1000477e                MXC_GPIO_RevA_ClearFlags
 .text.MXC_GPIO_RevA_GetFlags
                0x10004782        0x4 c:/MaximSDK/Libraries/PeriphDrivers/bin/MAX78000/softfp/libPeriphDriver_softfp.a(gpio_reva.o)
                0x10004782                MXC_GPIO_RevA_GetFlags
 .text.MXC_GPIO_RevA_SetVSSEL
                0x10004786       0x24 c:/MaximSDK/Libraries/PeriphDrivers/bin/MAX78000/softfp/libPeriphDriver_softfp.a(gpio_reva.o)
                0x10004786                MXC_GPIO_RevA_SetVSSEL
 .text.MXC_GPIO_RevA_SetAF
                0x100047aa       0x3c c:/MaximSDK/Libraries/PeriphDrivers/bin/MAX78000/softfp/libPeriphDriver_softfp.a(gpio_reva.o)
                0x100047aa                MXC_GPIO_RevA_SetAF
 .text.MXC_ICC_Enable
                0x100047e6        0x4 c:/MaximSDK/Libraries/PeriphDrivers/bin/MAX78000/softfp/libPeriphDriver_softfp.a(icc_me17.o)
                0x100047e6                MXC_ICC_Enable
 .text.MXC_ICC_RevA_Enable
                0x100047ea       0x30 c:/MaximSDK/Libraries/PeriphDrivers/bin/MAX78000/softfp/libPeriphDriver_softfp.a(icc_reva.o)
                0x100047ea                MXC_ICC_RevA_Enable
 *fill*         0x1000481a        0x2 
 .text.MXC_PT_Init
                0x1000481c       0x90 c:/MaximSDK/Libraries/PeriphDrivers/bin/MAX78000/softfp/libPeriphDriver_softfp.a(pt_me17.o)
                0x1000481c                MXC_PT_Init
 .text.MXC_PT_Config
                0x100048ac       0x4c c:/MaximSDK/Libraries/PeriphDrivers/bin/MAX78000/softfp/libPeriphDriver_softfp.a(pt_me17.o)
                0x100048ac                MXC_PT_Config
 .text.MXC_PT_SqrWaveConfig
                0x100048f8       0x20 c:/MaximSDK/Libraries/PeriphDrivers/bin/MAX78000/softfp/libPeriphDriver_softfp.a(pt_me17.o)
                0x100048f8                MXC_PT_SqrWaveConfig
 .text.MXC_PT_Start
                0x10004918        0xc c:/MaximSDK/Libraries/PeriphDrivers/bin/MAX78000/softfp/libPeriphDriver_softfp.a(pt_me17.o)
                0x10004918                MXC_PT_Start
 .text.MXC_PT_IsActive
                0x10004924        0xc c:/MaximSDK/Libraries/PeriphDrivers/bin/MAX78000/softfp/libPeriphDriver_softfp.a(pt_me17.o)
                0x10004924                MXC_PT_IsActive
 .text.MXC_PT_RevA_Init
                0x10004930        0xa c:/MaximSDK/Libraries/PeriphDrivers/bin/MAX78000/softfp/libPeriphDriver_softfp.a(pt_reva.o)
                0x10004930                MXC_PT_RevA_Init
 *fill*         0x1000493a        0x2 
 .text.MXC_PT_RevA_Config
                0x1000493c       0xb8 c:/MaximSDK/Libraries/PeriphDrivers/bin/MAX78000/softfp/libPeriphDriver_softfp.a(pt_reva.o)
                0x1000493c                MXC_PT_RevA_Config
 .text.MXC_PT_RevA_SqrWaveConfig
                0x100049f4       0x14 c:/MaximSDK/Libraries/PeriphDrivers/bin/MAX78000/softfp/libPeriphDriver_softfp.a(pt_reva.o)
                0x100049f4                MXC_PT_RevA_SqrWaveConfig
 .text.MXC_PT_RevA_Start
                0x10004a08       0x10 c:/MaximSDK/Libraries/PeriphDrivers/bin/MAX78000/softfp/libPeriphDriver_softfp.a(pt_reva.o)
                0x10004a08                MXC_PT_RevA_Start
 .text.MXC_PT_RevA_IsActive
                0x10004a18        0xc c:/MaximSDK/Libraries/PeriphDrivers/bin/MAX78000/softfp/libPeriphDriver_softfp.a(pt_reva.o)
                0x10004a18                MXC_PT_RevA_IsActive
 .text.MXC_SPI_Init
                0x10004a24      0x1b8 c:/MaximSDK/Libraries/PeriphDrivers/bin/MAX78000/softfp/libPeriphDriver_softfp.a(spi_me17.o)
                0x10004a24                MXC_SPI_Init
 .text.MXC_SPI_GetPeripheralClock
                0x10004bdc       0x74 c:/MaximSDK/Libraries/PeriphDrivers/bin/MAX78000/softfp/libPeriphDriver_softfp.a(spi_me17.o)
                0x10004bdc                MXC_SPI_GetPeripheralClock
 .text.MXC_SPI_SetFrequency
                0x10004c50        0x4 c:/MaximSDK/Libraries/PeriphDrivers/bin/MAX78000/softfp/libPeriphDriver_softfp.a(spi_me17.o)
                0x10004c50                MXC_SPI_SetFrequency
 .text.MXC_SPI_SetDataSize
                0x10004c54        0x4 c:/MaximSDK/Libraries/PeriphDrivers/bin/MAX78000/softfp/libPeriphDriver_softfp.a(spi_me17.o)
                0x10004c54                MXC_SPI_SetDataSize
 .text.MXC_SPI_SetWidth
                0x10004c58        0x4 c:/MaximSDK/Libraries/PeriphDrivers/bin/MAX78000/softfp/libPeriphDriver_softfp.a(spi_me17.o)
                0x10004c58                MXC_SPI_SetWidth
 .text.MXC_SPI_RevA_Init
                0x10004c5c       0xd0 c:/MaximSDK/Libraries/PeriphDrivers/bin/MAX78000/softfp/libPeriphDriver_softfp.a(spi_reva.o)
                0x10004c5c                MXC_SPI_RevA_Init
 .text.MXC_SPI_RevA_SetFrequency
                0x10004d2c       0x70 c:/MaximSDK/Libraries/PeriphDrivers/bin/MAX78000/softfp/libPeriphDriver_softfp.a(spi_reva.o)
                0x10004d2c                MXC_SPI_RevA_SetFrequency
 .text.MXC_SPI_RevA_SetDataSize
                0x10004d9c       0x94 c:/MaximSDK/Libraries/PeriphDrivers/bin/MAX78000/softfp/libPeriphDriver_softfp.a(spi_reva.o)
                0x10004d9c                MXC_SPI_RevA_SetDataSize
 .text.MXC_SPI_RevA_SetWidth
                0x10004e30       0x60 c:/MaximSDK/Libraries/PeriphDrivers/bin/MAX78000/softfp/libPeriphDriver_softfp.a(spi_reva.o)
                0x10004e30                MXC_SPI_RevA_SetWidth
 .text.MXC_TMR_Init
                0x10004e90      0x1d0 c:/MaximSDK/Libraries/PeriphDrivers/bin/MAX78000/softfp/libPeriphDriver_softfp.a(tmr_ai85.o)
                0x10004e90                MXC_TMR_Init
 .text.MXC_TMR_Start
                0x10005060        0x4 c:/MaximSDK/Libraries/PeriphDrivers/bin/MAX78000/softfp/libPeriphDriver_softfp.a(tmr_ai85.o)
                0x10005060                MXC_TMR_Start
 .text.MXC_TMR_Stop
                0x10005064        0x4 c:/MaximSDK/Libraries/PeriphDrivers/bin/MAX78000/softfp/libPeriphDriver_softfp.a(tmr_ai85.o)
                0x10005064                MXC_TMR_Stop
 .text.MXC_TMR_ClearFlags
                0x10005068        0x4 c:/MaximSDK/Libraries/PeriphDrivers/bin/MAX78000/softfp/libPeriphDriver_softfp.a(tmr_ai85.o)
                0x10005068                MXC_TMR_ClearFlags
 .text.MXC_TMR_SetCount
                0x1000506c        0x4 c:/MaximSDK/Libraries/PeriphDrivers/bin/MAX78000/softfp/libPeriphDriver_softfp.a(tmr_ai85.o)
                0x1000506c                MXC_TMR_SetCount
 .text.MXC_TMR_TO_Start
                0x10005070        0x4 c:/MaximSDK/Libraries/PeriphDrivers/bin/MAX78000/softfp/libPeriphDriver_softfp.a(tmr_ai85.o)
                0x10005070                MXC_TMR_TO_Start
 .text.MXC_TMR_TO_Stop
                0x10005074        0x4 c:/MaximSDK/Libraries/PeriphDrivers/bin/MAX78000/softfp/libPeriphDriver_softfp.a(tmr_ai85.o)
                0x10005074                MXC_TMR_TO_Stop
 .text.MXC_TMR_TO_Elapsed
                0x10005078        0x4 c:/MaximSDK/Libraries/PeriphDrivers/bin/MAX78000/softfp/libPeriphDriver_softfp.a(tmr_ai85.o)
                0x10005078                MXC_TMR_TO_Elapsed
 .text.MXC_TMR_SW_Start
                0x1000507c        0x4 c:/MaximSDK/Libraries/PeriphDrivers/bin/MAX78000/softfp/libPeriphDriver_softfp.a(tmr_ai85.o)
                0x1000507c                MXC_TMR_SW_Start
 .text.MXC_TMR_SW_Stop
                0x10005080        0x4 c:/MaximSDK/Libraries/PeriphDrivers/bin/MAX78000/softfp/libPeriphDriver_softfp.a(tmr_ai85.o)
                0x10005080                MXC_TMR_SW_Stop
 .text.MXC_TMR_GetTime
                0x10005084        0x4 c:/MaximSDK/Libraries/PeriphDrivers/bin/MAX78000/softfp/libPeriphDriver_softfp.a(tmr_ai85.o)
                0x10005084                MXC_TMR_GetTime
 .text.MXC_TMR_RevB_ConfigGeneric
                0x10005088       0xd4 c:/MaximSDK/Libraries/PeriphDrivers/bin/MAX78000/softfp/libPeriphDriver_softfp.a(tmr_revb.o)
                0x10005088                MXC_TMR_RevB_ConfigGeneric
 .text.MXC_TMR_RevB_Init
                0x1000515c       0xc0 c:/MaximSDK/Libraries/PeriphDrivers/bin/MAX78000/softfp/libPeriphDriver_softfp.a(tmr_revb.o)
                0x1000515c                MXC_TMR_RevB_Init
 .text.MXC_TMR_RevB_Start
                0x1000521c       0x5c c:/MaximSDK/Libraries/PeriphDrivers/bin/MAX78000/softfp/libPeriphDriver_softfp.a(tmr_revb.o)
                0x1000521c                MXC_TMR_RevB_Start
 .text.MXC_TMR_RevB_Stop
                0x10005278       0x58 c:/MaximSDK/Libraries/PeriphDrivers/bin/MAX78000/softfp/libPeriphDriver_softfp.a(tmr_revb.o)
                0x10005278                MXC_TMR_RevB_Stop
 .text.MXC_TMR_RevB_ClearFlags
                0x100052d0       0x58 c:/MaximSDK/Libraries/PeriphDrivers/bin/MAX78000/softfp/libPeriphDriver_softfp.a(tmr_revb.o)
                0x100052d0                MXC_TMR_RevB_ClearFlags
 .text.MXC_TMR_RevB_SetCount
                0x10005328       0x5c c:/MaximSDK/Libraries/PeriphDrivers/bin/MAX78000/softfp/libPeriphDriver_softfp.a(tmr_revb.o)
                0x10005328                MXC_TMR_RevB_SetCount
 .text.MXC_TMR_RevB_TO_Start
                0x10005384       0xd0 c:/MaximSDK/Libraries/PeriphDrivers/bin/MAX78000/softfp/libPeriphDriver_softfp.a(tmr_revb.o)
                0x10005384                MXC_TMR_RevB_TO_Start
 .text.MXC_TMR_RevB_GetTime
                0x10005454      0x11c c:/MaximSDK/Libraries/PeriphDrivers/bin/MAX78000/softfp/libPeriphDriver_softfp.a(tmr_revb.o)
                0x10005454                MXC_TMR_RevB_GetTime
 .text.MXC_UART_GetFrequency.part.0
                0x10005570       0x54 c:/MaximSDK/Libraries/PeriphDrivers/bin/MAX78000/softfp/libPeriphDriver_softfp.a(uart_ai85.o)
 .text.MXC_UART_Shutdown
                0x100055c4       0x60 c:/MaximSDK/Libraries/PeriphDrivers/bin/MAX78000/softfp/libPeriphDriver_softfp.a(uart_ai85.o)
                0x100055c4                MXC_UART_Shutdown
 .text.MXC_UART_Init
                0x10005624       0x98 c:/MaximSDK/Libraries/PeriphDrivers/bin/MAX78000/softfp/libPeriphDriver_softfp.a(uart_ai85.o)
                0x10005624                MXC_UART_Init
 .text.MXC_UART_SetFrequency
                0x100056bc       0xb8 c:/MaximSDK/Libraries/PeriphDrivers/bin/MAX78000/softfp/libPeriphDriver_softfp.a(uart_ai85.o)
                0x100056bc                MXC_UART_SetFrequency
 .text.MXC_UART_GetFrequency
                0x10005774       0x30 c:/MaximSDK/Libraries/PeriphDrivers/bin/MAX78000/softfp/libPeriphDriver_softfp.a(uart_ai85.o)
                0x10005774                MXC_UART_GetFrequency
 .text.MXC_UART_SetDataSize
                0x100057a4        0x4 c:/MaximSDK/Libraries/PeriphDrivers/bin/MAX78000/softfp/libPeriphDriver_softfp.a(uart_ai85.o)
                0x100057a4                MXC_UART_SetDataSize
 .text.MXC_UART_SetStopBits
                0x100057a8        0x4 c:/MaximSDK/Libraries/PeriphDrivers/bin/MAX78000/softfp/libPeriphDriver_softfp.a(uart_ai85.o)
                0x100057a8                MXC_UART_SetStopBits
 .text.MXC_UART_SetParity
                0x100057ac        0x4 c:/MaximSDK/Libraries/PeriphDrivers/bin/MAX78000/softfp/libPeriphDriver_softfp.a(uart_ai85.o)
                0x100057ac                MXC_UART_SetParity
 .text.MXC_UART_ReadCharacterRaw
                0x100057b0        0x4 c:/MaximSDK/Libraries/PeriphDrivers/bin/MAX78000/softfp/libPeriphDriver_softfp.a(uart_ai85.o)
                0x100057b0                MXC_UART_ReadCharacterRaw
 .text.MXC_UART_WriteCharacterRaw
                0x100057b4        0x4 c:/MaximSDK/Libraries/PeriphDrivers/bin/MAX78000/softfp/libPeriphDriver_softfp.a(uart_ai85.o)
                0x100057b4                MXC_UART_WriteCharacterRaw
 .text.MXC_UART_ReadCharacter
                0x100057b8        0x4 c:/MaximSDK/Libraries/PeriphDrivers/bin/MAX78000/softfp/libPeriphDriver_softfp.a(uart_ai85.o)
                0x100057b8                MXC_UART_ReadCharacter
 .text.MXC_UART_WriteCharacter
                0x100057bc        0x4 c:/MaximSDK/Libraries/PeriphDrivers/bin/MAX78000/softfp/libPeriphDriver_softfp.a(uart_ai85.o)
                0x100057bc                MXC_UART_WriteCharacter
 .text.MXC_UART_GetRXFIFOAvailable
                0x100057c0        0x4 c:/MaximSDK/Libraries/PeriphDrivers/bin/MAX78000/softfp/libPeriphDriver_softfp.a(uart_ai85.o)
                0x100057c0                MXC_UART_GetRXFIFOAvailable
 .text.MXC_UART_GetTXFIFOAvailable
                0x100057c4        0x4 c:/MaximSDK/Libraries/PeriphDrivers/bin/MAX78000/softfp/libPeriphDriver_softfp.a(uart_ai85.o)
                0x100057c4                MXC_UART_GetTXFIFOAvailable
 .text.MXC_UART_SetRXThreshold
                0x100057c8        0x4 c:/MaximSDK/Libraries/PeriphDrivers/bin/MAX78000/softfp/libPeriphDriver_softfp.a(uart_ai85.o)
                0x100057c8                MXC_UART_SetRXThreshold
 .text.MXC_UART_Common_ReadCharacter
                0x100057cc       0x18 c:/MaximSDK/Libraries/PeriphDrivers/bin/MAX78000/softfp/libPeriphDriver_softfp.a(uart_common.o)
                0x100057cc                MXC_UART_Common_ReadCharacter
 .text.MXC_UART_Common_WriteCharacter
                0x100057e4       0x1e c:/MaximSDK/Libraries/PeriphDrivers/bin/MAX78000/softfp/libPeriphDriver_softfp.a(uart_common.o)
                0x100057e4                MXC_UART_Common_WriteCharacter
 *fill*         0x10005802        0x2 
 .text.MXC_UART_RevB_Init
                0x10005804       0x68 c:/MaximSDK/Libraries/PeriphDrivers/bin/MAX78000/softfp/libPeriphDriver_softfp.a(uart_revb.o)
                0x10005804                MXC_UART_RevB_Init
 .text.MXC_UART_RevB_SetFrequency
                0x1000586c       0x88 c:/MaximSDK/Libraries/PeriphDrivers/bin/MAX78000/softfp/libPeriphDriver_softfp.a(uart_revb.o)
                0x1000586c                MXC_UART_RevB_SetFrequency
 .text.MXC_UART_RevB_GetFrequency
                0x100058f4       0x68 c:/MaximSDK/Libraries/PeriphDrivers/bin/MAX78000/softfp/libPeriphDriver_softfp.a(uart_revb.o)
                0x100058f4                MXC_UART_RevB_GetFrequency
 .text.MXC_UART_RevB_SetDataSize
                0x1000595c       0x40 c:/MaximSDK/Libraries/PeriphDrivers/bin/MAX78000/softfp/libPeriphDriver_softfp.a(uart_revb.o)
                0x1000595c                MXC_UART_RevB_SetDataSize
 .text.MXC_UART_RevB_SetStopBits
                0x1000599c       0x44 c:/MaximSDK/Libraries/PeriphDrivers/bin/MAX78000/softfp/libPeriphDriver_softfp.a(uart_revb.o)
                0x1000599c                MXC_UART_RevB_SetStopBits
 .text.MXC_UART_RevB_SetParity
                0x100059e0       0x94 c:/MaximSDK/Libraries/PeriphDrivers/bin/MAX78000/softfp/libPeriphDriver_softfp.a(uart_revb.o)
                0x100059e0                MXC_UART_RevB_SetParity
 .text.MXC_UART_RevB_ReadCharacterRaw
                0x10005a74       0x38 c:/MaximSDK/Libraries/PeriphDrivers/bin/MAX78000/softfp/libPeriphDriver_softfp.a(uart_revb.o)
                0x10005a74                MXC_UART_RevB_ReadCharacterRaw
 .text.MXC_UART_RevB_WriteCharacterRaw
                0x10005aac       0x3c c:/MaximSDK/Libraries/PeriphDrivers/bin/MAX78000/softfp/libPeriphDriver_softfp.a(uart_revb.o)
                0x10005aac                MXC_UART_RevB_WriteCharacterRaw
 .text.MXC_UART_RevB_GetRXFIFOAvailable
                0x10005ae8        0x8 c:/MaximSDK/Libraries/PeriphDrivers/bin/MAX78000/softfp/libPeriphDriver_softfp.a(uart_revb.o)
                0x10005ae8                MXC_UART_RevB_GetRXFIFOAvailable
 .text.MXC_UART_RevB_GetTXFIFOAvailable
                0x10005af0        0xc c:/MaximSDK/Libraries/PeriphDrivers/bin/MAX78000/softfp/libPeriphDriver_softfp.a(uart_revb.o)
                0x10005af0                MXC_UART_RevB_GetTXFIFOAvailable
 .text.MXC_UART_RevB_SetRXThreshold
                0x10005afc       0x3c c:/MaximSDK/Libraries/PeriphDrivers/bin/MAX78000/softfp/libPeriphDriver_softfp.a(uart_revb.o)
                0x10005afc                MXC_UART_RevB_SetRXThreshold
 .text.MXC_GetLock
                0x10005b38       0x1c c:/MaximSDK/Libraries/PeriphDrivers/bin/MAX78000/softfp/libPeriphDriver_softfp.a(mxc_lock.o)
                0x10005b38                MXC_GetLock
 .text.MXC_FreeLock
                0x10005b54        0xa c:/MaximSDK/Libraries/PeriphDrivers/bin/MAX78000/softfp/libPeriphDriver_softfp.a(mxc_lock.o)
                0x10005b54                MXC_FreeLock
 *fill*         0x10005b5e        0x2 
 .text.MXC_GPIO_Common_Init
                0x10005b60       0x34 c:/MaximSDK/Libraries/PeriphDrivers/bin/MAX78000/softfp/libPeriphDriver_softfp.a(gpio_common.o)
                0x10005b60                MXC_GPIO_Common_Init
 .text.MXC_GPIO_Common_Handler
                0x10005b94       0x84 c:/MaximSDK/Libraries/PeriphDrivers/bin/MAX78000/softfp/libPeriphDriver_softfp.a(gpio_common.o)
                0x10005b94                MXC_GPIO_Common_Handler
 .text.MXC_TMR_Common_TO_Stop
                0x10005c18       0x14 c:/MaximSDK/Libraries/PeriphDrivers/bin/MAX78000/softfp/libPeriphDriver_softfp.a(tmr_common.o)
                0x10005c18                MXC_TMR_Common_TO_Stop
 .text.MXC_TMR_Common_SW_Start
                0x10005c2c        0x8 c:/MaximSDK/Libraries/PeriphDrivers/bin/MAX78000/softfp/libPeriphDriver_softfp.a(tmr_common.o)
                0x10005c2c                MXC_TMR_Common_SW_Start
 .text.MXC_TMR_Common_SW_Stop
                0x10005c34       0x14 c:/MaximSDK/Libraries/PeriphDrivers/bin/MAX78000/softfp/libPeriphDriver_softfp.a(tmr_common.o)
                0x10005c34                MXC_TMR_Common_SW_Stop
 .text.MXC_TMR_Common_TO_Elapsed
                0x10005c48       0x40 c:/MaximSDK/Libraries/PeriphDrivers/bin/MAX78000/softfp/libPeriphDriver_softfp.a(tmr_common.o)
                0x10005c48                MXC_TMR_Common_TO_Elapsed
 .text.__errno  0x10005c88        0xc c:/maximsdk/tools/gnutools/bin/../lib/gcc/arm-none-eabi/9.2.1/../../../../arm-none-eabi/lib/thumb/v7e-m+fp/softfp\libc.a(lib_a-errno.o)
                0x10005c88                __errno
 .text.__libc_init_array
                0x10005c94       0x48 c:/maximsdk/tools/gnutools/bin/../lib/gcc/arm-none-eabi/9.2.1/../../../../arm-none-eabi/lib/thumb/v7e-m+fp/softfp\libc.a(lib_a-init.o)
                0x10005c94                __libc_init_array
 .text.malloc   0x10005cdc       0x10 c:/maximsdk/tools/gnutools/bin/../lib/gcc/arm-none-eabi/9.2.1/../../../../arm-none-eabi/lib/thumb/v7e-m+fp/softfp\libc.a(lib_a-malloc.o)
                0x10005cdc                malloc
 .text.free     0x10005cec       0x10 c:/maximsdk/tools/gnutools/bin/../lib/gcc/arm-none-eabi/9.2.1/../../../../arm-none-eabi/lib/thumb/v7e-m+fp/softfp\libc.a(lib_a-malloc.o)
                0x10005cec                free
 .text._malloc_r
                0x10005cfc      0x574 c:/maximsdk/tools/gnutools/bin/../lib/gcc/arm-none-eabi/9.2.1/../../../../arm-none-eabi/lib/thumb/v7e-m+fp/softfp\libc.a(lib_a-mallocr.o)
                0x10005cfc                _malloc_r
 .text          0x10006270      0x134 c:/maximsdk/tools/gnutools/bin/../lib/gcc/arm-none-eabi/9.2.1/../../../../arm-none-eabi/lib/thumb/v7e-m+fp/softfp\libc.a(lib_a-memcpy.o)
                0x10006270                memcpy
 .text.memset   0x100063a4       0xa0 c:/maximsdk/tools/gnutools/bin/../lib/gcc/arm-none-eabi/9.2.1/../../../../arm-none-eabi/lib/thumb/v7e-m+fp/softfp\libc.a(lib_a-memset.o)
                0x100063a4                memset
 .text.__malloc_lock
                0x10006444        0xc c:/maximsdk/tools/gnutools/bin/../lib/gcc/arm-none-eabi/9.2.1/../../../../arm-none-eabi/lib/thumb/v7e-m+fp/softfp\libc.a(lib_a-mlock.o)
                0x10006444                __malloc_lock
 .text.__malloc_unlock
                0x10006450        0xc c:/maximsdk/tools/gnutools/bin/../lib/gcc/arm-none-eabi/9.2.1/../../../../arm-none-eabi/lib/thumb/v7e-m+fp/softfp\libc.a(lib_a-mlock.o)
                0x10006450                __malloc_unlock
 .text.printf   0x1000645c       0x28 c:/maximsdk/tools/gnutools/bin/../lib/gcc/arm-none-eabi/9.2.1/../../../../arm-none-eabi/lib/thumb/v7e-m+fp/softfp\libc.a(lib_a-printf.o)
                0x1000645c                printf
 .text.putchar  0x10006484       0x14 c:/maximsdk/tools/gnutools/bin/../lib/gcc/arm-none-eabi/9.2.1/../../../../arm-none-eabi/lib/thumb/v7e-m+fp/softfp\libc.a(lib_a-putchar.o)
                0x10006484                putchar
 .text._puts_r  0x10006498       0x9c c:/maximsdk/tools/gnutools/bin/../lib/gcc/arm-none-eabi/9.2.1/../../../../arm-none-eabi/lib/thumb/v7e-m+fp/softfp\libc.a(lib_a-puts.o)
                0x10006498                _puts_r
 .text.puts     0x10006534       0x10 c:/maximsdk/tools/gnutools/bin/../lib/gcc/arm-none-eabi/9.2.1/../../../../arm-none-eabi/lib/thumb/v7e-m+fp/softfp\libc.a(lib_a-puts.o)
                0x10006534                puts
 .text._sbrk_r  0x10006544       0x24 c:/maximsdk/tools/gnutools/bin/../lib/gcc/arm-none-eabi/9.2.1/../../../../arm-none-eabi/lib/thumb/v7e-m+fp/softfp\libc.a(lib_a-sbrkr.o)
                0x10006544                _sbrk_r
 .text.sprintf  0x10006568       0x44 c:/maximsdk/tools/gnutools/bin/../lib/gcc/arm-none-eabi/9.2.1/../../../../arm-none-eabi/lib/thumb/v7e-m+fp/softfp\libc.a(lib_a-sprintf.o)
                0x10006568                sprintf
 *fill*         0x100065ac       0x14 
 .text          0x100065c0       0xdc c:/maximsdk/tools/gnutools/bin/../lib/gcc/arm-none-eabi/9.2.1/../../../../arm-none-eabi/lib/thumb/v7e-m+fp/softfp\libc.a(lib_a-strlen.o)
                0x100065c0                strlen
 *fill*         0x1000669c        0x4 
 .text._svfprintf_r
                0x100066a0     0x1b34 c:/maximsdk/tools/gnutools/bin/../lib/gcc/arm-none-eabi/9.2.1/../../../../arm-none-eabi/lib/thumb/v7e-m+fp/softfp\libc.a(lib_a-svfprintf.o)
                0x100066a0                _svfprintf_r
 *fill*         0x100081d4        0x4 
 .text._vfprintf_r
                0x100081d8     0x1bdc c:/maximsdk/tools/gnutools/bin/../lib/gcc/arm-none-eabi/9.2.1/../../../../arm-none-eabi/lib/thumb/v7e-m+fp/softfp\libc.a(lib_a-vfprintf.o)
                0x100081d8                _vfprintf_r
 .text.__sbprintf
                0x10009db4       0x84 c:/maximsdk/tools/gnutools/bin/../lib/gcc/arm-none-eabi/9.2.1/../../../../arm-none-eabi/lib/thumb/v7e-m+fp/softfp\libc.a(lib_a-vfprintf.o)
 .text.__swsetup_r
                0x10009e38       0xd0 c:/maximsdk/tools/gnutools/bin/../lib/gcc/arm-none-eabi/9.2.1/../../../../arm-none-eabi/lib/thumb/v7e-m+fp/softfp\libc.a(lib_a-wsetup.o)
                0x10009e38                __swsetup_r
 .text.startup.register_fini
                0x10009f08       0x14 c:/maximsdk/tools/gnutools/bin/../lib/gcc/arm-none-eabi/9.2.1/../../../../arm-none-eabi/lib/thumb/v7e-m+fp/softfp\libc.a(lib_a-__call_atexit.o)
 .text.atexit   0x10009f1c        0xc c:/maximsdk/tools/gnutools/bin/../lib/gcc/arm-none-eabi/9.2.1/../../../../arm-none-eabi/lib/thumb/v7e-m+fp/softfp\libc.a(lib_a-atexit.o)
                0x10009f1c                atexit
 .text.quorem   0x10009f28      0x11c c:/maximsdk/tools/gnutools/bin/../lib/gcc/arm-none-eabi/9.2.1/../../../../arm-none-eabi/lib/thumb/v7e-m+fp/softfp\libc.a(lib_a-dtoa.o)
 *fill*         0x1000a044        0x4 
 .text._dtoa_r  0x1000a048      0xeec c:/maximsdk/tools/gnutools/bin/../lib/gcc/arm-none-eabi/9.2.1/../../../../arm-none-eabi/lib/thumb/v7e-m+fp/softfp\libc.a(lib_a-dtoa.o)
                0x1000a048                _dtoa_r
 .text.__sflush_r
                0x1000af34      0x130 c:/maximsdk/tools/gnutools/bin/../lib/gcc/arm-none-eabi/9.2.1/../../../../arm-none-eabi/lib/thumb/v7e-m+fp/softfp\libc.a(lib_a-fflush.o)
                0x1000af34                __sflush_r
 .text._fflush_r
                0x1000b064       0x5c c:/maximsdk/tools/gnutools/bin/../lib/gcc/arm-none-eabi/9.2.1/../../../../arm-none-eabi/lib/thumb/v7e-m+fp/softfp\libc.a(lib_a-fflush.o)
                0x1000b064                _fflush_r
 .text.std      0x1000b0c0       0x50 c:/maximsdk/tools/gnutools/bin/../lib/gcc/arm-none-eabi/9.2.1/../../../../arm-none-eabi/lib/thumb/v7e-m+fp/softfp\libc.a(lib_a-findfp.o)
 .text._cleanup_r
                0x1000b110        0xc c:/maximsdk/tools/gnutools/bin/../lib/gcc/arm-none-eabi/9.2.1/../../../../arm-none-eabi/lib/thumb/v7e-m+fp/softfp\libc.a(lib_a-findfp.o)
                0x1000b110                _cleanup_r
 .text.__sinit  0x1000b11c       0x54 c:/maximsdk/tools/gnutools/bin/../lib/gcc/arm-none-eabi/9.2.1/../../../../arm-none-eabi/lib/thumb/v7e-m+fp/softfp\libc.a(lib_a-findfp.o)
                0x1000b11c                __sinit
 .text.__sfp_lock_acquire
                0x1000b170        0xc c:/maximsdk/tools/gnutools/bin/../lib/gcc/arm-none-eabi/9.2.1/../../../../arm-none-eabi/lib/thumb/v7e-m+fp/softfp\libc.a(lib_a-findfp.o)
                0x1000b170                __sfp_lock_acquire
 .text.__sfp_lock_release
                0x1000b17c        0xc c:/maximsdk/tools/gnutools/bin/../lib/gcc/arm-none-eabi/9.2.1/../../../../arm-none-eabi/lib/thumb/v7e-m+fp/softfp\libc.a(lib_a-findfp.o)
                0x1000b17c                __sfp_lock_release
 .text.__libc_fini_array
                0x1000b188       0x2c c:/maximsdk/tools/gnutools/bin/../lib/gcc/arm-none-eabi/9.2.1/../../../../arm-none-eabi/lib/thumb/v7e-m+fp/softfp\libc.a(lib_a-fini.o)
                0x1000b188                __libc_fini_array
 .text._malloc_trim_r
                0x1000b1b4       0xa0 c:/maximsdk/tools/gnutools/bin/../lib/gcc/arm-none-eabi/9.2.1/../../../../arm-none-eabi/lib/thumb/v7e-m+fp/softfp\libc.a(lib_a-freer.o)
                0x1000b1b4                _malloc_trim_r
 .text._free_r  0x1000b254      0x208 c:/maximsdk/tools/gnutools/bin/../lib/gcc/arm-none-eabi/9.2.1/../../../../arm-none-eabi/lib/thumb/v7e-m+fp/softfp\libc.a(lib_a-freer.o)
                0x1000b254                _free_r
 .text.__sfvwrite_r
                0x1000b45c      0x2e0 c:/maximsdk/tools/gnutools/bin/../lib/gcc/arm-none-eabi/9.2.1/../../../../arm-none-eabi/lib/thumb/v7e-m+fp/softfp\libc.a(lib_a-fvwrite.o)
                0x1000b45c                __sfvwrite_r
 .text._fwalk_reent
                0x1000b73c       0x48 c:/maximsdk/tools/gnutools/bin/../lib/gcc/arm-none-eabi/9.2.1/../../../../arm-none-eabi/lib/thumb/v7e-m+fp/softfp\libc.a(lib_a-fwalk.o)
                0x1000b73c                _fwalk_reent
 .text._localeconv_r
                0x1000b784        0x8 c:/maximsdk/tools/gnutools/bin/../lib/gcc/arm-none-eabi/9.2.1/../../../../arm-none-eabi/lib/thumb/v7e-m+fp/softfp\libc.a(lib_a-localeconv.o)
                0x1000b784                _localeconv_r
 .text.__retarget_lock_init_recursive
                0x1000b78c        0x4 c:/maximsdk/tools/gnutools/bin/../lib/gcc/arm-none-eabi/9.2.1/../../../../arm-none-eabi/lib/thumb/v7e-m+fp/softfp\libc.a(lib_a-lock.o)
                0x1000b78c                __retarget_lock_init_recursive
 .text.__retarget_lock_close_recursive
                0x1000b790        0x4 c:/maximsdk/tools/gnutools/bin/../lib/gcc/arm-none-eabi/9.2.1/../../../../arm-none-eabi/lib/thumb/v7e-m+fp/softfp\libc.a(lib_a-lock.o)
                0x1000b790                __retarget_lock_close_recursive
 .text.__retarget_lock_acquire_recursive
                0x1000b794        0x4 c:/maximsdk/tools/gnutools/bin/../lib/gcc/arm-none-eabi/9.2.1/../../../../arm-none-eabi/lib/thumb/v7e-m+fp/softfp\libc.a(lib_a-lock.o)
                0x1000b794                __retarget_lock_acquire_recursive
 .text.__retarget_lock_release_recursive
                0x1000b798        0x4 c:/maximsdk/tools/gnutools/bin/../lib/gcc/arm-none-eabi/9.2.1/../../../../arm-none-eabi/lib/thumb/v7e-m+fp/softfp\libc.a(lib_a-lock.o)
                0x1000b798                __retarget_lock_release_recursive
 .text.__swhatbuf_r
                0x1000b79c       0x5c c:/maximsdk/tools/gnutools/bin/../lib/gcc/arm-none-eabi/9.2.1/../../../../arm-none-eabi/lib/thumb/v7e-m+fp/softfp\libc.a(lib_a-makebuf.o)
                0x1000b79c                __swhatbuf_r
 .text.__smakebuf_r
                0x1000b7f8       0x98 c:/maximsdk/tools/gnutools/bin/../lib/gcc/arm-none-eabi/9.2.1/../../../../arm-none-eabi/lib/thumb/v7e-m+fp/softfp\libc.a(lib_a-makebuf.o)
                0x1000b7f8                __smakebuf_r
 .text          0x1000b890       0xa0 c:/maximsdk/tools/gnutools/bin/../lib/gcc/arm-none-eabi/9.2.1/../../../../arm-none-eabi/lib/thumb/v7e-m+fp/softfp\libc.a(lib_a-memchr.o)
                0x1000b890                memchr
 .text.memmove  0x1000b930       0xd8 c:/maximsdk/tools/gnutools/bin/../lib/gcc/arm-none-eabi/9.2.1/../../../../arm-none-eabi/lib/thumb/v7e-m+fp/softfp\libc.a(lib_a-memmove.o)
                0x1000b930                memmove
 .text._Balloc  0x1000ba08       0x4c c:/maximsdk/tools/gnutools/bin/../lib/gcc/arm-none-eabi/9.2.1/../../../../arm-none-eabi/lib/thumb/v7e-m+fp/softfp\libc.a(lib_a-mprec.o)
                0x1000ba08                _Balloc
 .text._Bfree   0x1000ba54       0x14 c:/maximsdk/tools/gnutools/bin/../lib/gcc/arm-none-eabi/9.2.1/../../../../arm-none-eabi/lib/thumb/v7e-m+fp/softfp\libc.a(lib_a-mprec.o)
                0x1000ba54                _Bfree
 .text.__multadd
                0x1000ba68       0x8c c:/maximsdk/tools/gnutools/bin/../lib/gcc/arm-none-eabi/9.2.1/../../../../arm-none-eabi/lib/thumb/v7e-m+fp/softfp\libc.a(lib_a-mprec.o)
                0x1000ba68                __multadd
 .text.__hi0bits
                0x1000baf4       0x40 c:/maximsdk/tools/gnutools/bin/../lib/gcc/arm-none-eabi/9.2.1/../../../../arm-none-eabi/lib/thumb/v7e-m+fp/softfp\libc.a(lib_a-mprec.o)
                0x1000baf4                __hi0bits
 .text.__lo0bits
                0x1000bb34       0x60 c:/maximsdk/tools/gnutools/bin/../lib/gcc/arm-none-eabi/9.2.1/../../../../arm-none-eabi/lib/thumb/v7e-m+fp/softfp\libc.a(lib_a-mprec.o)
                0x1000bb34                __lo0bits
 .text.__i2b    0x1000bb94       0x14 c:/maximsdk/tools/gnutools/bin/../lib/gcc/arm-none-eabi/9.2.1/../../../../arm-none-eabi/lib/thumb/v7e-m+fp/softfp\libc.a(lib_a-mprec.o)
                0x1000bb94                __i2b
 .text.__multiply
                0x1000bba8      0x144 c:/maximsdk/tools/gnutools/bin/../lib/gcc/arm-none-eabi/9.2.1/../../../../arm-none-eabi/lib/thumb/v7e-m+fp/softfp\libc.a(lib_a-mprec.o)
                0x1000bba8                __multiply
 .text.__pow5mult
                0x1000bcec       0xa0 c:/maximsdk/tools/gnutools/bin/../lib/gcc/arm-none-eabi/9.2.1/../../../../arm-none-eabi/lib/thumb/v7e-m+fp/softfp\libc.a(lib_a-mprec.o)
                0x1000bcec                __pow5mult
 .text.__lshift
                0x1000bd8c       0xd4 c:/maximsdk/tools/gnutools/bin/../lib/gcc/arm-none-eabi/9.2.1/../../../../arm-none-eabi/lib/thumb/v7e-m+fp/softfp\libc.a(lib_a-mprec.o)
                0x1000bd8c                __lshift
 .text.__mcmp   0x1000be60       0x3c c:/maximsdk/tools/gnutools/bin/../lib/gcc/arm-none-eabi/9.2.1/../../../../arm-none-eabi/lib/thumb/v7e-m+fp/softfp\libc.a(lib_a-mprec.o)
                0x1000be60                __mcmp
 .text.__mdiff  0x1000be9c      0x138 c:/maximsdk/tools/gnutools/bin/../lib/gcc/arm-none-eabi/9.2.1/../../../../arm-none-eabi/lib/thumb/v7e-m+fp/softfp\libc.a(lib_a-mprec.o)
                0x1000be9c                __mdiff
 .text.__d2b    0x1000bfd4       0xbc c:/maximsdk/tools/gnutools/bin/../lib/gcc/arm-none-eabi/9.2.1/../../../../arm-none-eabi/lib/thumb/v7e-m+fp/softfp\libc.a(lib_a-mprec.o)
                0x1000bfd4                __d2b
 .text._putc_r  0x1000c090       0x74 c:/maximsdk/tools/gnutools/bin/../lib/gcc/arm-none-eabi/9.2.1/../../../../arm-none-eabi/lib/thumb/v7e-m+fp/softfp\libc.a(lib_a-putc.o)
                0x1000c090                _putc_r
 .text._realloc_r
                0x1000c104      0x3e0 c:/maximsdk/tools/gnutools/bin/../lib/gcc/arm-none-eabi/9.2.1/../../../../arm-none-eabi/lib/thumb/v7e-m+fp/softfp\libc.a(lib_a-reallocr.o)
                0x1000c104                _realloc_r
 .text.frexp    0x1000c4e4       0x70 c:/maximsdk/tools/gnutools/bin/../lib/gcc/arm-none-eabi/9.2.1/../../../../arm-none-eabi/lib/thumb/v7e-m+fp/softfp\libc.a(lib_a-s_frexp.o)
                0x1000c4e4                frexp
 .text.__sread  0x1000c554       0x24 c:/maximsdk/tools/gnutools/bin/../lib/gcc/arm-none-eabi/9.2.1/../../../../arm-none-eabi/lib/thumb/v7e-m+fp/softfp\libc.a(lib_a-stdio.o)
                0x1000c554                __sread
 .text.__swrite
                0x1000c578       0x40 c:/maximsdk/tools/gnutools/bin/../lib/gcc/arm-none-eabi/9.2.1/../../../../arm-none-eabi/lib/thumb/v7e-m+fp/softfp\libc.a(lib_a-stdio.o)
                0x1000c578                __swrite
 .text.__sseek  0x1000c5b8       0x20 c:/maximsdk/tools/gnutools/bin/../lib/gcc/arm-none-eabi/9.2.1/../../../../arm-none-eabi/lib/thumb/v7e-m+fp/softfp\libc.a(lib_a-stdio.o)
                0x1000c5b8                __sseek
 .text.__sclose
                0x1000c5d8        0x8 c:/maximsdk/tools/gnutools/bin/../lib/gcc/arm-none-eabi/9.2.1/../../../../arm-none-eabi/lib/thumb/v7e-m+fp/softfp\libc.a(lib_a-stdio.o)
                0x1000c5d8                __sclose
 .text.strncpy  0x1000c5e0       0x68 c:/maximsdk/tools/gnutools/bin/../lib/gcc/arm-none-eabi/9.2.1/../../../../arm-none-eabi/lib/thumb/v7e-m+fp/softfp\libc.a(lib_a-strncpy.o)
                0x1000c5e0                strncpy
 .text.__ssprint_r
                0x1000c648       0xf8 c:/maximsdk/tools/gnutools/bin/../lib/gcc/arm-none-eabi/9.2.1/../../../../arm-none-eabi/lib/thumb/v7e-m+fp/softfp\libc.a(lib_a-svfiprintf.o)
                0x1000c648                __ssprint_r
 .text.__sprint_r.part.0
                0x1000c740       0x78 c:/maximsdk/tools/gnutools/bin/../lib/gcc/arm-none-eabi/9.2.1/../../../../arm-none-eabi/lib/thumb/v7e-m+fp/softfp\libc.a(lib_a-vfiprintf.o)
 .text.__sprint_r
                0x1000c7b8       0x18 c:/maximsdk/tools/gnutools/bin/../lib/gcc/arm-none-eabi/9.2.1/../../../../arm-none-eabi/lib/thumb/v7e-m+fp/softfp\libc.a(lib_a-vfiprintf.o)
                0x1000c7b8                __sprint_r
 .text.__swbuf_r
                0x1000c7d0       0xb0 c:/maximsdk/tools/gnutools/bin/../lib/gcc/arm-none-eabi/9.2.1/../../../../arm-none-eabi/lib/thumb/v7e-m+fp/softfp\libc.a(lib_a-wbuf.o)
                0x1000c7d0                __swbuf_r
 .text._write_r
                0x1000c880       0x2c c:/maximsdk/tools/gnutools/bin/../lib/gcc/arm-none-eabi/9.2.1/../../../../arm-none-eabi/lib/thumb/v7e-m+fp/softfp\libc.a(lib_a-writer.o)
                0x1000c880                _write_r
 .text.__register_exitproc
                0x1000c8ac       0x8c c:/maximsdk/tools/gnutools/bin/../lib/gcc/arm-none-eabi/9.2.1/../../../../arm-none-eabi/lib/thumb/v7e-m+fp/softfp\libc.a(lib_a-__atexit.o)
                0x1000c8ac                __register_exitproc
 .text._calloc_r
                0x1000c938       0x60 c:/maximsdk/tools/gnutools/bin/../lib/gcc/arm-none-eabi/9.2.1/../../../../arm-none-eabi/lib/thumb/v7e-m+fp/softfp\libc.a(lib_a-callocr.o)
                0x1000c938                _calloc_r
 .text._close_r
                0x1000c998       0x24 c:/maximsdk/tools/gnutools/bin/../lib/gcc/arm-none-eabi/9.2.1/../../../../arm-none-eabi/lib/thumb/v7e-m+fp/softfp\libc.a(lib_a-closer.o)
                0x1000c998                _close_r
 .text._fclose_r
                0x1000c9bc       0xcc c:/maximsdk/tools/gnutools/bin/../lib/gcc/arm-none-eabi/9.2.1/../../../../arm-none-eabi/lib/thumb/v7e-m+fp/softfp\libc.a(lib_a-fclose.o)
                0x1000c9bc                _fclose_r
 .text.__fputwc
                0x1000ca88       0xa8 c:/maximsdk/tools/gnutools/bin/../lib/gcc/arm-none-eabi/9.2.1/../../../../arm-none-eabi/lib/thumb/v7e-m+fp/softfp\libc.a(lib_a-fputwc.o)
                0x1000ca88                __fputwc
 .text._fputwc_r
                0x1000cb30       0x68 c:/maximsdk/tools/gnutools/bin/../lib/gcc/arm-none-eabi/9.2.1/../../../../arm-none-eabi/lib/thumb/v7e-m+fp/softfp\libc.a(lib_a-fputwc.o)
                0x1000cb30                _fputwc_r
 .text._fstat_r
                0x1000cb98       0x2c c:/maximsdk/tools/gnutools/bin/../lib/gcc/arm-none-eabi/9.2.1/../../../../arm-none-eabi/lib/thumb/v7e-m+fp/softfp\libc.a(lib_a-fstatr.o)
                0x1000cb98                _fstat_r
 .text._isatty_r
                0x1000cbc4       0x24 c:/maximsdk/tools/gnutools/bin/../lib/gcc/arm-none-eabi/9.2.1/../../../../arm-none-eabi/lib/thumb/v7e-m+fp/softfp\libc.a(lib_a-isattyr.o)
                0x1000cbc4                _isatty_r
 .text.__locale_mb_cur_max
                0x1000cbe8        0xc c:/maximsdk/tools/gnutools/bin/../lib/gcc/arm-none-eabi/9.2.1/../../../../arm-none-eabi/lib/thumb/v7e-m+fp/softfp\libc.a(lib_a-locale.o)
                0x1000cbe8                __locale_mb_cur_max
 .text._lseek_r
                0x1000cbf4       0x2c c:/maximsdk/tools/gnutools/bin/../lib/gcc/arm-none-eabi/9.2.1/../../../../arm-none-eabi/lib/thumb/v7e-m+fp/softfp\libc.a(lib_a-lseekr.o)
                0x1000cbf4                _lseek_r
 .text.__ascii_mbtowc
                0x1000cc20       0x2c c:/maximsdk/tools/gnutools/bin/../lib/gcc/arm-none-eabi/9.2.1/../../../../arm-none-eabi/lib/thumb/v7e-m+fp/softfp\libc.a(lib_a-mbtowc_r.o)
                0x1000cc20                __ascii_mbtowc
 .text._read_r  0x1000cc4c       0x2c c:/maximsdk/tools/gnutools/bin/../lib/gcc/arm-none-eabi/9.2.1/../../../../arm-none-eabi/lib/thumb/v7e-m+fp/softfp\libc.a(lib_a-readr.o)
                0x1000cc4c                _read_r
 .text._wcrtomb_r
                0x1000cc78       0x3c c:/maximsdk/tools/gnutools/bin/../lib/gcc/arm-none-eabi/9.2.1/../../../../arm-none-eabi/lib/thumb/v7e-m+fp/softfp\libc.a(lib_a-wcrtomb.o)
                0x1000cc78                _wcrtomb_r
 .text.__ascii_wctomb
                0x1000ccb4       0x1c c:/maximsdk/tools/gnutools/bin/../lib/gcc/arm-none-eabi/9.2.1/../../../../arm-none-eabi/lib/thumb/v7e-m+fp/softfp\libc.a(lib_a-wctomb_r.o)
                0x1000ccb4                __ascii_wctomb
 .text          0x1000ccd0      0x378 c:/maximsdk/tools/gnutools/bin/../lib/gcc/arm-none-eabi/9.2.1/thumb/v7e-m+fp/softfp\libgcc.a(_arm_addsubdf3.o)
                0x1000ccd0                __aeabi_drsub
                0x1000ccd8                __aeabi_dsub
                0x1000ccd8                __subdf3
                0x1000ccdc                __aeabi_dadd
                0x1000ccdc                __adddf3
                0x1000cf54                __floatunsidf
                0x1000cf54                __aeabi_ui2d
                0x1000cf74                __floatsidf
                0x1000cf74                __aeabi_i2d
                0x1000cf98                __aeabi_f2d
                0x1000cf98                __extendsfdf2
                0x1000cfdc                __floatundidf
                0x1000cfdc                __aeabi_ul2d
                0x1000cfec                __floatdidf
                0x1000cfec                __aeabi_l2d
 .text          0x1000d048      0x424 c:/maximsdk/tools/gnutools/bin/../lib/gcc/arm-none-eabi/9.2.1/thumb/v7e-m+fp/softfp\libgcc.a(_arm_muldivdf3.o)
                0x1000d048                __aeabi_dmul
                0x1000d048                __muldf3
                0x1000d29c                __divdf3
                0x1000d29c                __aeabi_ddiv
 .text          0x1000d46c      0x110 c:/maximsdk/tools/gnutools/bin/../lib/gcc/arm-none-eabi/9.2.1/thumb/v7e-m+fp/softfp\libgcc.a(_arm_cmpdf2.o)
                0x1000d46c                __gtdf2
                0x1000d46c                __gedf2
                0x1000d474                __ltdf2
                0x1000d474                __ledf2
                0x1000d47c                __nedf2
                0x1000d47c                __eqdf2
                0x1000d47c                __cmpdf2
                0x1000d4f8                __aeabi_cdrcmple
                0x1000d508                __aeabi_cdcmpeq
                0x1000d508                __aeabi_cdcmple
                0x1000d518                __aeabi_dcmpeq
                0x1000d52c                __aeabi_dcmplt
                0x1000d540                __aeabi_dcmple
                0x1000d554                __aeabi_dcmpge
                0x1000d568                __aeabi_dcmpgt
 .text          0x1000d57c       0x2c c:/maximsdk/tools/gnutools/bin/../lib/gcc/arm-none-eabi/9.2.1/thumb/v7e-m+fp/softfp\libgcc.a(_arm_unorddf2.o)
                0x1000d57c                __unorddf2
                0x1000d57c                __aeabi_dcmpun
 .text          0x1000d5a8       0x50 c:/maximsdk/tools/gnutools/bin/../lib/gcc/arm-none-eabi/9.2.1/thumb/v7e-m+fp/softfp\libgcc.a(_arm_fixdfsi.o)
                0x1000d5a8                __aeabi_d2iz
                0x1000d5a8                __fixdfsi
 .text          0x1000d5f8       0xa0 c:/maximsdk/tools/gnutools/bin/../lib/gcc/arm-none-eabi/9.2.1/thumb/v7e-m+fp/softfp\libgcc.a(_aeabi_ldivmod.o)
                0x1000d5f8                __aeabi_ldivmod
 .text          0x1000d698       0x30 c:/maximsdk/tools/gnutools/bin/../lib/gcc/arm-none-eabi/9.2.1/thumb/v7e-m+fp/softfp\libgcc.a(_aeabi_uldivmod.o)
                0x1000d698                __aeabi_uldivmod
 .text          0x1000d6c8      0x2c4 c:/maximsdk/tools/gnutools/bin/../lib/gcc/arm-none-eabi/9.2.1/thumb/v7e-m+fp/softfp\libgcc.a(_udivmoddi4.o)
                0x1000d6c8                __udivmoddi4
 .text          0x1000d98c        0x4 c:/maximsdk/tools/gnutools/bin/../lib/gcc/arm-none-eabi/9.2.1/thumb/v7e-m+fp/softfp\libgcc.a(_dvmd_tls.o)
                0x1000d98c                __aeabi_idiv0
                0x1000d98c                __aeabi_ldiv0
 *(.rodata*)
 .rodata.main.str1.4
                0x1000d990      0x19b c:/Users/hmche/Desktop/capstone/Maxim_Parking/workspace/Examples/MAX78000/CNN/Car_Detection_w_seg_rgb565/build/main.o
 *fill*         0x1000db2b        0x1 
 .rodata        0x1000db2c        0xc c:/Users/hmche/Desktop/capstone/Maxim_Parking/workspace/Examples/MAX78000/CNN/Car_Detection_w_seg_rgb565/build/main.o
 .rodata.classes
                0x1000db38       0x14 c:/Users/hmche/Desktop/capstone/Maxim_Parking/workspace/Examples/MAX78000/CNN/Car_Detection_w_seg_rgb565/build/main.o
                0x1000db38                classes
 .rodata.kernels_0
                0x1000db4c      0x510 c:/Users/hmche/Desktop/capstone/Maxim_Parking/workspace/Examples/MAX78000/CNN/Car_Detection_w_seg_rgb565/build/cnn.o
 .rodata.kernels_1
                0x1000e05c       0x24 c:/Users/hmche/Desktop/capstone/Maxim_Parking/workspace/Examples/MAX78000/CNN/Car_Detection_w_seg_rgb565/build/cnn.o
 .rodata.kernels_10
                0x1000e080      0x480 c:/Users/hmche/Desktop/capstone/Maxim_Parking/workspace/Examples/MAX78000/CNN/Car_Detection_w_seg_rgb565/build/cnn.o
 .rodata.kernels_11
                0x1000e500      0x480 c:/Users/hmche/Desktop/capstone/Maxim_Parking/workspace/Examples/MAX78000/CNN/Car_Detection_w_seg_rgb565/build/cnn.o
 .rodata.kernels_12
                0x1000e980      0x480 c:/Users/hmche/Desktop/capstone/Maxim_Parking/workspace/Examples/MAX78000/CNN/Car_Detection_w_seg_rgb565/build/cnn.o
 .rodata.kernels_13
                0x1000ee00      0x480 c:/Users/hmche/Desktop/capstone/Maxim_Parking/workspace/Examples/MAX78000/CNN/Car_Detection_w_seg_rgb565/build/cnn.o
 .rodata.kernels_14
                0x1000f280      0x480 c:/Users/hmche/Desktop/capstone/Maxim_Parking/workspace/Examples/MAX78000/CNN/Car_Detection_w_seg_rgb565/build/cnn.o
 .rodata.kernels_15
                0x1000f700      0x480 c:/Users/hmche/Desktop/capstone/Maxim_Parking/workspace/Examples/MAX78000/CNN/Car_Detection_w_seg_rgb565/build/cnn.o
 .rodata.kernels_16
                0x1000fb80      0x510 c:/Users/hmche/Desktop/capstone/Maxim_Parking/workspace/Examples/MAX78000/CNN/Car_Detection_w_seg_rgb565/build/cnn.o
 .rodata.kernels_17
                0x10010090      0x480 c:/Users/hmche/Desktop/capstone/Maxim_Parking/workspace/Examples/MAX78000/CNN/Car_Detection_w_seg_rgb565/build/cnn.o
 .rodata.kernels_18
                0x10010510      0x480 c:/Users/hmche/Desktop/capstone/Maxim_Parking/workspace/Examples/MAX78000/CNN/Car_Detection_w_seg_rgb565/build/cnn.o
 .rodata.kernels_19
                0x10010990      0x480 c:/Users/hmche/Desktop/capstone/Maxim_Parking/workspace/Examples/MAX78000/CNN/Car_Detection_w_seg_rgb565/build/cnn.o
 .rodata.kernels_2
                0x10010e10       0x24 c:/Users/hmche/Desktop/capstone/Maxim_Parking/workspace/Examples/MAX78000/CNN/Car_Detection_w_seg_rgb565/build/cnn.o
 .rodata.kernels_20
                0x10010e34      0x480 c:/Users/hmche/Desktop/capstone/Maxim_Parking/workspace/Examples/MAX78000/CNN/Car_Detection_w_seg_rgb565/build/cnn.o
 .rodata.kernels_21
                0x100112b4      0x480 c:/Users/hmche/Desktop/capstone/Maxim_Parking/workspace/Examples/MAX78000/CNN/Car_Detection_w_seg_rgb565/build/cnn.o
 .rodata.kernels_22
                0x10011734      0x480 c:/Users/hmche/Desktop/capstone/Maxim_Parking/workspace/Examples/MAX78000/CNN/Car_Detection_w_seg_rgb565/build/cnn.o
 .rodata.kernels_23
                0x10011bb4      0x480 c:/Users/hmche/Desktop/capstone/Maxim_Parking/workspace/Examples/MAX78000/CNN/Car_Detection_w_seg_rgb565/build/cnn.o
 .rodata.kernels_24
                0x10012034      0x480 c:/Users/hmche/Desktop/capstone/Maxim_Parking/workspace/Examples/MAX78000/CNN/Car_Detection_w_seg_rgb565/build/cnn.o
 .rodata.kernels_25
                0x100124b4      0x480 c:/Users/hmche/Desktop/capstone/Maxim_Parking/workspace/Examples/MAX78000/CNN/Car_Detection_w_seg_rgb565/build/cnn.o
 .rodata.kernels_26
                0x10012934      0x480 c:/Users/hmche/Desktop/capstone/Maxim_Parking/workspace/Examples/MAX78000/CNN/Car_Detection_w_seg_rgb565/build/cnn.o
 .rodata.kernels_27
                0x10012db4      0x480 c:/Users/hmche/Desktop/capstone/Maxim_Parking/workspace/Examples/MAX78000/CNN/Car_Detection_w_seg_rgb565/build/cnn.o
 .rodata.kernels_28
                0x10013234      0x480 c:/Users/hmche/Desktop/capstone/Maxim_Parking/workspace/Examples/MAX78000/CNN/Car_Detection_w_seg_rgb565/build/cnn.o
 .rodata.kernels_29
                0x100136b4      0x480 c:/Users/hmche/Desktop/capstone/Maxim_Parking/workspace/Examples/MAX78000/CNN/Car_Detection_w_seg_rgb565/build/cnn.o
 .rodata.kernels_3
                0x10013b34       0x24 c:/Users/hmche/Desktop/capstone/Maxim_Parking/workspace/Examples/MAX78000/CNN/Car_Detection_w_seg_rgb565/build/cnn.o
 .rodata.kernels_30
                0x10013b58      0x45c c:/Users/hmche/Desktop/capstone/Maxim_Parking/workspace/Examples/MAX78000/CNN/Car_Detection_w_seg_rgb565/build/cnn.o
 .rodata.kernels_31
                0x10013fb4      0x45c c:/Users/hmche/Desktop/capstone/Maxim_Parking/workspace/Examples/MAX78000/CNN/Car_Detection_w_seg_rgb565/build/cnn.o
 .rodata.kernels_32
                0x10014410      0x4ec c:/Users/hmche/Desktop/capstone/Maxim_Parking/workspace/Examples/MAX78000/CNN/Car_Detection_w_seg_rgb565/build/cnn.o
 .rodata.kernels_33
                0x100148fc      0x45c c:/Users/hmche/Desktop/capstone/Maxim_Parking/workspace/Examples/MAX78000/CNN/Car_Detection_w_seg_rgb565/build/cnn.o
 .rodata.kernels_34
                0x10014d58      0x29c c:/Users/hmche/Desktop/capstone/Maxim_Parking/workspace/Examples/MAX78000/CNN/Car_Detection_w_seg_rgb565/build/cnn.o
 .rodata.kernels_35
                0x10014ff4      0x29c c:/Users/hmche/Desktop/capstone/Maxim_Parking/workspace/Examples/MAX78000/CNN/Car_Detection_w_seg_rgb565/build/cnn.o
 .rodata.kernels_36
                0x10015290      0x3bc c:/Users/hmche/Desktop/capstone/Maxim_Parking/workspace/Examples/MAX78000/CNN/Car_Detection_w_seg_rgb565/build/cnn.o
 .rodata.kernels_37
                0x1001564c      0x3bc c:/Users/hmche/Desktop/capstone/Maxim_Parking/workspace/Examples/MAX78000/CNN/Car_Detection_w_seg_rgb565/build/cnn.o
 .rodata.kernels_38
                0x10015a08      0x3bc c:/Users/hmche/Desktop/capstone/Maxim_Parking/workspace/Examples/MAX78000/CNN/Car_Detection_w_seg_rgb565/build/cnn.o
 .rodata.kernels_39
                0x10015dc4      0x3bc c:/Users/hmche/Desktop/capstone/Maxim_Parking/workspace/Examples/MAX78000/CNN/Car_Detection_w_seg_rgb565/build/cnn.o
 .rodata.kernels_4
                0x10016180      0x480 c:/Users/hmche/Desktop/capstone/Maxim_Parking/workspace/Examples/MAX78000/CNN/Car_Detection_w_seg_rgb565/build/cnn.o
 .rodata.kernels_40
                0x10016600      0x3bc c:/Users/hmche/Desktop/capstone/Maxim_Parking/workspace/Examples/MAX78000/CNN/Car_Detection_w_seg_rgb565/build/cnn.o
 .rodata.kernels_41
                0x100169bc      0x3bc c:/Users/hmche/Desktop/capstone/Maxim_Parking/workspace/Examples/MAX78000/CNN/Car_Detection_w_seg_rgb565/build/cnn.o
 .rodata.kernels_42
                0x10016d78      0x3bc c:/Users/hmche/Desktop/capstone/Maxim_Parking/workspace/Examples/MAX78000/CNN/Car_Detection_w_seg_rgb565/build/cnn.o
 .rodata.kernels_43
                0x10017134      0x3bc c:/Users/hmche/Desktop/capstone/Maxim_Parking/workspace/Examples/MAX78000/CNN/Car_Detection_w_seg_rgb565/build/cnn.o
 .rodata.kernels_44
                0x100174f0      0x3bc c:/Users/hmche/Desktop/capstone/Maxim_Parking/workspace/Examples/MAX78000/CNN/Car_Detection_w_seg_rgb565/build/cnn.o
 .rodata.kernels_45
                0x100178ac      0x3bc c:/Users/hmche/Desktop/capstone/Maxim_Parking/workspace/Examples/MAX78000/CNN/Car_Detection_w_seg_rgb565/build/cnn.o
 .rodata.kernels_46
                0x10017c68      0x3bc c:/Users/hmche/Desktop/capstone/Maxim_Parking/workspace/Examples/MAX78000/CNN/Car_Detection_w_seg_rgb565/build/cnn.o
 .rodata.kernels_47
                0x10018024      0x3bc c:/Users/hmche/Desktop/capstone/Maxim_Parking/workspace/Examples/MAX78000/CNN/Car_Detection_w_seg_rgb565/build/cnn.o
 .rodata.kernels_48
                0x100183e0      0x3bc c:/Users/hmche/Desktop/capstone/Maxim_Parking/workspace/Examples/MAX78000/CNN/Car_Detection_w_seg_rgb565/build/cnn.o
 .rodata.kernels_49
                0x1001879c      0x3bc c:/Users/hmche/Desktop/capstone/Maxim_Parking/workspace/Examples/MAX78000/CNN/Car_Detection_w_seg_rgb565/build/cnn.o
 .rodata.kernels_5
                0x10018b58      0x480 c:/Users/hmche/Desktop/capstone/Maxim_Parking/workspace/Examples/MAX78000/CNN/Car_Detection_w_seg_rgb565/build/cnn.o
 .rodata.kernels_50
                0x10018fd8      0x3bc c:/Users/hmche/Desktop/capstone/Maxim_Parking/workspace/Examples/MAX78000/CNN/Car_Detection_w_seg_rgb565/build/cnn.o
 .rodata.kernels_51
                0x10019394      0x29c c:/Users/hmche/Desktop/capstone/Maxim_Parking/workspace/Examples/MAX78000/CNN/Car_Detection_w_seg_rgb565/build/cnn.o
 .rodata.kernels_52
                0x10019630      0x29c c:/Users/hmche/Desktop/capstone/Maxim_Parking/workspace/Examples/MAX78000/CNN/Car_Detection_w_seg_rgb565/build/cnn.o
 .rodata.kernels_53
                0x100198cc      0x29c c:/Users/hmche/Desktop/capstone/Maxim_Parking/workspace/Examples/MAX78000/CNN/Car_Detection_w_seg_rgb565/build/cnn.o
 .rodata.kernels_54
                0x10019b68      0x29c c:/Users/hmche/Desktop/capstone/Maxim_Parking/workspace/Examples/MAX78000/CNN/Car_Detection_w_seg_rgb565/build/cnn.o
 .rodata.kernels_55
                0x10019e04      0x29c c:/Users/hmche/Desktop/capstone/Maxim_Parking/workspace/Examples/MAX78000/CNN/Car_Detection_w_seg_rgb565/build/cnn.o
 .rodata.kernels_56
                0x1001a0a0      0x29c c:/Users/hmche/Desktop/capstone/Maxim_Parking/workspace/Examples/MAX78000/CNN/Car_Detection_w_seg_rgb565/build/cnn.o
 .rodata.kernels_57
                0x1001a33c      0x29c c:/Users/hmche/Desktop/capstone/Maxim_Parking/workspace/Examples/MAX78000/CNN/Car_Detection_w_seg_rgb565/build/cnn.o
 .rodata.kernels_58
                0x1001a5d8      0x29c c:/Users/hmche/Desktop/capstone/Maxim_Parking/workspace/Examples/MAX78000/CNN/Car_Detection_w_seg_rgb565/build/cnn.o
 .rodata.kernels_59
                0x1001a874      0x29c c:/Users/hmche/Desktop/capstone/Maxim_Parking/workspace/Examples/MAX78000/CNN/Car_Detection_w_seg_rgb565/build/cnn.o
 .rodata.kernels_6
                0x1001ab10      0x480 c:/Users/hmche/Desktop/capstone/Maxim_Parking/workspace/Examples/MAX78000/CNN/Car_Detection_w_seg_rgb565/build/cnn.o
 .rodata.kernels_60
                0x1001af90      0x29c c:/Users/hmche/Desktop/capstone/Maxim_Parking/workspace/Examples/MAX78000/CNN/Car_Detection_w_seg_rgb565/build/cnn.o
 .rodata.kernels_61
                0x1001b22c      0x29c c:/Users/hmche/Desktop/capstone/Maxim_Parking/workspace/Examples/MAX78000/CNN/Car_Detection_w_seg_rgb565/build/cnn.o
 .rodata.kernels_62
                0x1001b4c8      0x29c c:/Users/hmche/Desktop/capstone/Maxim_Parking/workspace/Examples/MAX78000/CNN/Car_Detection_w_seg_rgb565/build/cnn.o
 .rodata.kernels_63
                0x1001b764      0x29c c:/Users/hmche/Desktop/capstone/Maxim_Parking/workspace/Examples/MAX78000/CNN/Car_Detection_w_seg_rgb565/build/cnn.o
 .rodata.kernels_7
                0x1001ba00      0x480 c:/Users/hmche/Desktop/capstone/Maxim_Parking/workspace/Examples/MAX78000/CNN/Car_Detection_w_seg_rgb565/build/cnn.o
 .rodata.kernels_8
                0x1001be80      0x480 c:/Users/hmche/Desktop/capstone/Maxim_Parking/workspace/Examples/MAX78000/CNN/Car_Detection_w_seg_rgb565/build/cnn.o
 .rodata.kernels_9
                0x1001c300      0x480 c:/Users/hmche/Desktop/capstone/Maxim_Parking/workspace/Examples/MAX78000/CNN/Car_Detection_w_seg_rgb565/build/cnn.o
 .rodata.mxc_assert.str1.4
                0x1001c780       0x19 c:/Users/hmche/Desktop/capstone/Maxim_Parking/workspace/Examples/MAX78000/CNN/Car_Detection_w_seg_rgb565/build/board.o
 *fill*         0x1001c799        0x3 
 .rodata.Board_Init.str1.4
                0x1001c79c       0x45 c:/Users/hmche/Desktop/capstone/Maxim_Parking/workspace/Examples/MAX78000/CNN/Car_Detection_w_seg_rgb565/build/board.o
 *fill*         0x1001c7e1        0x3 
 .rodata.led_pin
                0x1001c7e4       0x18 c:/Users/hmche/Desktop/capstone/Maxim_Parking/workspace/Examples/MAX78000/CNN/Car_Detection_w_seg_rgb565/build/board.o
                0x1001c7e4                led_pin
 .rodata.num_leds
                0x1001c7fc        0x4 c:/Users/hmche/Desktop/capstone/Maxim_Parking/workspace/Examples/MAX78000/CNN/Car_Detection_w_seg_rgb565/build/board.o
                0x1001c7fc                num_leds
 .rodata.num_pbs
                0x1001c800        0x4 c:/Users/hmche/Desktop/capstone/Maxim_Parking/workspace/Examples/MAX78000/CNN/Car_Detection_w_seg_rgb565/build/board.o
                0x1001c800                num_pbs
 .rodata.pb_pin
                0x1001c804       0x18 c:/Users/hmche/Desktop/capstone/Maxim_Parking/workspace/Examples/MAX78000/CNN/Car_Detection_w_seg_rgb565/build/board.o
                0x1001c804                pb_pin
 .rodata.LED_On.str1.4
                0x1001c81c       0x4f c:/Users/hmche/Desktop/capstone/Maxim_Parking/workspace/Examples/MAX78000/CNN/Car_Detection_w_seg_rgb565/build/led.o
 *fill*         0x1001c86b        0x1 
 .rodata.PB_RegisterCallback.str1.4
                0x1001c86c       0x4d c:/Users/hmche/Desktop/capstone/Maxim_Parking/workspace/Examples/MAX78000/CNN/Car_Detection_w_seg_rgb565/build/pb.o
 *fill*         0x1001c8b9        0x3 
 .rodata.gpio_cfg_scl
                0x1001c8bc        0xc c:/Users/hmche/Desktop/capstone/Maxim_Parking/workspace/Examples/MAX78000/CNN/Car_Detection_w_seg_rgb565/build/sccb.o
 .rodata.gpio_cfg_sda
                0x1001c8c8        0xc c:/Users/hmche/Desktop/capstone/Maxim_Parking/workspace/Examples/MAX78000/CNN/Car_Detection_w_seg_rgb565/build/sccb.o
 .rodata.gpio_cfg_pcif_P0_BITS_0_7
                0x1001c8d4        0xc c:/MaximSDK/Libraries/PeriphDrivers/bin/MAX78000/softfp/libPeriphDriver_softfp.a(pins_ai85.o)
                0x1001c8d4                gpio_cfg_pcif_P0_BITS_0_7
 .rodata.gpio_cfg_pcif_P0_BITS_8_9
                0x1001c8e0        0xc c:/MaximSDK/Libraries/PeriphDrivers/bin/MAX78000/softfp/libPeriphDriver_softfp.a(pins_ai85.o)
                0x1001c8e0                gpio_cfg_pcif_P0_BITS_8_9
 .rodata.gpio_cfg_pcif_P1_BITS_10_11
                0x1001c8ec        0xc c:/MaximSDK/Libraries/PeriphDrivers/bin/MAX78000/softfp/libPeriphDriver_softfp.a(pins_ai85.o)
                0x1001c8ec                gpio_cfg_pcif_P1_BITS_10_11
 .rodata.gpio_cfg_pcif_hsync
                0x1001c8f8        0xc c:/MaximSDK/Libraries/PeriphDrivers/bin/MAX78000/softfp/libPeriphDriver_softfp.a(pins_ai85.o)
                0x1001c8f8                gpio_cfg_pcif_hsync
 .rodata.gpio_cfg_pcif_vsync
                0x1001c904        0xc c:/MaximSDK/Libraries/PeriphDrivers/bin/MAX78000/softfp/libPeriphDriver_softfp.a(pins_ai85.o)
                0x1001c904                gpio_cfg_pcif_vsync
 .rodata.gpio_cfg_pcif_xclk
                0x1001c910        0xc c:/MaximSDK/Libraries/PeriphDrivers/bin/MAX78000/softfp/libPeriphDriver_softfp.a(pins_ai85.o)
                0x1001c910                gpio_cfg_pcif_xclk
 .rodata.gpio_cfg_pt0
                0x1001c91c        0xc c:/MaximSDK/Libraries/PeriphDrivers/bin/MAX78000/softfp/libPeriphDriver_softfp.a(pins_ai85.o)
                0x1001c91c                gpio_cfg_pt0
 .rodata.gpio_cfg_pt1
                0x1001c928        0xc c:/MaximSDK/Libraries/PeriphDrivers/bin/MAX78000/softfp/libPeriphDriver_softfp.a(pins_ai85.o)
                0x1001c928                gpio_cfg_pt1
 .rodata.gpio_cfg_pt2
                0x1001c934        0xc c:/MaximSDK/Libraries/PeriphDrivers/bin/MAX78000/softfp/libPeriphDriver_softfp.a(pins_ai85.o)
                0x1001c934                gpio_cfg_pt2
 .rodata.gpio_cfg_pt3
                0x1001c940        0xc c:/MaximSDK/Libraries/PeriphDrivers/bin/MAX78000/softfp/libPeriphDriver_softfp.a(pins_ai85.o)
                0x1001c940                gpio_cfg_pt3
 .rodata.gpio_cfg_tmr0
                0x1001c94c        0xc c:/MaximSDK/Libraries/PeriphDrivers/bin/MAX78000/softfp/libPeriphDriver_softfp.a(pins_ai85.o)
                0x1001c94c                gpio_cfg_tmr0
 .rodata.gpio_cfg_tmr0b
                0x1001c958        0xc c:/MaximSDK/Libraries/PeriphDrivers/bin/MAX78000/softfp/libPeriphDriver_softfp.a(pins_ai85.o)
                0x1001c958                gpio_cfg_tmr0b
 .rodata.gpio_cfg_tmr1
                0x1001c964        0xc c:/MaximSDK/Libraries/PeriphDrivers/bin/MAX78000/softfp/libPeriphDriver_softfp.a(pins_ai85.o)
                0x1001c964                gpio_cfg_tmr1