Archive member included to satisfy reference by file (symbol)

../../../../Libraries/PeriphDrivers/bin/MAX78000/softfp/libPeriphDriver_softfp.a(mxc_delay.o)
                              /Users/ianwu/Desktop/Maxim-Parking/MAX78000_SDK-09056510448d101b893d84c8d89cac098a957ca2/Examples/MAX78000/CNN/rps-demo/build/main.o (MXC_Delay)
../../../../Libraries/PeriphDrivers/bin/MAX78000/softfp/libPeriphDriver_softfp.a(pins_ai85.o)
                              /Users/ianwu/Desktop/Maxim-Parking/MAX78000_SDK-09056510448d101b893d84c8d89cac098a957ca2/Examples/MAX78000/CNN/rps-demo/build/camera.o (gpio_cfg_pcif_xclk)
../../../../Libraries/PeriphDrivers/bin/MAX78000/softfp/libPeriphDriver_softfp.a(sys_ai85.o)
                              /Users/ianwu/Desktop/Maxim-Parking/MAX78000_SDK-09056510448d101b893d84c8d89cac098a957ca2/Examples/MAX78000/CNN/rps-demo/build/cnn.o (MXC_SYS_ClockDisable)
../../../../Libraries/PeriphDrivers/bin/MAX78000/softfp/libPeriphDriver_softfp.a(nvic_table.o)
                              /Users/ianwu/Desktop/Maxim-Parking/MAX78000_SDK-09056510448d101b893d84c8d89cac098a957ca2/Examples/MAX78000/CNN/rps-demo/build/cnn.o (NVIC_SetVector)
../../../../Libraries/PeriphDrivers/bin/MAX78000/softfp/libPeriphDriver_softfp.a(cameraif_ai85.o)
                              /Users/ianwu/Desktop/Maxim-Parking/MAX78000_SDK-09056510448d101b893d84c8d89cac098a957ca2/Examples/MAX78000/CNN/rps-demo/build/camera.o (MXC_PCIF_Init)
../../../../Libraries/PeriphDrivers/bin/MAX78000/softfp/libPeriphDriver_softfp.a(cameraif_reva.o)
                              ../../../../Libraries/PeriphDrivers/bin/MAX78000/softfp/libPeriphDriver_softfp.a(cameraif_ai85.o) (MXC_PCIF_RevA_SetDatawidth)
../../../../Libraries/PeriphDrivers/bin/MAX78000/softfp/libPeriphDriver_softfp.a(dma_me17.o)
                              /Users/ianwu/Desktop/Maxim-Parking/MAX78000_SDK-09056510448d101b893d84c8d89cac098a957ca2/Examples/MAX78000/CNN/rps-demo/build/main.o (MXC_DMA_Init)
../../../../Libraries/PeriphDrivers/bin/MAX78000/softfp/libPeriphDriver_softfp.a(dma_reva.o)
                              ../../../../Libraries/PeriphDrivers/bin/MAX78000/softfp/libPeriphDriver_softfp.a(dma_me17.o) (MXC_DMA_RevA_Init)
../../../../Libraries/PeriphDrivers/bin/MAX78000/softfp/libPeriphDriver_softfp.a(gpio_ai85.o)
                              /Users/ianwu/Desktop/Maxim-Parking/MAX78000_SDK-09056510448d101b893d84c8d89cac098a957ca2/Examples/MAX78000/CNN/rps-demo/build/main.o (MXC_GPIO_Config)
../../../../Libraries/PeriphDrivers/bin/MAX78000/softfp/libPeriphDriver_softfp.a(gpio_reva.o)
                              ../../../../Libraries/PeriphDrivers/bin/MAX78000/softfp/libPeriphDriver_softfp.a(gpio_ai85.o) (MXC_GPIO_RevA_InGet)
../../../../Libraries/PeriphDrivers/bin/MAX78000/softfp/libPeriphDriver_softfp.a(i2c_me17.o)
                              /Users/ianwu/Desktop/Maxim-Parking/MAX78000_SDK-09056510448d101b893d84c8d89cac098a957ca2/Examples/MAX78000/CNN/rps-demo/build/max20303.o (MXC_I2C_Init)
../../../../Libraries/PeriphDrivers/bin/MAX78000/softfp/libPeriphDriver_softfp.a(i2c_reva.o)
                              ../../../../Libraries/PeriphDrivers/bin/MAX78000/softfp/libPeriphDriver_softfp.a(i2c_me17.o) (MXC_I2C_RevA_DMACallback)
../../../../Libraries/PeriphDrivers/bin/MAX78000/softfp/libPeriphDriver_softfp.a(icc_me17.o)
                              /Users/ianwu/Desktop/Maxim-Parking/MAX78000_SDK-09056510448d101b893d84c8d89cac098a957ca2/Examples/MAX78000/CNN/rps-demo/build/main.o (MXC_ICC_Enable)
../../../../Libraries/PeriphDrivers/bin/MAX78000/softfp/libPeriphDriver_softfp.a(icc_reva.o)
                              ../../../../Libraries/PeriphDrivers/bin/MAX78000/softfp/libPeriphDriver_softfp.a(icc_me17.o) (MXC_ICC_RevA_ID)
../../../../Libraries/PeriphDrivers/bin/MAX78000/softfp/libPeriphDriver_softfp.a(pt_me17.o)
                              /Users/ianwu/Desktop/Maxim-Parking/MAX78000_SDK-09056510448d101b893d84c8d89cac098a957ca2/Examples/MAX78000/CNN/rps-demo/build/camera.o (MXC_PT_Init)
../../../../Libraries/PeriphDrivers/bin/MAX78000/softfp/libPeriphDriver_softfp.a(pt_reva.o)
                              ../../../../Libraries/PeriphDrivers/bin/MAX78000/softfp/libPeriphDriver_softfp.a(pt_me17.o) (MXC_PT_RevA_Init)
../../../../Libraries/PeriphDrivers/bin/MAX78000/softfp/libPeriphDriver_softfp.a(spi_me17.o)
                              /Users/ianwu/Desktop/Maxim-Parking/MAX78000_SDK-09056510448d101b893d84c8d89cac098a957ca2/Examples/MAX78000/CNN/rps-demo/build/tft_fthr.o (MXC_SPI_Init)
../../../../Libraries/PeriphDrivers/bin/MAX78000/softfp/libPeriphDriver_softfp.a(spi_reva.o)
                              ../../../../Libraries/PeriphDrivers/bin/MAX78000/softfp/libPeriphDriver_softfp.a(spi_me17.o) (MXC_SPI_RevA_Init)
../../../../Libraries/PeriphDrivers/bin/MAX78000/softfp/libPeriphDriver_softfp.a(tmr_ai85.o)
[...]
Memory Configuration

Name             Origin             Length             Attributes
ROM              0x0000000000000000 0x0000000000010000 xr
FLASH            0x0000000010000000 0x0000000000080000 xr
SRAM             0x0000000020000000 0x0000000000020000 xrw
*default*        0x0000000000000000 0xffffffffffffffff

Linker script and memory map

LOAD /Applications/ARM/bin/../lib/gcc/arm-none-eabi/10.3.1/thumb/v7e-m+fp/softfp/crti.o
LOAD /Applications/ARM/bin/../lib/gcc/arm-none-eabi/10.3.1/thumb/v7e-m+fp/softfp/crtbegin.o
LOAD /Applications/ARM/bin/../lib/gcc/arm-none-eabi/10.3.1/../../../../arm-none-eabi/lib/thumb/v7e-m+fp/softfp/crt0.o
LOAD /Users/ianwu/Desktop/Maxim-Parking/MAX78000_SDK-09056510448d101b893d84c8d89cac098a957ca2/Examples/MAX78000/CNN/rps-demo/build/main.o
LOAD /Users/ianwu/Desktop/Maxim-Parking/MAX78000_SDK-09056510448d101b893d84c8d89cac098a957ca2/Examples/MAX78000/CNN/rps-demo/build/cnn.o
LOAD /Users/ianwu/Desktop/Maxim-Parking/MAX78000_SDK-09056510448d101b893d84c8d89cac098a957ca2/Examples/MAX78000/CNN/rps-demo/build/softmax.o
LOAD /Users/ianwu/Desktop/Maxim-Parking/MAX78000_SDK-09056510448d101b893d84c8d89cac098a957ca2/Examples/MAX78000/CNN/rps-demo/build/all_imgs.o
LOAD /Users/ianwu/Desktop/Maxim-Parking/MAX78000_SDK-09056510448d101b893d84c8d89cac098a957ca2/Examples/MAX78000/CNN/rps-demo/build/board.o
LOAD /Users/ianwu/Desktop/Maxim-Parking/MAX78000_SDK-09056510448d101b893d84c8d89cac098a957ca2/Examples/MAX78000/CNN/rps-demo/build/stdio.o
LOAD /Users/ianwu/Desktop/Maxim-Parking/MAX78000_SDK-09056510448d101b893d84c8d89cac098a957ca2/Examples/MAX78000/CNN/rps-demo/build/led.o
LOAD /Users/ianwu/Desktop/Maxim-Parking/MAX78000_SDK-09056510448d101b893d84c8d89cac098a957ca2/Examples/MAX78000/CNN/rps-demo/build/pb.o
LOAD /Users/ianwu/Desktop/Maxim-Parking/MAX78000_SDK-09056510448d101b893d84c8d89cac098a957ca2/Examples/MAX78000/CNN/rps-demo/build/tft_fthr.o
LOAD /Users/ianwu/Desktop/Maxim-Parking/MAX78000_SDK-09056510448d101b893d84c8d89cac098a957ca2/Examples/MAX78000/CNN/rps-demo/build/camera.o
LOAD /Users/ianwu/Desktop/Maxim-Parking/MAX78000_SDK-09056510448d101b893d84c8d89cac098a957ca2/Examples/MAX78000/CNN/rps-demo/build/ov7692.o
LOAD /Users/ianwu/Desktop/Maxim-Parking/MAX78000_SDK-09056510448d101b893d84c8d89cac098a957ca2/Examples/MAX78000/CNN/rps-demo/build/sccb.o
LOAD /Users/ianwu/Desktop/Maxim-Parking/MAX78000_SDK-09056510448d101b893d84c8d89cac098a957ca2/Examples/MAX78000/CNN/rps-demo/build/max20303.o
LOAD /Users/ianwu/Desktop/Maxim-Parking/MAX78000_SDK-09056510448d101b893d84c8d89cac098a957ca2/Examples/MAX78000/CNN/rps-demo/build/startup_max78000.o
LOAD /Users/ianwu/Desktop/Maxim-Parking/MAX78000_SDK-09056510448d101b893d84c8d89cac098a957ca2/Examples/MAX78000/CNN/rps-demo/build/heap.o
LOAD /Users/ianwu/Desktop/Maxim-Parking/MAX78000_SDK-09056510448d101b893d84c8d89cac098a957ca2/Examples/MAX78000/CNN/rps-demo/build/system_max78000.o
START GROUP
LOAD ../../../../Libraries/PeriphDrivers/bin/MAX78000/softfp/libPeriphDriver_softfp.a
LOAD /Applications/ARM/bin/../lib/gcc/arm-none-eabi/10.3.1/../../../../arm-none-eabi/lib/thumb/v7e-m+fp/softfp/libc.a
LOAD /Applications/ARM/bin/../lib/gcc/arm-none-eabi/10.3.1/../../../../arm-none-eabi/lib/thumb/v7e-m+fp/softfp/libm.a
LOAD /Applications/ARM/bin/../lib/gcc/arm-none-eabi/10.3.1/../../../../arm-none-eabi/lib/thumb/v7e-m+fp/softfp/libnosys.a
END GROUP
START GROUP
LOAD /Applications/ARM/bin/../lib/gcc/arm-none-eabi/10.3.1/thumb/v7e-m+fp/softfp/libgcc.a
LOAD /Applications/ARM/bin/../lib/gcc/arm-none-eabi/10.3.1/../../../../arm-none-eabi/lib/thumb/v7e-m+fp/softfp/libc.a
END GROUP
LOAD /Applications/ARM/bin/../lib/gcc/arm-none-eabi/10.3.1/thumb/v7e-m+fp/softfp/crtend.o
LOAD /Applications/ARM/bin/../lib/gcc/arm-none-eabi/10.3.1/thumb/v7e-m+fp/softfp/crtn.o

.rom
 *(.rom_vector)
 *(.rom_handlers*)

.text           0x0000000010000000    0x1fd7c
                0x0000000010000000                _text = .
 *(.isr_vector)
 .isr_vector    0x0000000010000000      0x1e0 /Users/ianwu/Desktop/Maxim-Parking/MAX78000_SDK-09056510448d101b893d84c8d89cac098a957ca2/Examples/MAX78000/CNN/rps-demo/build/startup_max78000.o
                0x0000000010000000                __isr_vector
 *(.text*)
 .text          0x00000000100001e0       0x40 /Applications/ARM/bin/../lib/gcc/arm-none-eabi/10.3.1/thumb/v7e-m+fp/softfp/crtbegin.o
 .text.load_input
                0x0000000010000220       0xdc /Users/ianwu/Desktop/Maxim-Parking/MAX78000_SDK-09056510448d101b893d84c8d89cac098a957ca2/Examples/MAX78000/CNN/rps-demo/build/main.o
                0x0000000010000220                load_input
 .text.softmax_layer
                0x00000000100002fc       0x20 /Users/ianwu/Desktop/Maxim-Parking/MAX78000_SDK-09056510448d101b893d84c8d89cac098a957ca2/Examples/MAX78000/CNN/rps-demo/build/main.o
                0x00000000100002fc                softmax_layer
 .text.process_camera_img
                0x000000001000031c       0x74 /Users/ianwu/Desktop/Maxim-Parking/MAX78000_SDK-09056510448d101b893d84c8d89cac098a957ca2/Examples/MAX78000/CNN/rps-demo/build/main.o
                0x000000001000031c                process_camera_img
 .text.capture_camera_img
                0x0000000010000390       0x10 /Users/ianwu/Desktop/Maxim-Parking/MAX78000_SDK-09056510448d101b893d84c8d89cac098a957ca2/Examples/MAX78000/CNN/rps-demo/build/main.o
                0x0000000010000390                capture_camera_img
 .text.convert_img_unsigned_to_signed
                0x00000000100003a0       0x22 /Users/ianwu/Desktop/Maxim-Parking/MAX78000_SDK-09056510448d101b893d84c8d89cac098a957ca2/Examples/MAX78000/CNN/rps-demo/build/main.o
                0x00000000100003a0                convert_img_unsigned_to_signed
 .text.convert_img_signed_to_unsigned
                0x00000000100003c2       0x30 /Users/ianwu/Desktop/Maxim-Parking/MAX78000_SDK-09056510448d101b893d84c8d89cac098a957ca2/Examples/MAX78000/CNN/rps-demo/build/main.o
                0x00000000100003c2                convert_img_signed_to_unsigned
 *fill*         0x00000000100003f2        0x2 
 .text.main     0x00000000100003f4      0x318 /Users/ianwu/Desktop/Maxim-Parking/MAX78000_SDK-09056510448d101b893d84c8d89cac098a957ca2/Examples/MAX78000/CNN/rps-demo/build/main.o
                0x00000000100003f4                main
 .text.CNN_ISR  0x000000001000070c       0x60 /Users/ianwu/Desktop/Maxim-Parking/MAX78000_SDK-09056510448d101b893d84c8d89cac098a957ca2/Examples/MAX78000/CNN/rps-demo/build/cnn.o
                0x000000001000070c                CNN_ISR
 .text.memcpy32
                0x000000001000076c       0x1a /Users/ianwu/Desktop/Maxim-Parking/MAX78000_SDK-09056510448d101b893d84c8d89cac098a957ca2/Examples/MAX78000/CNN/rps-demo/build/cnn.o
                0x000000001000076c                memcpy32
 *fill*         0x0000000010000786        0x2 
 .text.cnn_load_weights
                0x0000000010000788      0x598 /Users/ianwu/Desktop/Maxim-Parking/MAX78000_SDK-09056510448d101b893d84c8d89cac098a957ca2/Examples/MAX78000/CNN/rps-demo/build/cnn.o
                0x0000000010000788                cnn_load_weights
 .text.cnn_load_bias
                0x0000000010000d20       0x2c /Users/ianwu/Desktop/Maxim-Parking/MAX78000_SDK-09056510448d101b893d84c8d89cac098a957ca2/Examples/MAX78000/CNN/rps-demo/build/cnn.o
                0x0000000010000d20                cnn_load_bias
 .text.cnn_init
                0x0000000010000d4c       0x44 /Users/ianwu/Desktop/Maxim-Parking/MAX78000_SDK-09056510448d101b893d84c8d89cac098a957ca2/Examples/MAX78000/CNN/rps-demo/build/cnn.o
                0x0000000010000d4c                cnn_init
 .text.cnn_configure
                0x0000000010000d90      0x490 /Users/ianwu/Desktop/Maxim-Parking/MAX78000_SDK-09056510448d101b893d84c8d89cac098a957ca2/Examples/MAX78000/CNN/rps-demo/build/cnn.o
                0x0000000010000d90                cnn_configure
 .text.cnn_start
                0x0000000010001220       0x48 /Users/ianwu/Desktop/Maxim-Parking/MAX78000_SDK-09056510448d101b893d84c8d89cac098a957ca2/Examples/MAX78000/CNN/rps-demo/build/cnn.o
                0x0000000010001220                cnn_start
 .text.cnn_unload
                0x0000000010001268       0x40 /Users/ianwu/Desktop/Maxim-Parking/MAX78000_SDK-09056510448d101b893d84c8d89cac098a957ca2/Examples/MAX78000/CNN/rps-demo/build/cnn.o
                0x0000000010001268                cnn_unload
 .text.cnn_enable
                0x00000000100012a8       0x3c /Users/ianwu/Desktop/Maxim-Parking/MAX78000_SDK-09056510448d101b893d84c8d89cac098a957ca2/Examples/MAX78000/CNN/rps-demo/build/cnn.o
                0x00000000100012a8                cnn_enable
 .text.softmax_q17p14_q15
                0x00000000100012e4       0xa0 /Users/ianwu/Desktop/Maxim-Parking/MAX78000_SDK-09056510448d101b893d84c8d89cac098a957ca2/Examples/MAX78000/CNN/rps-demo/build/softmax.o
                0x00000000100012e4                softmax_q17p14_q15
 .text.mxc_assert
                0x0000000010001384       0x10 /Users/ianwu/Desktop/Maxim-Parking/MAX78000_SDK-09056510448d101b893d84c8d89cac098a957ca2/Examples/MAX78000/CNN/rps-demo/build/board.o
                0x0000000010001384                mxc_assert
 .text.Console_Init
                0x0000000010001394       0x18 /Users/ianwu/Desktop/Maxim-Parking/MAX78000_SDK-09056510448d101b893d84c8d89cac098a957ca2/Examples/MAX78000/CNN/rps-demo/build/board.o
                0x0000000010001394                Console_Init
 .text.Board_Init
                0x00000000100013ac       0x60 /Users/ianwu/Desktop/Maxim-Parking/MAX78000_SDK-09056510448d101b893d84c8d89cac098a957ca2/Examples/MAX78000/CNN/rps-demo/build/board.o
                0x00000000100013ac                Board_Init
 .text.NMI_Handler
                0x000000001000140c        0x4 /Users/ianwu/Desktop/Maxim-Parking/MAX78000_SDK-09056510448d101b893d84c8d89cac098a957ca2/Examples/MAX78000/CNN/rps-demo/build/board.o
                0x000000001000140c                NMI_Handler
 .text.Camera_Power
                0x0000000010001410       0x1c /Users/ianwu/Desktop/Maxim-Parking/MAX78000_SDK-09056510448d101b893d84c8d89cac098a957ca2/Examples/MAX78000/CNN/rps-demo/build/board.o
                0x0000000010001410                Camera_Power
 .text._close   0x000000001000142c        0x6 /Users/ianwu/Desktop/Maxim-Parking/MAX78000_SDK-09056510448d101b893d84c8d89cac098a957ca2/Examples/MAX78000/CNN/rps-demo/build/stdio.o
                0x000000001000142c                _close
 .text._isatty  0x0000000010001432        0x6 /Users/ianwu/Desktop/Maxim-Parking/MAX78000_SDK-09056510448d101b893d84c8d89cac098a957ca2/Examples/MAX78000/CNN/rps-demo/build/stdio.o
                0x0000000010001432                _isatty
 .text._lseek   0x0000000010001438        0x6 /Users/ianwu/Desktop/Maxim-Parking/MAX78000_SDK-09056510448d101b893d84c8d89cac098a957ca2/Examples/MAX78000/CNN/rps-demo/build/stdio.o
                0x0000000010001438                _lseek
 .text._fstat   0x000000001000143e        0x6 /Users/ianwu/Desktop/Maxim-Parking/MAX78000_SDK-09056510448d101b893d84c8d89cac098a957ca2/Examples/MAX78000/CNN/rps-demo/build/stdio.o
                0x000000001000143e                _fstat
 .text._read    0x0000000010001444       0x54 /Users/ianwu/Desktop/Maxim-Parking/MAX78000_SDK-09056510448d101b893d84c8d89cac098a957ca2/Examples/MAX78000/CNN/rps-demo/build/stdio.o
                0x0000000010001444                _read
 .text._write   0x0000000010001498       0x5c /Users/ianwu/Desktop/Maxim-Parking/MAX78000_SDK-09056510448d101b893d84c8d89cac098a957ca2/Examples/MAX78000/CNN/rps-demo/build/stdio.o
                0x0000000010001498                _write
 .text.LED_Off  0x00000000100014f4       0x44 /Users/ianwu/Desktop/Maxim-Parking/MAX78000_SDK-09056510448d101b893d84c8d89cac098a957ca2/Examples/MAX78000/CNN/rps-demo/build/led.o
                0x00000000100014f4                LED_Off
 .text.LED_Init
                0x0000000010001538       0x3c /Users/ianwu/Desktop/Maxim-Parking/MAX78000_SDK-09056510448d101b893d84c8d89cac098a957ca2/Examples/MAX78000/CNN/rps-demo/build/led.o
                0x0000000010001538                LED_Init
 .text.PB_Init  0x0000000010001574       0x34 /Users/ianwu/Desktop/Maxim-Parking/MAX78000_SDK-09056510448d101b893d84c8d89cac098a957ca2/Examples/MAX78000/CNN/rps-demo/build/pb.o
                0x0000000010001574                PB_Init
 .text.GPIO0_IRQHandler
                0x00000000100015a8        0xa /Users/ianwu/Desktop/Maxim-Parking/MAX78000_SDK-09056510448d101b893d84c8d89cac098a957ca2/Examples/MAX78000/CNN/rps-demo/build/pb.o
                0x00000000100015a8                GPIO0_IRQHandler
 .text.GPIO1_IRQHandler
                0x00000000100015b2        0xa /Users/ianwu/Desktop/Maxim-Parking/MAX78000_SDK-09056510448d101b893d84c8d89cac098a957ca2/Examples/MAX78000/CNN/rps-demo/build/pb.o
                0x00000000100015b2                GPIO1_IRQHandler
 .text.GPIO2_IRQHandler
                0x00000000100015bc        0xa /Users/ianwu/Desktop/Maxim-Parking/MAX78000_SDK-09056510448d101b893d84c8d89cac098a957ca2/Examples/MAX78000/CNN/rps-demo/build/pb.o
                0x00000000100015bc                GPIO2_IRQHandler
 *fill*         0x00000000100015c6        0x2 
 .text.PB_Get   0x00000000100015c8       0x48 /Users/ianwu/Desktop/Maxim-Parking/MAX78000_SDK-09056510448d101b893d84c8d89cac098a957ca2/Examples/MAX78000/CNN/rps-demo/build/pb.o
                0x00000000100015c8                PB_Get
 .text.camera_irq_handler
                0x0000000010001610      0x144 /Users/ianwu/Desktop/Maxim-Parking/MAX78000_SDK-09056510448d101b893d84c8d89cac098a957ca2/Examples/MAX78000/CNN/rps-demo/build/camera.o
                0x0000000010001610                camera_irq_handler
 .text.stream_callback
                0x0000000010001754       0xc4 /Users/ianwu/Desktop/Maxim-Parking/MAX78000_SDK-09056510448d101b893d84c8d89cac098a957ca2/Examples/MAX78000/CNN/rps-demo/build/camera.o
 .text.setup_dma
                0x0000000010001818       0x8c /Users/ianwu/Desktop/Maxim-Parking/MAX78000_SDK-09056510448d101b893d84c8d89cac098a957ca2/Examples/MAX78000/CNN/rps-demo/build/camera.o
 .text.stream_irq_handler
                0x00000000100018a4        0x8 /Users/ianwu/Desktop/Maxim-Parking/MAX78000_SDK-09056510448d101b893d84c8d89cac098a957ca2/Examples/MAX78000/CNN/rps-demo/build/camera.o
                0x00000000100018a4                stream_irq_handler
 .text.camera_init
                0x00000000100018ac      0x13c /Users/ianwu/Desktop/Maxim-Parking/MAX78000_SDK-09056510448d101b893d84c8d89cac098a957ca2/Examples/MAX78000/CNN/rps-demo/build/camera.o
                0x00000000100018ac                camera_init
 .text.camera_setup
                0x00000000100019e8      0x194 /Users/ianwu/Desktop/Maxim-Parking/MAX78000_SDK-09056510448d101b893d84c8d89cac098a957ca2/Examples/MAX78000/CNN/rps-demo/build/camera.o
                0x00000000100019e8                camera_setup
 .text.camera_start_capture_image
                0x0000000010001b7c       0x40 /Users/ianwu/Desktop/Maxim-Parking/MAX78000_SDK-09056510448d101b893d84c8d89cac098a957ca2/Examples/MAX78000/CNN/rps-demo/build/camera.o
                0x0000000010001b7c                camera_start_capture_image
 .text.camera_is_image_rcv
                0x0000000010001bbc       0x10 /Users/ianwu/Desktop/Maxim-Parking/MAX78000_SDK-09056510448d101b893d84c8d89cac098a957ca2/Examples/MAX78000/CNN/rps-demo/build/camera.o
                0x0000000010001bbc                camera_is_image_rcv
 .text.camera_get_image
                0x0000000010001bcc       0x94 /Users/ianwu/Desktop/Maxim-Parking/MAX78000_SDK-09056510448d101b893d84c8d89cac098a957ca2/Examples/MAX78000/CNN/rps-demo/build/camera.o
                0x0000000010001bcc                camera_get_image
 .text.get_slave_address
                0x0000000010001c60        0xc /Users/ianwu/Desktop/Maxim-Parking/MAX78000_SDK-09056510448d101b893d84c8d89cac098a957ca2/Examples/MAX78000/CNN/rps-demo/build/ov7692.o
 .text.get_pixformat
                0x0000000010001c6c       0x10 /Users/ianwu/Desktop/Maxim-Parking/MAX78000_SDK-09056510448d101b893d84c8d89cac098a957ca2/Examples/MAX78000/CNN/rps-demo/build/ov7692.o
 .text.set_contrast
                0x0000000010001c7c        0x4 /Users/ianwu/Desktop/Maxim-Parking/MAX78000_SDK-09056510448d101b893d84c8d89cac098a957ca2/Examples/MAX78000/CNN/rps-demo/build/ov7692.o
 .text.set_brightness
                0x0000000010001c80        0x4 /Users/ianwu/Desktop/Maxim-Parking/MAX78000_SDK-09056510448d101b893d84c8d89cac098a957ca2/Examples/MAX78000/CNN/rps-demo/build/ov7692.o
 .text.set_saturation
                0x0000000010001c84        0x4 /Users/ianwu/Desktop/Maxim-Parking/MAX78000_SDK-09056510448d101b893d84c8d89cac098a957ca2/Examples/MAX78000/CNN/rps-demo/build/ov7692.o
 .text.set_gainceiling
                0x0000000010001c88        0x4 /Users/ianwu/Desktop/Maxim-Parking/MAX78000_SDK-09056510448d101b893d84c8d89cac098a957ca2/Examples/MAX78000/CNN/rps-demo/build/ov7692.o
 .text.set_colorbar
                0x0000000010001c8c        0x4 /Users/ianwu/Desktop/Maxim-Parking/MAX78000_SDK-09056510448d101b893d84c8d89cac098a957ca2/Examples/MAX78000/CNN/rps-demo/build/ov7692.o
 .text.get_luminance
                0x0000000010001c90       0x5c /Users/ianwu/Desktop/Maxim-Parking/MAX78000_SDK-09056510448d101b893d84c8d89cac098a957ca2/Examples/MAX78000/CNN/rps-demo/build/ov7692.o
 .text.read_reg
                0x0000000010001cec       0x20 /Users/ianwu/Desktop/Maxim-Parking/MAX78000_SDK-09056510448d101b893d84c8d89cac098a957ca2/Examples/MAX78000/CNN/rps-demo/build/ov7692.o
 .text.get_manufacture_id
                0x0000000010001d0c       0x3c /Users/ianwu/Desktop/Maxim-Parking/MAX78000_SDK-09056510448d101b893d84c8d89cac098a957ca2/Examples/MAX78000/CNN/rps-demo/build/ov7692.o
 .text.get_product_id
                0x0000000010001d48       0x3c /Users/ianwu/Desktop/Maxim-Parking/MAX78000_SDK-09056510448d101b893d84c8d89cac098a957ca2/Examples/MAX78000/CNN/rps-demo/build/ov7692.o
 .text.set_negateimage
                0x0000000010001d84       0x88 /Users/ianwu/Desktop/Maxim-Parking/MAX78000_SDK-09056510448d101b893d84c8d89cac098a957ca2/Examples/MAX78000/CNN/rps-demo/build/ov7692.o
 .text.set_vflip
                0x0000000010001e0c       0x44 /Users/ianwu/Desktop/Maxim-Parking/MAX78000_SDK-09056510448d101b893d84c8d89cac098a957ca2/Examples/MAX78000/CNN/rps-demo/build/ov7692.o
 .text.set_hmirror
                0x0000000010001e50       0x44 /Users/ianwu/Desktop/Maxim-Parking/MAX78000_SDK-09056510448d101b893d84c8d89cac098a957ca2/Examples/MAX78000/CNN/rps-demo/build/ov7692.o
 .text.set_windowing
                0x0000000010001e94       0xf8 /Users/ianwu/Desktop/Maxim-Parking/MAX78000_SDK-09056510448d101b893d84c8d89cac098a957ca2/Examples/MAX78000/CNN/rps-demo/build/ov7692.o
 .text.set_framesize
                0x0000000010001f8c       0xa8 /Users/ianwu/Desktop/Maxim-Parking/MAX78000_SDK-09056510448d101b893d84c8d89cac098a957ca2/Examples/MAX78000/CNN/rps-demo/build/ov7692.o
 .text.set_pixformat
                0x0000000010002034       0x5c /Users/ianwu/Desktop/Maxim-Parking/MAX78000_SDK-09056510448d101b893d84c8d89cac098a957ca2/Examples/MAX78000/CNN/rps-demo/build/ov7692.o
 .text.write_reg
                0x0000000010002090       0x14 /Users/ianwu/Desktop/Maxim-Parking/MAX78000_SDK-09056510448d101b893d84c8d89cac098a957ca2/Examples/MAX78000/CNN/rps-demo/build/ov7692.o
 .text.sleep    0x00000000100020a4       0x40 /Users/ianwu/Desktop/Maxim-Parking/MAX78000_SDK-09056510448d101b893d84c8d89cac098a957ca2/Examples/MAX78000/CNN/rps-demo/build/ov7692.o
 .text.reset    0x00000000100020e4       0x60 /Users/ianwu/Desktop/Maxim-Parking/MAX78000_SDK-09056510448d101b893d84c8d89cac098a957ca2/Examples/MAX78000/CNN/rps-demo/build/ov7692.o
 .text.dump_registers
                0x0000000010002144       0x94 /Users/ianwu/Desktop/Maxim-Parking/MAX78000_SDK-09056510448d101b893d84c8d89cac098a957ca2/Examples/MAX78000/CNN/rps-demo/build/ov7692.o
 .text.init     0x00000000100021d8       0x1c /Users/ianwu/Desktop/Maxim-Parking/MAX78000_SDK-09056510448d101b893d84c8d89cac098a957ca2/Examples/MAX78000/CNN/rps-demo/build/ov7692.o
 .text.sensor_register
                0x00000000100021f4       0xb4 /Users/ianwu/Desktop/Maxim-Parking/MAX78000_SDK-09056510448d101b893d84c8d89cac098a957ca2/Examples/MAX78000/CNN/rps-demo/build/ov7692.o
                0x00000000100021f4                sensor_register
 .text.start    0x00000000100022a8       0x34 /Users/ianwu/Desktop/Maxim-Parking/MAX78000_SDK-09056510448d101b893d84c8d89cac098a957ca2/Examples/MAX78000/CNN/rps-demo/build/sccb.o
 .text.send_byte
                0x00000000100022dc       0x70 /Users/ianwu/Desktop/Maxim-Parking/MAX78000_SDK-09056510448d101b893d84c8d89cac098a957ca2/Examples/MAX78000/CNN/rps-demo/build/sccb.o
 .text.stop     0x000000001000234c       0x2c /Users/ianwu/Desktop/Maxim-Parking/MAX78000_SDK-09056510448d101b893d84c8d89cac098a957ca2/Examples/MAX78000/CNN/rps-demo/build/sccb.o
 .text.sccb_init
                0x0000000010002378       0x2c /Users/ianwu/Desktop/Maxim-Parking/MAX78000_SDK-09056510448d101b893d84c8d89cac098a957ca2/Examples/MAX78000/CNN/rps-demo/build/sccb.o
                0x0000000010002378                sccb_init
 .text.sccb_scan
                0x00000000100023a4       0x28 /Users/ianwu/Desktop/Maxim-Parking/MAX78000_SDK-09056510448d101b893d84c8d89cac098a957ca2/Examples/MAX78000/CNN/rps-demo/build/sccb.o
                0x00000000100023a4                sccb_scan
 .text.sccb_read_byt
                0x00000000100023cc       0xdc /Users/ianwu/Desktop/Maxim-Parking/MAX78000_SDK-09056510448d101b893d84c8d89cac098a957ca2/Examples/MAX78000/CNN/rps-demo/build/sccb.o
                0x00000000100023cc                sccb_read_byt
 .text.sccb_write_byt
                0x00000000100024a8       0x54 /Users/ianwu/Desktop/Maxim-Parking/MAX78000_SDK-09056510448d101b893d84c8d89cac098a957ca2/Examples/MAX78000/CNN/rps-demo/build/sccb.o
                0x00000000100024a8                sccb_write_byt
 .text.reg_read
                0x00000000100024fc       0x7c /Users/ianwu/Desktop/Maxim-Parking/MAX78000_SDK-09056510448d101b893d84c8d89cac098a957ca2/Examples/MAX78000/CNN/rps-demo/build/max20303.o
 .text.reg_write
                0x0000000010002578       0x64 /Users/ianwu/Desktop/Maxim-Parking/MAX78000_SDK-09056510448d101b893d84c8d89cac098a957ca2/Examples/MAX78000/CNN/rps-demo/build/max20303.o
 .text.reg_write_buf
                0x00000000100025dc       0x80 /Users/ianwu/Desktop/Maxim-Parking/MAX78000_SDK-09056510448d101b893d84c8d89cac098a957ca2/Examples/MAX78000/CNN/rps-demo/build/max20303.o
 .text.max20303_camera_power
                0x000000001000265c       0x70 /Users/ianwu/Desktop/Maxim-Parking/MAX78000_SDK-09056510448d101b893d84c8d89cac098a957ca2/Examples/MAX78000/CNN/rps-demo/build/max20303.o
                0x000000001000265c                max20303_camera_power
 .text.max20303_init
                0x00000000100026cc       0x6c /Users/ianwu/Desktop/Maxim-Parking/MAX78000_SDK-09056510448d101b893d84c8d89cac098a957ca2/Examples/MAX78000/CNN/rps-demo/build/max20303.o
                0x00000000100026cc                max20303_init
 .text          0x0000000010002738      0x148 /Users/ianwu/Desktop/Maxim-Parking/MAX78000_SDK-09056510448d101b893d84c8d89cac098a957ca2/Examples/MAX78000/CNN/rps-demo/build/startup_max78000.o
                0x0000000010002738                Reset_Handler
                0x0000000010002776                HardFault_Handler
                0x0000000010002778                MemManage_Handler
                0x000000001000277a                BusFault_Handler
                0x000000001000277c                UsageFault_Handler
                0x000000001000277e                SVC_Handler
                0x0000000010002780                DebugMon_Handler
                0x0000000010002782                PendSV_Handler
                0x0000000010002784                SysTick_Handler
                0x0000000010002786                Default_Handler
                0x0000000010002788                PF_IRQHandler
                0x000000001000278a                WDT0_IRQHandler
                0x000000001000278c                RSV02_IRQHandler
                0x000000001000278e                RTC_IRQHandler
                0x0000000010002790                TRNG_IRQHandler
                0x0000000010002792                TMR0_IRQHandler
                0x0000000010002794                TMR1_IRQHandler
                0x0000000010002796                TMR2_IRQHandler
                0x0000000010002798                TMR3_IRQHandler
                0x000000001000279a                TMR4_IRQHandler
                0x000000001000279c                TMR5_IRQHandler
                0x000000001000279e                RSV11_IRQHandler
                0x00000000100027a0                RSV12_IRQHandler
                0x00000000100027a2                I2C0_IRQHandler
                0x00000000100027a4                UART0_IRQHandler
                0x00000000100027a6                UART1_IRQHandler
                0x00000000100027a8                SPI1_IRQHandler
                0x00000000100027aa                RSV17_IRQHandler
                0x00000000100027ac                RSV18_IRQHandler
                0x00000000100027ae                RSV19_IRQHandler
                0x00000000100027b0                ADC_IRQHandler
                0x00000000100027b2                RSV21_IRQHandler
                0x00000000100027b4                RSV22_IRQHandler
                0x00000000100027b6                FLC0_IRQHandler
                0x00000000100027be                RSV27_IRQHandler
                0x00000000100027c0                DMA0_IRQHandler
                0x00000000100027c2                DMA1_IRQHandler
                0x00000000100027c4                DMA2_IRQHandler
                0x00000000100027c6                DMA3_IRQHandler
                0x00000000100027c8                RSV32_IRQHandler
                0x00000000100027ca                RSV33_IRQHandler
                0x00000000100027cc                UART2_IRQHandler
                0x00000000100027ce                RSV35_IRQHandler
                0x00000000100027d0                I2C1_IRQHandler
                0x00000000100027d2                RSV37_IRQHandler
                0x00000000100027d4                RSV38_IRQHandler
                0x00000000100027d6                RSV39_IRQHandler
                0x00000000100027d8                RSV40_IRQHandler
                0x00000000100027da                RSV41_IRQHandler
                0x00000000100027dc                RSV42_IRQHandler
                0x00000000100027de                RSV43_IRQHandler
                0x00000000100027e0                RSV44_IRQHandler
                0x00000000100027e2                RSV45_IRQHandler
                0x00000000100027e4                RSV46_IRQHandler
                0x00000000100027e6                RSV47_IRQHandler
                0x00000000100027e8                RSV48_IRQHandler
                0x00000000100027ea                RSV49_IRQHandler
                0x00000000100027ec                RSV50_IRQHandler
                0x00000000100027ee                RSV51_IRQHandler
                0x00000000100027f0                RSV52_IRQHandler
                0x00000000100027f2                WUT_IRQHandler
                0x00000000100027f4                GPIOWAKE_IRQHandler
                0x00000000100027f6                RSV55_IRQHandler
                0x00000000100027f8                SPI0_IRQHandler
                0x00000000100027fa                WDT1_IRQHandler
                0x00000000100027fc                RSV58_IRQHandler
                0x00000000100027fe                PT_IRQHandler
                0x0000000010002800                RSV60_IRQHandler
                0x0000000010002802                RSV61_IRQHandler
                0x0000000010002804                I2C2_IRQHandler
                0x0000000010002806                RISCV_IRQHandler
                0x0000000010002808                RSV64_IRQHandler
                0x000000001000280a                RSV65_IRQHandler
                0x000000001000280c                RSV66_IRQHandler
                0x000000001000280e                OWM_IRQHandler
                0x0000000010002810                RSV68_IRQHandler
                0x0000000010002812                RSV69_IRQHandler
                0x0000000010002814                RSV70_IRQHandler
                0x0000000010002816                RSV71_IRQHandler
                0x0000000010002818                RSV72_IRQHandler
                0x000000001000281a                RSV73_IRQHandler
                0x000000001000281c                RSV74_IRQHandler
                0x000000001000281e                RSV75_IRQHandler
                0x0000000010002820                RSV76_IRQHandler
                0x0000000010002822                RSV77_IRQHandler
                0x0000000010002824                RSV78_IRQHandler
                0x0000000010002826                RSV79_IRQHandler
                0x0000000010002828                RSV80_IRQHandler
                0x000000001000282a                RSV81_IRQHandler
                0x000000001000282c                ECC_IRQHandler
                0x000000001000282e                DVS_IRQHandler
                0x0000000010002830                SIMO_IRQHandler
                0x0000000010002832                RSV85_IRQHandler
                0x0000000010002834                RSV86_IRQHandler
                0x0000000010002836                RSV87_IRQHandler
                0x0000000010002838                UART3_IRQHandler
                0x000000001000283a                RSV89_IRQHandler
                0x000000001000283c                RSV90_IRQHandler
                0x000000001000283e                PCIF_IRQHandler
                0x0000000010002840                RSV92_IRQHandler
                0x0000000010002842                RSV93_IRQHandler
                0x0000000010002844                RSV94_IRQHandler
                0x0000000010002846                RSV95_IRQHandler
                0x0000000010002848                RSV96_IRQHandler
                0x000000001000284a                AES_IRQHandler
                0x000000001000284c                RSV98_IRQHandler
                0x000000001000284e                I2S_IRQHandler
                0x0000000010002850                CNN_FIFO_IRQHandler
                0x0000000010002852                CNN_IRQHandler
                0x0000000010002854                RSV102_IRQHandler
                0x0000000010002856                LPCMP_IRQHandler
 .text._sbrk    0x0000000010002880       0x40 /Users/ianwu/Desktop/Maxim-Parking/MAX78000_SDK-09056510448d101b893d84c8d89cac098a957ca2/Examples/MAX78000/CNN/rps-demo/build/heap.o
                0x0000000010002880                _sbrk
 .text.SystemCoreClockUpdate
                0x00000000100028c0       0x74 /Users/ianwu/Desktop/Maxim-Parking/MAX78000_SDK-09056510448d101b893d84c8d89cac098a957ca2/Examples/MAX78000/CNN/rps-demo/build/system_max78000.o
                0x00000000100028c0                SystemCoreClockUpdate
 .text.PreInit  0x0000000010002934        0x4 /Users/ianwu/Desktop/Maxim-Parking/MAX78000_SDK-09056510448d101b893d84c8d89cac098a957ca2/Examples/MAX78000/CNN/rps-demo/build/system_max78000.o
                0x0000000010002934                PreInit
 .text.SystemInit
                0x0000000010002938       0x30 /Users/ianwu/Desktop/Maxim-Parking/MAX78000_SDK-09056510448d101b893d84c8d89cac098a957ca2/Examples/MAX78000/CNN/rps-demo/build/system_max78000.o
                0x0000000010002938                SystemInit
 .text.MXC_DelayInit
                0x0000000010002968       0x7c ../../../../Libraries/PeriphDrivers/bin/MAX78000/softfp/libPeriphDriver_softfp.a(mxc_delay.o)
 .text.MXC_DelayAsync
                0x00000000100029e4       0x44 ../../../../Libraries/PeriphDrivers/bin/MAX78000/softfp/libPeriphDriver_softfp.a(mxc_delay.o)
                0x00000000100029e4                MXC_DelayAsync
 .text.MXC_DelayAbort
                0x0000000010002a28       0x34 ../../../../Libraries/PeriphDrivers/bin/MAX78000/softfp/libPeriphDriver_softfp.a(mxc_delay.o)
                0x0000000010002a28                MXC_DelayAbort
 .text.MXC_DelayCheck
                0x0000000010002a5c       0x64 ../../../../Libraries/PeriphDrivers/bin/MAX78000/softfp/libPeriphDriver_softfp.a(mxc_delay.o)
                0x0000000010002a5c                MXC_DelayCheck
 .text.MXC_Delay
                0x0000000010002ac0       0x54 ../../../../Libraries/PeriphDrivers/bin/MAX78000/softfp/libPeriphDriver_softfp.a(mxc_delay.o)
                0x0000000010002ac0                MXC_Delay
 .text.MXC_SYS_IsClockEnabled
                0x0000000010002b14       0x40 ../../../../Libraries/PeriphDrivers/bin/MAX78000/softfp/libPeriphDriver_softfp.a(sys_ai85.o)
                0x0000000010002b14                MXC_SYS_IsClockEnabled
 .text.MXC_SYS_ClockDisable
                0x0000000010002b54       0x48 ../../../../Libraries/PeriphDrivers/bin/MAX78000/softfp/libPeriphDriver_softfp.a(sys_ai85.o)
                0x0000000010002b54                MXC_SYS_ClockDisable
 .text.MXC_SYS_ClockEnable
                0x0000000010002b9c       0x50 ../../../../Libraries/PeriphDrivers/bin/MAX78000/softfp/libPeriphDriver_softfp.a(sys_ai85.o)
                0x0000000010002b9c                MXC_SYS_ClockEnable
 .text.MXC_SYS_Clock_Timeout
                0x0000000010002bec       0x30 ../../../../Libraries/PeriphDrivers/bin/MAX78000/softfp/libPeriphDriver_softfp.a(sys_ai85.o)
                0x0000000010002bec                MXC_SYS_Clock_Timeout
 .text.MXC_SYS_ClockSourceEnable
                0x0000000010002c1c       0x80 ../../../../Libraries/PeriphDrivers/bin/MAX78000/softfp/libPeriphDriver_softfp.a(sys_ai85.o)
                0x0000000010002c1c                MXC_SYS_ClockSourceEnable
 .text.MXC_SYS_Clock_Select
                0x0000000010002c9c      0x10e ../../../../Libraries/PeriphDrivers/bin/MAX78000/softfp/libPeriphDriver_softfp.a(sys_ai85.o)
                0x0000000010002c9c                MXC_SYS_Clock_Select
 *fill*         0x0000000010002daa        0x2 
 .text.MXC_SYS_Reset_Periph
                0x0000000010002dac       0x3c ../../../../Libraries/PeriphDrivers/bin/MAX78000/softfp/libPeriphDriver_softfp.a(sys_ai85.o)
                0x0000000010002dac                MXC_SYS_Reset_Periph
 .text.NVIC_SetRAM
                0x0000000010002de8       0x24 ../../../../Libraries/PeriphDrivers/bin/MAX78000/softfp/libPeriphDriver_softfp.a(nvic_table.o)
                0x0000000010002de8                NVIC_SetRAM
 .text.NVIC_SetVector
                0x0000000010002e0c       0x40 ../../../../Libraries/PeriphDrivers/bin/MAX78000/softfp/libPeriphDriver_softfp.a(nvic_table.o)
                0x0000000010002e0c                NVIC_SetVector
 .text.MXC_PCIF_Init
                0x0000000010002e4c       0x78 ../../../../Libraries/PeriphDrivers/bin/MAX78000/softfp/libPeriphDriver_softfp.a(cameraif_ai85.o)
                0x0000000010002e4c                MXC_PCIF_Init
 .text.MXC_PCIF_SetDataWidth
                0x0000000010002ec4       0x10 ../../../../Libraries/PeriphDrivers/bin/MAX78000/softfp/libPeriphDriver_softfp.a(cameraif_ai85.o)
                0x0000000010002ec4                MXC_PCIF_SetDataWidth
 .text.MXC_PCIF_SetTimingSel
                0x0000000010002ed4       0x10 ../../../../Libraries/PeriphDrivers/bin/MAX78000/softfp/libPeriphDriver_softfp.a(cameraif_ai85.o)
                0x0000000010002ed4                MXC_PCIF_SetTimingSel
 .text.MXC_PCIF_SetThreshold
                0x0000000010002ee4       0x10 ../../../../Libraries/PeriphDrivers/bin/MAX78000/softfp/libPeriphDriver_softfp.a(cameraif_ai85.o)
                0x0000000010002ee4                MXC_PCIF_SetThreshold
 .text.MXC_PCIF_EnableInt
                0x0000000010002ef4       0x10 ../../../../Libraries/PeriphDrivers/bin/MAX78000/softfp/libPeriphDriver_softfp.a(cameraif_ai85.o)
                0x0000000010002ef4                MXC_PCIF_EnableInt
 .text.MXC_PCIF_DisableInt
                0x0000000010002f04       0x10 ../../../../Libraries/PeriphDrivers/bin/MAX78000/softfp/libPeriphDriver_softfp.a(cameraif_ai85.o)
                0x0000000010002f04                MXC_PCIF_DisableInt
 .text.MXC_PCIF_Start
                0x0000000010002f14       0x10 ../../../../Libraries/PeriphDrivers/bin/MAX78000/softfp/libPeriphDriver_softfp.a(cameraif_ai85.o)
                0x0000000010002f14                MXC_PCIF_Start
 .text.MXC_PCIF_RevA_SetDatawidth
                0x0000000010002f24       0x12 ../../../../Libraries/PeriphDrivers/bin/MAX78000/softfp/libPeriphDriver_softfp.a(cameraif_reva.o)
                0x0000000010002f24                MXC_PCIF_RevA_SetDatawidth
 .text.MXC_PCIF_RevA_SetTimingSel
                0x0000000010002f36       0x12 ../../../../Libraries/PeriphDrivers/bin/MAX78000/softfp/libPeriphDriver_softfp.a(cameraif_reva.o)
                0x0000000010002f36                MXC_PCIF_RevA_SetTimingSel
 .text.MXC_PCIF_RevA_SetThreshold
                0x0000000010002f48       0x16 ../../../../Libraries/PeriphDrivers/bin/MAX78000/softfp/libPeriphDriver_softfp.a(cameraif_reva.o)
                0x0000000010002f48                MXC_PCIF_RevA_SetThreshold
 .text.MXC_PCIF_RevA_EnableInt
                0x0000000010002f5e        0xc ../../../../Libraries/PeriphDrivers/bin/MAX78000/softfp/libPeriphDriver_softfp.a(cameraif_reva.o)
                0x0000000010002f5e                MXC_PCIF_RevA_EnableInt
 .text.MXC_PCIF_RevA_DisableInt
                0x0000000010002f6a        0xe ../../../../Libraries/PeriphDrivers/bin/MAX78000/softfp/libPeriphDriver_softfp.a(cameraif_reva.o)
                0x0000000010002f6a                MXC_PCIF_RevA_DisableInt
 .text.MXC_PCIF_RevA_Start
                0x0000000010002f78       0x14 ../../../../Libraries/PeriphDrivers/bin/MAX78000/softfp/libPeriphDriver_softfp.a(cameraif_reva.o)
                0x0000000010002f78                MXC_PCIF_RevA_Start
 .text.MXC_DMA_Init
                0x0000000010002f8c       0x24 ../../../../Libraries/PeriphDrivers/bin/MAX78000/softfp/libPeriphDriver_softfp.a(dma_me17.o)
                0x0000000010002f8c                MXC_DMA_Init
 .text.MXC_DMA_AcquireChannel
                0x0000000010002fb0       0x10 ../../../../Libraries/PeriphDrivers/bin/MAX78000/softfp/libPeriphDriver_softfp.a(dma_me17.o)
                0x0000000010002fb0                MXC_DMA_AcquireChannel
 .text.MXC_DMA_SetCallback
                0x0000000010002fc0        0x8 ../../../../Libraries/PeriphDrivers/bin/MAX78000/softfp/libPeriphDriver_softfp.a(dma_me17.o)
                0x0000000010002fc0                MXC_DMA_SetCallback
 .text.MXC_DMA_ChannelClearFlags
                0x0000000010002fc8        0x8 ../../../../Libraries/PeriphDrivers/bin/MAX78000/softfp/libPeriphDriver_softfp.a(dma_me17.o)
                0x0000000010002fc8                MXC_DMA_ChannelClearFlags
 .text.MXC_DMA_Handler
                0x0000000010002fd0       0x10 ../../../../Libraries/PeriphDrivers/bin/MAX78000/softfp/libPeriphDriver_softfp.a(dma_me17.o)
                0x0000000010002fd0                MXC_DMA_Handler
 .text.MXC_DMA_RevA_Init
                0x0000000010002fe0       0xa0 ../../../../Libraries/PeriphDrivers/bin/MAX78000/softfp/libPeriphDriver_softfp.a(dma_reva.o)
                0x0000000010002fe0                MXC_DMA_RevA_Init
 .text.MXC_DMA_RevA_AcquireChannel
                0x0000000010003080       0x78 ../../../../Libraries/PeriphDrivers/bin/MAX78000/softfp/libPeriphDriver_softfp.a(dma_reva.o)
                0x0000000010003080                MXC_DMA_RevA_AcquireChannel
 .text.MXC_DMA_RevA_SetCallback
                0x00000000100030f8       0x30 ../../../../Libraries/PeriphDrivers/bin/MAX78000/softfp/libPeriphDriver_softfp.a(dma_reva.o)
                0x00000000100030f8                MXC_DMA_RevA_SetCallback
 .text.MXC_DMA_RevA_ChannelGetFlags
                0x0000000010003128       0x30 ../../../../Libraries/PeriphDrivers/bin/MAX78000/softfp/libPeriphDriver_softfp.a(dma_reva.o)
                0x0000000010003128                MXC_DMA_RevA_ChannelGetFlags
 .text.MXC_DMA_RevA_ChannelClearFlags
                0x0000000010003158       0x38 ../../../../Libraries/PeriphDrivers/bin/MAX78000/softfp/libPeriphDriver_softfp.a(dma_reva.o)
                0x0000000010003158                MXC_DMA_RevA_ChannelClearFlags
 .text.MXC_DMA_RevA_Handler
                0x0000000010003190       0x7c ../../../../Libraries/PeriphDrivers/bin/MAX78000/softfp/libPeriphDriver_softfp.a(dma_reva.o)
                0x0000000010003190                MXC_DMA_RevA_Handler
 .text.MXC_GPIO_Init
                0x000000001000320c       0x30 ../../../../Libraries/PeriphDrivers/bin/MAX78000/softfp/libPeriphDriver_softfp.a(gpio_ai85.o)
                0x000000001000320c                MXC_GPIO_Init
 .text.MXC_GPIO_Config
                0x000000001000323c      0x1dc ../../../../Libraries/PeriphDrivers/bin/MAX78000/softfp/libPeriphDriver_softfp.a(gpio_ai85.o)
                0x000000001000323c                MXC_GPIO_Config
 .text.MXC_GPIO_InGet
                0x0000000010003418       0x54 ../../../../Libraries/PeriphDrivers/bin/MAX78000/softfp/libPeriphDriver_softfp.a(gpio_ai85.o)
                0x0000000010003418                MXC_GPIO_InGet
 .text.MXC_GPIO_OutSet
                0x000000001000346c       0x38 ../../../../Libraries/PeriphDrivers/bin/MAX78000/softfp/libPeriphDriver_softfp.a(gpio_ai85.o)
                0x000000001000346c                MXC_GPIO_OutSet
 .text.MXC_GPIO_Handler
                0x00000000100034a4        0x8 ../../../../Libraries/PeriphDrivers/bin/MAX78000/softfp/libPeriphDriver_softfp.a(gpio_ai85.o)
                0x00000000100034a4                MXC_GPIO_Handler
 .text.MXC_GPIO_ClearFlags
                0x00000000100034ac        0x8 ../../../../Libraries/PeriphDrivers/bin/MAX78000/softfp/libPeriphDriver_softfp.a(gpio_ai85.o)
                0x00000000100034ac                MXC_GPIO_ClearFlags
 .text.MXC_GPIO_GetFlags
                0x00000000100034b4        0x8 ../../../../Libraries/PeriphDrivers/bin/MAX78000/softfp/libPeriphDriver_softfp.a(gpio_ai85.o)
                0x00000000100034b4                MXC_GPIO_GetFlags
 .text.MXC_GPIO_SetVSSEL
                0x00000000100034bc        0x8 ../../../../Libraries/PeriphDrivers/bin/MAX78000/softfp/libPeriphDriver_softfp.a(gpio_ai85.o)
                0x00000000100034bc                MXC_GPIO_SetVSSEL
 .text.MXC_GPIO_RevA_InGet
                0x00000000100034c4        0x6 ../../../../Libraries/PeriphDrivers/bin/MAX78000/softfp/libPeriphDriver_softfp.a(gpio_reva.o)
                0x00000000100034c4                MXC_GPIO_RevA_InGet
 .text.MXC_GPIO_RevA_OutSet
                0x00000000100034ca        0x4 ../../../../Libraries/PeriphDrivers/bin/MAX78000/softfp/libPeriphDriver_softfp.a(gpio_reva.o)
                0x00000000100034ca                MXC_GPIO_RevA_OutSet
 .text.MXC_GPIO_RevA_ClearFlags
                0x00000000100034ce        0x4 ../../../../Libraries/PeriphDrivers/bin/MAX78000/softfp/libPeriphDriver_softfp.a(gpio_reva.o)
                0x00000000100034ce                MXC_GPIO_RevA_ClearFlags
 .text.MXC_GPIO_RevA_GetFlags
                0x00000000100034d2        0x4 ../../../../Libraries/PeriphDrivers/bin/MAX78000/softfp/libPeriphDriver_softfp.a(gpio_reva.o)
                0x00000000100034d2                MXC_GPIO_RevA_GetFlags
 .text.MXC_GPIO_RevA_SetVSSEL
                0x00000000100034d6       0x2a ../../../../Libraries/PeriphDrivers/bin/MAX78000/softfp/libPeriphDriver_softfp.a(gpio_reva.o)
                0x00000000100034d6                MXC_GPIO_RevA_SetVSSEL
 .text.MXC_GPIO_RevA_SetAF
                0x0000000010003500       0x54 ../../../../Libraries/PeriphDrivers/bin/MAX78000/softfp/libPeriphDriver_softfp.a(gpio_reva.o)
                0x0000000010003500                MXC_GPIO_RevA_SetAF
 .text.MXC_I2C_SetSlaveAddr
                0x0000000010003554        0x8 ../../../../Libraries/PeriphDrivers/bin/MAX78000/softfp/libPeriphDriver_softfp.a(i2c_me17.o)
                0x0000000010003554                MXC_I2C_SetSlaveAddr
 .text.MXC_I2C_Shutdown
                0x000000001000355c       0x58 ../../../../Libraries/PeriphDrivers/bin/MAX78000/softfp/libPeriphDriver_softfp.a(i2c_me17.o)
                0x000000001000355c                MXC_I2C_Shutdown
 .text.MXC_I2C_Init
                0x00000000100035b4       0x78 ../../../../Libraries/PeriphDrivers/bin/MAX78000/softfp/libPeriphDriver_softfp.a(i2c_me17.o)
                0x00000000100035b4                MXC_I2C_Init
 .text.MXC_I2C_SetFrequency
                0x000000001000362c       0x18 ../../../../Libraries/PeriphDrivers/bin/MAX78000/softfp/libPeriphDriver_softfp.a(i2c_me17.o)
                0x000000001000362c                MXC_I2C_SetFrequency
 .text.MXC_I2C_GetFrequency
                0x0000000010003644        0x8 ../../../../Libraries/PeriphDrivers/bin/MAX78000/softfp/libPeriphDriver_softfp.a(i2c_me17.o)
                0x0000000010003644                MXC_I2C_GetFrequency
 .text.MXC_I2C_ClearRXFIFO
                0x000000001000364c        0x8 ../../../../Libraries/PeriphDrivers/bin/MAX78000/softfp/libPeriphDriver_softfp.a(i2c_me17.o)
                0x000000001000364c                MXC_I2C_ClearRXFIFO
 .text.MXC_I2C_ClearTXFIFO
                0x0000000010003654        0x8 ../../../../Libraries/PeriphDrivers/bin/MAX78000/softfp/libPeriphDriver_softfp.a(i2c_me17.o)
                0x0000000010003654                MXC_I2C_ClearTXFIFO
 .text.MXC_I2C_Recover
                0x000000001000365c        0x8 ../../../../Libraries/PeriphDrivers/bin/MAX78000/softfp/libPeriphDriver_softfp.a(i2c_me17.o)
                0x000000001000365c                MXC_I2C_Recover
 .text.MXC_I2C_SetRXThreshold
                0x0000000010003664        0x8 ../../../../Libraries/PeriphDrivers/bin/MAX78000/softfp/libPeriphDriver_softfp.a(i2c_me17.o)
                0x0000000010003664                MXC_I2C_SetRXThreshold
 .text.MXC_I2C_SetTXThreshold
                0x000000001000366c        0x8 ../../../../Libraries/PeriphDrivers/bin/MAX78000/softfp/libPeriphDriver_softfp.a(i2c_me17.o)
                0x000000001000366c                MXC_I2C_SetTXThreshold
 .text.MXC_I2C_RevA_Init
                0x0000000010003674       0xcc ../../../../Libraries/PeriphDrivers/bin/MAX78000/softfp/libPeriphDriver_softfp.a(i2c_reva.o)
                0x0000000010003674                MXC_I2C_RevA_Init
 .text.MXC_I2C_RevA_SetSlaveAddr
                0x0000000010003740       0x36 ../../../../Libraries/PeriphDrivers/bin/MAX78000/softfp/libPeriphDriver_softfp.a(i2c_reva.o)
                0x0000000010003740                MXC_I2C_RevA_SetSlaveAddr
 *fill*         0x0000000010003776        0x2 
 .text.MXC_I2C_RevA_SetFrequency
                0x0000000010003778       0x84 ../../../../Libraries/PeriphDrivers/bin/MAX78000/softfp/libPeriphDriver_softfp.a(i2c_reva.o)
                0x0000000010003778                MXC_I2C_RevA_SetFrequency
 .text.MXC_I2C_RevA_GetFrequency
                0x00000000100037fc       0x20 ../../../../Libraries/PeriphDrivers/bin/MAX78000/softfp/libPeriphDriver_softfp.a(i2c_reva.o)
                0x00000000100037fc                MXC_I2C_RevA_GetFrequency
 .text.MXC_I2C_RevA_ClearRXFIFO
                0x000000001000381c       0x12 ../../../../Libraries/PeriphDrivers/bin/MAX78000/softfp/libPeriphDriver_softfp.a(i2c_reva.o)
                0x000000001000381c                MXC_I2C_RevA_ClearRXFIFO
 .text.MXC_I2C_RevA_ClearTXFIFO
                0x000000001000382e       0x12 ../../../../Libraries/PeriphDrivers/bin/MAX78000/softfp/libPeriphDriver_softfp.a(i2c_reva.o)
                0x000000001000382e                MXC_I2C_RevA_ClearTXFIFO
 .text.MXC_I2C_RevA_Recover
                0x0000000010003840       0xec ../../../../Libraries/PeriphDrivers/bin/MAX78000/softfp/libPeriphDriver_softfp.a(i2c_reva.o)
                0x0000000010003840                MXC_I2C_RevA_Recover
 .text.MXC_I2C_RevA_SetRXThreshold
                0x000000001000392c       0x1e ../../../../Libraries/PeriphDrivers/bin/MAX78000/softfp/libPeriphDriver_softfp.a(i2c_reva.o)
                0x000000001000392c                MXC_I2C_RevA_SetRXThreshold
 .text.MXC_I2C_RevA_SetTXThreshold
                0x000000001000394a       0x20 ../../../../Libraries/PeriphDrivers/bin/MAX78000/softfp/libPeriphDriver_softfp.a(i2c_reva.o)
                0x000000001000394a                MXC_I2C_RevA_SetTXThreshold
 .text.MXC_ICC_Enable
                0x000000001000396a        0x8 ../../../../Libraries/PeriphDrivers/bin/MAX78000/softfp/libPeriphDriver_softfp.a(icc_me17.o)
                0x000000001000396a                MXC_ICC_Enable
 .text.MXC_ICC_RevA_Enable
                0x0000000010003972       0x34 ../../../../Libraries/PeriphDrivers/bin/MAX78000/softfp/libPeriphDriver_softfp.a(icc_reva.o)
                0x0000000010003972                MXC_ICC_RevA_Enable
 *fill*         0x00000000100039a6        0x2 
 .text.MXC_PT_Init
                0x00000000100039a8       0xd4 ../../../../Libraries/PeriphDrivers/bin/MAX78000/softfp/libPeriphDriver_softfp.a(pt_me17.o)
                0x00000000100039a8                MXC_PT_Init
 .text.MXC_PT_Config
                0x0000000010003a7c       0x5c ../../../../Libraries/PeriphDrivers/bin/MAX78000/softfp/libPeriphDriver_softfp.a(pt_me17.o)
                0x0000000010003a7c                MXC_PT_Config
 .text.MXC_PT_SqrWaveConfig
                0x0000000010003ad8       0x20 ../../../../Libraries/PeriphDrivers/bin/MAX78000/softfp/libPeriphDriver_softfp.a(pt_me17.o)
                0x0000000010003ad8                MXC_PT_SqrWaveConfig
 .text.MXC_PT_Start
                0x0000000010003af8       0x10 ../../../../Libraries/PeriphDrivers/bin/MAX78000/softfp/libPeriphDriver_softfp.a(pt_me17.o)
                0x0000000010003af8                MXC_PT_Start
 .text.MXC_PT_IsActive
                0x0000000010003b08       0x10 ../../../../Libraries/PeriphDrivers/bin/MAX78000/softfp/libPeriphDriver_softfp.a(pt_me17.o)
                0x0000000010003b08                MXC_PT_IsActive
 .text.MXC_PT_RevA_Init
                0x0000000010003b18        0xa ../../../../Libraries/PeriphDrivers/bin/MAX78000/softfp/libPeriphDriver_softfp.a(pt_reva.o)
                0x0000000010003b18                MXC_PT_RevA_Init
 *fill*         0x0000000010003b22        0x2 
 .text.MXC_PT_RevA_Config
                0x0000000010003b24       0xc0 ../../../../Libraries/PeriphDrivers/bin/MAX78000/softfp/libPeriphDriver_softfp.a(pt_reva.o)
                0x0000000010003b24                MXC_PT_RevA_Config
 .text.MXC_PT_RevA_SqrWaveConfig
                0x0000000010003be4       0x14 ../../../../Libraries/PeriphDrivers/bin/MAX78000/softfp/libPeriphDriver_softfp.a(pt_reva.o)
                0x0000000010003be4                MXC_PT_RevA_SqrWaveConfig
 .text.MXC_PT_RevA_Start
                0x0000000010003bf8       0x10 ../../../../Libraries/PeriphDrivers/bin/MAX78000/softfp/libPeriphDriver_softfp.a(pt_reva.o)
                0x0000000010003bf8                MXC_PT_RevA_Start
 .text.MXC_PT_RevA_IsActive
                0x0000000010003c08        0xc ../../../../Libraries/PeriphDrivers/bin/MAX78000/softfp/libPeriphDriver_softfp.a(pt_reva.o)
                0x0000000010003c08                MXC_PT_RevA_IsActive
 .text.MXC_TMR_Init
                0x0000000010003c14      0x21c ../../../../Libraries/PeriphDrivers/bin/MAX78000/softfp/libPeriphDriver_softfp.a(tmr_ai85.o)
                0x0000000010003c14                MXC_TMR_Init
 .text.MXC_TMR_Start
                0x0000000010003e30        0x8 ../../../../Libraries/PeriphDrivers/bin/MAX78000/softfp/libPeriphDriver_softfp.a(tmr_ai85.o)
                0x0000000010003e30                MXC_TMR_Start
 .text.MXC_TMR_Stop
                0x0000000010003e38        0x8 ../../../../Libraries/PeriphDrivers/bin/MAX78000/softfp/libPeriphDriver_softfp.a(tmr_ai85.o)
                0x0000000010003e38                MXC_TMR_Stop
 .text.MXC_TMR_ClearFlags
                0x0000000010003e40        0x8 ../../../../Libraries/PeriphDrivers/bin/MAX78000/softfp/libPeriphDriver_softfp.a(tmr_ai85.o)
                0x0000000010003e40                MXC_TMR_ClearFlags
 .text.MXC_TMR_SetCount
                0x0000000010003e48        0x8 ../../../../Libraries/PeriphDrivers/bin/MAX78000/softfp/libPeriphDriver_softfp.a(tmr_ai85.o)
                0x0000000010003e48                MXC_TMR_SetCount
 .text.MXC_TMR_TO_Start
                0x0000000010003e50        0x8 ../../../../Libraries/PeriphDrivers/bin/MAX78000/softfp/libPeriphDriver_softfp.a(tmr_ai85.o)
                0x0000000010003e50                MXC_TMR_TO_Start
 .text.MXC_TMR_TO_Stop
                0x0000000010003e58        0x8 ../../../../Libraries/PeriphDrivers/bin/MAX78000/softfp/libPeriphDriver_softfp.a(tmr_ai85.o)
                0x0000000010003e58                MXC_TMR_TO_Stop
 .text.MXC_TMR_TO_Elapsed
                0x0000000010003e60        0x8 ../../../../Libraries/PeriphDrivers/bin/MAX78000/softfp/libPeriphDriver_softfp.a(tmr_ai85.o)
                0x0000000010003e60                MXC_TMR_TO_Elapsed
 .text.MXC_TMR_SW_Start
                0x0000000010003e68        0x8 ../../../../Libraries/PeriphDrivers/bin/MAX78000/softfp/libPeriphDriver_softfp.a(tmr_ai85.o)
                0x0000000010003e68                MXC_TMR_SW_Start
 .text.MXC_TMR_SW_Stop
                0x0000000010003e70        0x8 ../../../../Libraries/PeriphDrivers/bin/MAX78000/softfp/libPeriphDriver_softfp.a(tmr_ai85.o)
                0x0000000010003e70                MXC_TMR_SW_Stop
 .text.MXC_TMR_GetTime
                0x0000000010003e78        0x8 ../../../../Libraries/PeriphDrivers/bin/MAX78000/softfp/libPeriphDriver_softfp.a(tmr_ai85.o)
                0x0000000010003e78                MXC_TMR_GetTime
 .text.MXC_TMR_RevB_ConfigGeneric
                0x0000000010003e80       0xd4 ../../../../Libraries/PeriphDrivers/bin/MAX78000/softfp/libPeriphDriver_softfp.a(tmr_revb.o)
                0x0000000010003e80                MXC_TMR_RevB_ConfigGeneric
 .text.MXC_TMR_RevB_Init
                0x0000000010003f54      0x14c ../../../../Libraries/PeriphDrivers/bin/MAX78000/softfp/libPeriphDriver_softfp.a(tmr_revb.o)
                0x0000000010003f54                MXC_TMR_RevB_Init
 .text.MXC_TMR_RevB_Start
                0x00000000100040a0       0x60 ../../../../Libraries/PeriphDrivers/bin/MAX78000/softfp/libPeriphDriver_softfp.a(tmr_revb.o)
                0x00000000100040a0                MXC_TMR_RevB_Start
 .text.MXC_TMR_RevB_Stop
                0x0000000010004100       0x58 ../../../../Libraries/PeriphDrivers/bin/MAX78000/softfp/libPeriphDriver_softfp.a(tmr_revb.o)
                0x0000000010004100                MXC_TMR_RevB_Stop
 .text.MXC_TMR_RevB_ClearFlags
                0x0000000010004158       0x58 ../../../../Libraries/PeriphDrivers/bin/MAX78000/softfp/libPeriphDriver_softfp.a(tmr_revb.o)
                0x0000000010004158                MXC_TMR_RevB_ClearFlags
 .text.MXC_TMR_RevB_SetCount
                0x00000000100041b0       0x5c ../../../../Libraries/PeriphDrivers/bin/MAX78000/softfp/libPeriphDriver_softfp.a(tmr_revb.o)
                0x00000000100041b0                MXC_TMR_RevB_SetCount
 .text.MXC_TMR_RevB_TO_Start
                0x000000001000420c       0xf0 ../../../../Libraries/PeriphDrivers/bin/MAX78000/softfp/libPeriphDriver_softfp.a(tmr_revb.o)
                0x000000001000420c                MXC_TMR_RevB_TO_Start
 .text.MXC_TMR_RevB_GetTime
                0x00000000100042fc      0x12c ../../../../Libraries/PeriphDrivers/bin/MAX78000/softfp/libPeriphDriver_softfp.a(tmr_revb.o)
                0x00000000100042fc                MXC_TMR_RevB_GetTime
 .text.MXC_UART_Shutdown
                0x0000000010004428       0x70 ../../../../Libraries/PeriphDrivers/bin/MAX78000/softfp/libPeriphDriver_softfp.a(uart_ai85.o)
                0x0000000010004428                MXC_UART_Shutdown
 .text.MXC_UART_Init
                0x0000000010004498       0xa4 ../../../../Libraries/PeriphDrivers/bin/MAX78000/softfp/libPeriphDriver_softfp.a(uart_ai85.o)
                0x0000000010004498                MXC_UART_Init
 .text.MXC_UART_GetFrequency
                0x000000001000453c       0x90 ../../../../Libraries/PeriphDrivers/bin/MAX78000/softfp/libPeriphDriver_softfp.a(uart_ai85.o)
                0x000000001000453c                MXC_UART_GetFrequency
 .text.MXC_UART_SetFrequency
                0x00000000100045cc       0xc8 ../../../../Libraries/PeriphDrivers/bin/MAX78000/softfp/libPeriphDriver_softfp.a(uart_ai85.o)
                0x00000000100045cc                MXC_UART_SetFrequency
 .text.MXC_UART_SetDataSize
                0x0000000010004694        0x8 ../../../../Libraries/PeriphDrivers/bin/MAX78000/softfp/libPeriphDriver_softfp.a(uart_ai85.o)
                0x0000000010004694                MXC_UART_SetDataSize
 .text.MXC_UART_SetStopBits
                0x000000001000469c        0x8 ../../../../Libraries/PeriphDrivers/bin/MAX78000/softfp/libPeriphDriver_softfp.a(uart_ai85.o)
                0x000000001000469c                MXC_UART_SetStopBits
 .text.MXC_UART_SetParity
                0x00000000100046a4        0x8 ../../../../Libraries/PeriphDrivers/bin/MAX78000/softfp/libPeriphDriver_softfp.a(uart_ai85.o)
                0x00000000100046a4                MXC_UART_SetParity
 .text.MXC_UART_ReadCharacterRaw
                0x00000000100046ac        0x8 ../../../../Libraries/PeriphDrivers/bin/MAX78000/softfp/libPeriphDriver_softfp.a(uart_ai85.o)
                0x00000000100046ac                MXC_UART_ReadCharacterRaw
 .text.MXC_UART_WriteCharacterRaw
                0x00000000100046b4        0x8 ../../../../Libraries/PeriphDrivers/bin/MAX78000/softfp/libPeriphDriver_softfp.a(uart_ai85.o)
                0x00000000100046b4                MXC_UART_WriteCharacterRaw
 .text.MXC_UART_ReadCharacter
                0x00000000100046bc        0x8 ../../../../Libraries/PeriphDrivers/bin/MAX78000/softfp/libPeriphDriver_softfp.a(uart_ai85.o)
                0x00000000100046bc                MXC_UART_ReadCharacter
 .text.MXC_UART_WriteCharacter
                0x00000000100046c4        0x8 ../../../../Libraries/PeriphDrivers/bin/MAX78000/softfp/libPeriphDriver_softfp.a(uart_ai85.o)
                0x00000000100046c4                MXC_UART_WriteCharacter
 .text.MXC_UART_GetRXFIFOAvailable
                0x00000000100046cc        0x8 ../../../../Libraries/PeriphDrivers/bin/MAX78000/softfp/libPeriphDriver_softfp.a(uart_ai85.o)
                0x00000000100046cc                MXC_UART_GetRXFIFOAvailable
 .text.MXC_UART_GetTXFIFOAvailable
                0x00000000100046d4        0x8 ../../../../Libraries/PeriphDrivers/bin/MAX78000/softfp/libPeriphDriver_softfp.a(uart_ai85.o)
                0x00000000100046d4                MXC_UART_GetTXFIFOAvailable
 .text.MXC_UART_SetRXThreshold
                0x00000000100046dc        0x8 ../../../../Libraries/PeriphDrivers/bin/MAX78000/softfp/libPeriphDriver_softfp.a(uart_ai85.o)
                0x00000000100046dc                MXC_UART_SetRXThreshold
 .text.MXC_UART_Common_ReadCharacter
                0x00000000100046e4       0x16 ../../../../Libraries/PeriphDrivers/bin/MAX78000/softfp/libPeriphDriver_softfp.a(uart_common.o)
                0x00000000100046e4                MXC_UART_Common_ReadCharacter
 .text.MXC_UART_Common_WriteCharacter
                0x00000000100046fa       0x1a ../../../../Libraries/PeriphDrivers/bin/MAX78000/softfp/libPeriphDriver_softfp.a(uart_common.o)
                0x00000000100046fa                MXC_UART_Common_WriteCharacter
 .text.MXC_UART_RevB_Init
                0x0000000010004714       0x7c ../../../../Libraries/PeriphDrivers/bin/MAX78000/softfp/libPeriphDriver_softfp.a(uart_revb.o)
                0x0000000010004714                MXC_UART_RevB_Init
 .text.MXC_UART_RevB_SetFrequency
                0x0000000010004790       0xa4 ../../../../Libraries/PeriphDrivers/bin/MAX78000/softfp/libPeriphDriver_softfp.a(uart_revb.o)
                0x0000000010004790                MXC_UART_RevB_SetFrequency
 .text.MXC_UART_RevB_GetFrequency
                0x0000000010004834       0x80 ../../../../Libraries/PeriphDrivers/bin/MAX78000/softfp/libPeriphDriver_softfp.a(uart_revb.o)
                0x0000000010004834                MXC_UART_RevB_GetFrequency
 .text.MXC_UART_RevB_SetDataSize
                0x00000000100048b4       0x48 ../../../../Libraries/PeriphDrivers/bin/MAX78000/softfp/libPeriphDriver_softfp.a(uart_revb.o)
                0x00000000100048b4                MXC_UART_RevB_SetDataSize
 .text.MXC_UART_RevB_SetStopBits
                0x00000000100048fc       0x4c ../../../../Libraries/PeriphDrivers/bin/MAX78000/softfp/libPeriphDriver_softfp.a(uart_revb.o)
                0x00000000100048fc                MXC_UART_RevB_SetStopBits
 .text.MXC_UART_RevB_SetParity
                0x0000000010004948       0xb8 ../../../../Libraries/PeriphDrivers/bin/MAX78000/softfp/libPeriphDriver_softfp.a(uart_revb.o)
                0x0000000010004948                MXC_UART_RevB_SetParity
 .text.MXC_UART_RevB_ReadCharacterRaw
                0x0000000010004a00       0x3c ../../../../Libraries/PeriphDrivers/bin/MAX78000/softfp/libPeriphDriver_softfp.a(uart_revb.o)
                0x0000000010004a00                MXC_UART_RevB_ReadCharacterRaw
 .text.MXC_UART_RevB_WriteCharacterRaw
                0x0000000010004a3c       0x3c ../../../../Libraries/PeriphDrivers/bin/MAX78000/softfp/libPeriphDriver_softfp.a(uart_revb.o)
                0x0000000010004a3c                MXC_UART_RevB_WriteCharacterRaw
 .text.MXC_UART_RevB_GetRXFIFOAvailable
                0x0000000010004a78        0x8 ../../../../Libraries/PeriphDrivers/bin/MAX78000/softfp/libPeriphDriver_softfp.a(uart_revb.o)
                0x0000000010004a78                MXC_UART_RevB_GetRXFIFOAvailable
 .text.MXC_UART_RevB_GetTXFIFOAvailable
                0x0000000010004a80        0xc ../../../../Libraries/PeriphDrivers/bin/MAX78000/softfp/libPeriphDriver_softfp.a(uart_revb.o)
                0x0000000010004a80                MXC_UART_RevB_GetTXFIFOAvailable
 .text.MXC_UART_RevB_SetRXThreshold
                0x0000000010004a8c       0x48 ../../../../Libraries/PeriphDrivers/bin/MAX78000/softfp/libPeriphDriver_softfp.a(uart_revb.o)
                0x0000000010004a8c                MXC_UART_RevB_SetRXThreshold
 .text.MXC_GetLock
                0x0000000010004ad4       0x1c ../../../../Libraries/PeriphDrivers/bin/MAX78000/softfp/libPeriphDriver_softfp.a(mxc_lock.o)
                0x0000000010004ad4                MXC_GetLock
 .text.MXC_FreeLock
                0x0000000010004af0        0xa ../../../../Libraries/PeriphDrivers/bin/MAX78000/softfp/libPeriphDriver_softfp.a(mxc_lock.o)
                0x0000000010004af0                MXC_FreeLock
 *fill*         0x0000000010004afa        0x2 
 .text.MXC_GPIO_Common_Init
                0x0000000010004afc       0x38 ../../../../Libraries/PeriphDrivers/bin/MAX78000/softfp/libPeriphDriver_softfp.a(gpio_common.o)
                0x0000000010004afc                MXC_GPIO_Common_Init
 .text.MXC_GPIO_Common_Handler
                0x0000000010004b34       0x8c ../../../../Libraries/PeriphDrivers/bin/MAX78000/softfp/libPeriphDriver_softfp.a(gpio_common.o)
                0x0000000010004b34                MXC_GPIO_Common_Handler
 .text.MXC_TMR_Common_TO_Stop
                0x0000000010004bc0       0x12 ../../../../Libraries/PeriphDrivers/bin/MAX78000/softfp/libPeriphDriver_softfp.a(tmr_common.o)
                0x0000000010004bc0                MXC_TMR_Common_TO_Stop
 .text.MXC_TMR_Common_SW_Start
                0x0000000010004bd2        0xc ../../../../Libraries/PeriphDrivers/bin/MAX78000/softfp/libPeriphDriver_softfp.a(tmr_common.o)
                0x0000000010004bd2                MXC_TMR_Common_SW_Start
 .text.MXC_TMR_Common_SW_Stop
                0x0000000010004bde       0x14 ../../../../Libraries/PeriphDrivers/bin/MAX78000/softfp/libPeriphDriver_softfp.a(tmr_common.o)
                0x0000000010004bde                MXC_TMR_Common_SW_Stop
 *fill*         0x0000000010004bf2        0x2 
 .text.MXC_TMR_Common_TO_Elapsed
                0x0000000010004bf4       0x50 ../../../../Libraries/PeriphDrivers/bin/MAX78000/softfp/libPeriphDriver_softfp.a(tmr_common.o)
                0x0000000010004bf4                MXC_TMR_Common_TO_Elapsed
 .text.__errno  0x0000000010004c44        0xc /Applications/ARM/bin/../lib/gcc/arm-none-eabi/10.3.1/../../../../arm-none-eabi/lib/thumb/v7e-m+fp/softfp/libc.a(lib_a-errno.o)
                0x0000000010004c44                __errno
 .text.__libc_init_array
                0x0000000010004c50       0x48 /Applications/ARM/bin/../lib/gcc/arm-none-eabi/10.3.1/../../../../arm-none-eabi/lib/thumb/v7e-m+fp/softfp/libc.a(lib_a-init.o)
                0x0000000010004c50                __libc_init_array
 .text.malloc   0x0000000010004c98       0x10 /Applications/ARM/bin/../lib/gcc/arm-none-eabi/10.3.1/../../../../arm-none-eabi/lib/thumb/v7e-m+fp/softfp/libc.a(lib_a-malloc.o)
                0x0000000010004c98                malloc
 .text.free     0x0000000010004ca8       0x10 /Applications/ARM/bin/../lib/gcc/arm-none-eabi/10.3.1/../../../../arm-none-eabi/lib/thumb/v7e-m+fp/softfp/libc.a(lib_a-malloc.o)
                0x0000000010004ca8                free
 .text._malloc_r
                0x0000000010004cb8      0x560 /Applications/ARM/bin/../lib/gcc/arm-none-eabi/10.3.1/../../../../arm-none-eabi/lib/thumb/v7e-m+fp/softfp/libc.a(lib_a-mallocr.o)
                0x0000000010004cb8                _malloc_r
 .text          0x0000000010005218      0x134 /Applications/ARM/bin/../lib/gcc/arm-none-eabi/10.3.1/../../../../arm-none-eabi/lib/thumb/v7e-m+fp/softfp/libc.a(lib_a-memcpy.o)
                0x0000000010005218                memcpy
 .text.memset   0x000000001000534c       0xa4 /Applications/ARM/bin/../lib/gcc/arm-none-eabi/10.3.1/../../../../arm-none-eabi/lib/thumb/v7e-m+fp/softfp/libc.a(lib_a-memset.o)
                0x000000001000534c                memset
 .text.__malloc_lock
                0x00000000100053f0        0xc /Applications/ARM/bin/../lib/gcc/arm-none-eabi/10.3.1/../../../../arm-none-eabi/lib/thumb/v7e-m+fp/softfp/libc.a(lib_a-mlock.o)
                0x00000000100053f0                __malloc_lock
 .text.__malloc_unlock
                0x00000000100053fc        0xc /Applications/ARM/bin/../lib/gcc/arm-none-eabi/10.3.1/../../../../arm-none-eabi/lib/thumb/v7e-m+fp/softfp/libc.a(lib_a-mlock.o)
                0x00000000100053fc                __malloc_unlock
 .text.printf   0x0000000010005408       0x28 /Applications/ARM/bin/../lib/gcc/arm-none-eabi/10.3.1/../../../../arm-none-eabi/lib/thumb/v7e-m+fp/softfp/libc.a(lib_a-printf.o)
                0x0000000010005408                printf
 .text.putchar  0x0000000010005430       0x10 /Applications/ARM/bin/../lib/gcc/arm-none-eabi/10.3.1/../../../../arm-none-eabi/lib/thumb/v7e-m+fp/softfp/libc.a(lib_a-putchar.o)
                0x0000000010005430                putchar
 .text._puts_r  0x0000000010005440       0x9c /Applications/ARM/bin/../lib/gcc/arm-none-eabi/10.3.1/../../../../arm-none-eabi/lib/thumb/v7e-m+fp/softfp/libc.a(lib_a-puts.o)
                0x0000000010005440                _puts_r
 .text.puts     0x00000000100054dc       0x10 /Applications/ARM/bin/../lib/gcc/arm-none-eabi/10.3.1/../../../../arm-none-eabi/lib/thumb/v7e-m+fp/softfp/libc.a(lib_a-puts.o)
                0x00000000100054dc                puts
 .text._sbrk_r  0x00000000100054ec       0x24 /Applications/ARM/bin/../lib/gcc/arm-none-eabi/10.3.1/../../../../arm-none-eabi/lib/thumb/v7e-m+fp/softfp/libc.a(lib_a-sbrkr.o)
                0x00000000100054ec                _sbrk_r
 .text.sprintf  0x0000000010005510       0x40 /Applications/ARM/bin/../lib/gcc/arm-none-eabi/10.3.1/../../../../arm-none-eabi/lib/thumb/v7e-m+fp/softfp/libc.a(lib_a-sprintf.o)
                0x0000000010005510                sprintf
 *fill*         0x0000000010005550       0x30 
 .text          0x0000000010005580       0xdc /Applications/ARM/bin/../lib/gcc/arm-none-eabi/10.3.1/../../../../arm-none-eabi/lib/thumb/v7e-m+fp/softfp/libc.a(lib_a-strlen.o)
                0x0000000010005580                strlen
 *fill*         0x000000001000565c        0x4 
 .text._svfprintf_r
                0x0000000010005660     0x1ac8 /Applications/ARM/bin/../lib/gcc/arm-none-eabi/10.3.1/../../../../arm-none-eabi/lib/thumb/v7e-m+fp/softfp/libc.a(lib_a-svfprintf.o)
                0x0000000010005660                _svfprintf_r
 .text._vfprintf_r
                0x0000000010007128     0x1b8c /Applications/ARM/bin/../lib/gcc/arm-none-eabi/10.3.1/../../../../arm-none-eabi/lib/thumb/v7e-m+fp/softfp/libc.a(lib_a-vfprintf.o)
                0x0000000010007128                _vfprintf_r
 .text.__sbprintf
                0x0000000010008cb4       0x80 /Applications/ARM/bin/../lib/gcc/arm-none-eabi/10.3.1/../../../../arm-none-eabi/lib/thumb/v7e-m+fp/softfp/libc.a(lib_a-vfprintf.o)
 .text.__swsetup_r
                0x0000000010008d34       0xd4 /Applications/ARM/bin/../lib/gcc/arm-none-eabi/10.3.1/../../../../arm-none-eabi/lib/thumb/v7e-m+fp/softfp/libc.a(lib_a-wsetup.o)
                0x0000000010008d34                __swsetup_r
 .text.startup.register_fini
                0x0000000010008e08       0x14 /Applications/ARM/bin/../lib/gcc/arm-none-eabi/10.3.1/../../../../arm-none-eabi/lib/thumb/v7e-m+fp/softfp/libc.a(lib_a-__call_atexit.o)
 .text.atexit   0x0000000010008e1c        0xc /Applications/ARM/bin/../lib/gcc/arm-none-eabi/10.3.1/../../../../arm-none-eabi/lib/thumb/v7e-m+fp/softfp/libc.a(lib_a-atexit.o)
                0x0000000010008e1c                atexit
 .text.quorem   0x0000000010008e28      0x128 /Applications/ARM/bin/../lib/gcc/arm-none-eabi/10.3.1/../../../../arm-none-eabi/lib/thumb/v7e-m+fp/softfp/libc.a(lib_a-dtoa.o)
 .text._dtoa_r  0x0000000010008f50      0xf34 /Applications/ARM/bin/../lib/gcc/arm-none-eabi/10.3.1/../../../../arm-none-eabi/lib/thumb/v7e-m+fp/softfp/libc.a(lib_a-dtoa.o)
                0x0000000010008f50                _dtoa_r
 .text.__sflush_r
                0x0000000010009e84      0x130 /Applications/ARM/bin/../lib/gcc/arm-none-eabi/10.3.1/../../../../arm-none-eabi/lib/thumb/v7e-m+fp/softfp/libc.a(lib_a-fflush.o)
                0x0000000010009e84                __sflush_r
 .text._fflush_r
                0x0000000010009fb4       0x5c /Applications/ARM/bin/../lib/gcc/arm-none-eabi/10.3.1/../../../../arm-none-eabi/lib/thumb/v7e-m+fp/softfp/libc.a(lib_a-fflush.o)
                0x0000000010009fb4                _fflush_r
 .text._cleanup_r
                0x000000001000a010        0xc /Applications/ARM/bin/../lib/gcc/arm-none-eabi/10.3.1/../../../../arm-none-eabi/lib/thumb/v7e-m+fp/softfp/libc.a(lib_a-findfp.o)
                0x000000001000a010                _cleanup_r
 .text.__sinit  0x000000001000a01c      0x10c /Applications/ARM/bin/../lib/gcc/arm-none-eabi/10.3.1/../../../../arm-none-eabi/lib/thumb/v7e-m+fp/softfp/libc.a(lib_a-findfp.o)
                0x000000001000a01c                __sinit
 .text.__sfp_lock_acquire
                0x000000001000a128        0xc /Applications/ARM/bin/../lib/gcc/arm-none-eabi/10.3.1/../../../../arm-none-eabi/lib/thumb/v7e-m+fp/softfp/libc.a(lib_a-findfp.o)
                0x000000001000a128                __sfp_lock_acquire
 .text.__sfp_lock_release
                0x000000001000a134        0xc /Applications/ARM/bin/../lib/gcc/arm-none-eabi/10.3.1/../../../../arm-none-eabi/lib/thumb/v7e-m+fp/softfp/libc.a(lib_a-findfp.o)
                0x000000001000a134                __sfp_lock_release
 .text.__libc_fini_array
                0x000000001000a140       0x2c /Applications/ARM/bin/../lib/gcc/arm-none-eabi/10.3.1/../../../../arm-none-eabi/lib/thumb/v7e-m+fp/softfp/libc.a(lib_a-fini.o)
                0x000000001000a140                __libc_fini_array
 .text._malloc_trim_r
                0x000000001000a16c       0xa0 /Applications/ARM/bin/../lib/gcc/arm-none-eabi/10.3.1/../../../../arm-none-eabi/lib/thumb/v7e-m+fp/softfp/libc.a(lib_a-freer.o)
                0x000000001000a16c                _malloc_trim_r
 .text._free_r  0x000000001000a20c      0x20c /Applications/ARM/bin/../lib/gcc/arm-none-eabi/10.3.1/../../../../arm-none-eabi/lib/thumb/v7e-m+fp/softfp/libc.a(lib_a-freer.o)
                0x000000001000a20c                _free_r
 .text.__sfvwrite_r
                0x000000001000a418      0x2f0 /Applications/ARM/bin/../lib/gcc/arm-none-eabi/10.3.1/../../../../arm-none-eabi/lib/thumb/v7e-m+fp/softfp/libc.a(lib_a-fvwrite.o)
                0x000000001000a418                __sfvwrite_r
 .text._fwalk_reent
                0x000000001000a708       0x48 /Applications/ARM/bin/../lib/gcc/arm-none-eabi/10.3.1/../../../../arm-none-eabi/lib/thumb/v7e-m+fp/softfp/libc.a(lib_a-fwalk.o)
                0x000000001000a708                _fwalk_reent
 .text._localeconv_r
                0x000000001000a750        0x8 /Applications/ARM/bin/../lib/gcc/arm-none-eabi/10.3.1/../../../../arm-none-eabi/lib/thumb/v7e-m+fp/softfp/libc.a(lib_a-localeconv.o)
                0x000000001000a750                _localeconv_r
 .text.__retarget_lock_init_recursive
                0x000000001000a758        0x4 /Applications/ARM/bin/../lib/gcc/arm-none-eabi/10.3.1/../../../../arm-none-eabi/lib/thumb/v7e-m+fp/softfp/libc.a(lib_a-lock.o)
                0x000000001000a758                __retarget_lock_init_recursive
 .text.__retarget_lock_close_recursive
                0x000000001000a75c        0x4 /Applications/ARM/bin/../lib/gcc/arm-none-eabi/10.3.1/../../../../arm-none-eabi/lib/thumb/v7e-m+fp/softfp/libc.a(lib_a-lock.o)
                0x000000001000a75c                __retarget_lock_close_recursive
 .text.__retarget_lock_acquire_recursive
                0x000000001000a760        0x4 /Applications/ARM/bin/../lib/gcc/arm-none-eabi/10.3.1/../../../../arm-none-eabi/lib/thumb/v7e-m+fp/softfp/libc.a(lib_a-lock.o)
                0x000000001000a760                __retarget_lock_acquire_recursive
 .text.__retarget_lock_release_recursive
                0x000000001000a764        0x4 /Applications/ARM/bin/../lib/gcc/arm-none-eabi/10.3.1/../../../../arm-none-eabi/lib/thumb/v7e-m+fp/softfp/libc.a(lib_a-lock.o)
                0x000000001000a764                __retarget_lock_release_recursive
 .text.__smakebuf_r
                0x000000001000a768       0xe0 /Applications/ARM/bin/../lib/gcc/arm-none-eabi/10.3.1/../../../../arm-none-eabi/lib/thumb/v7e-m+fp/softfp/libc.a(lib_a-makebuf.o)
                0x000000001000a768                __smakebuf_r
 *fill*         0x000000001000a848        0x8 
 .text          0x000000001000a850       0xa0 /Applications/ARM/bin/../lib/gcc/arm-none-eabi/10.3.1/../../../../arm-none-eabi/lib/thumb/v7e-m+fp/softfp/libc.a(lib_a-memchr.o)
                0x000000001000a850                memchr
 .text.memmove  0x000000001000a8f0       0xf8 /Applications/ARM/bin/../lib/gcc/arm-none-eabi/10.3.1/../../../../arm-none-eabi/lib/thumb/v7e-m+fp/softfp/libc.a(lib_a-memmove.o)
                0x000000001000a8f0                memmove
 .text._Balloc  0x000000001000a9e8       0x4c /Applications/ARM/bin/../lib/gcc/arm-none-eabi/10.3.1/../../../../arm-none-eabi/lib/thumb/v7e-m+fp/softfp/libc.a(lib_a-mprec.o)
                0x000000001000a9e8                _Balloc
 .text._Bfree   0x000000001000aa34       0x14 /Applications/ARM/bin/../lib/gcc/arm-none-eabi/10.3.1/../../../../arm-none-eabi/lib/thumb/v7e-m+fp/softfp/libc.a(lib_a-mprec.o)
                0x000000001000aa34                _Bfree
 .text.__multadd
                0x000000001000aa48       0xa8 /Applications/ARM/bin/../lib/gcc/arm-none-eabi/10.3.1/../../../../arm-none-eabi/lib/thumb/v7e-m+fp/softfp/libc.a(lib_a-mprec.o)
                0x000000001000aa48                __multadd
 .text.__hi0bits
                0x000000001000aaf0       0x40 /Applications/ARM/bin/../lib/gcc/arm-none-eabi/10.3.1/../../../../arm-none-eabi/lib/thumb/v7e-m+fp/softfp/libc.a(lib_a-mprec.o)
                0x000000001000aaf0                __hi0bits
 .text.__lo0bits
                0x000000001000ab30       0x60 /Applications/ARM/bin/../lib/gcc/arm-none-eabi/10.3.1/../../../../arm-none-eabi/lib/thumb/v7e-m+fp/softfp/libc.a(lib_a-mprec.o)
                0x000000001000ab30                __lo0bits
 .text.__i2b    0x000000001000ab90       0x5c /Applications/ARM/bin/../lib/gcc/arm-none-eabi/10.3.1/../../../../arm-none-eabi/lib/thumb/v7e-m+fp/softfp/libc.a(lib_a-mprec.o)
                0x000000001000ab90                __i2b
 .text.__multiply
                0x000000001000abec      0x15c /Applications/ARM/bin/../lib/gcc/arm-none-eabi/10.3.1/../../../../arm-none-eabi/lib/thumb/v7e-m+fp/softfp/libc.a(lib_a-mprec.o)
                0x000000001000abec                __multiply
 .text.__pow5mult
                0x000000001000ad48       0xc0 /Applications/ARM/bin/../lib/gcc/arm-none-eabi/10.3.1/../../../../arm-none-eabi/lib/thumb/v7e-m+fp/softfp/libc.a(lib_a-mprec.o)
                0x000000001000ad48                __pow5mult
 .text.__lshift
                0x000000001000ae08       0xf0 /Applications/ARM/bin/../lib/gcc/arm-none-eabi/10.3.1/../../../../arm-none-eabi/lib/thumb/v7e-m+fp/softfp/libc.a(lib_a-mprec.o)
                0x000000001000ae08                __lshift
 .text.__mcmp   0x000000001000aef8       0x44 /Applications/ARM/bin/../lib/gcc/arm-none-eabi/10.3.1/../../../../arm-none-eabi/lib/thumb/v7e-m+fp/softfp/libc.a(lib_a-mprec.o)
                0x000000001000aef8                __mcmp
 .text.__mdiff  0x000000001000af3c      0x14c /Applications/ARM/bin/../lib/gcc/arm-none-eabi/10.3.1/../../../../arm-none-eabi/lib/thumb/v7e-m+fp/softfp/libc.a(lib_a-mprec.o)
                0x000000001000af3c                __mdiff
 .text.__d2b    0x000000001000b088       0xc4 /Applications/ARM/bin/../lib/gcc/arm-none-eabi/10.3.1/../../../../arm-none-eabi/lib/thumb/v7e-m+fp/softfp/libc.a(lib_a-mprec.o)
                0x000000001000b088                __d2b
 .text._putc_r  0x000000001000b14c       0x74 /Applications/ARM/bin/../lib/gcc/arm-none-eabi/10.3.1/../../../../arm-none-eabi/lib/thumb/v7e-m+fp/softfp/libc.a(lib_a-putc.o)
                0x000000001000b14c                _putc_r
 .text._realloc_r
                0x000000001000b1c0      0x3d8 /Applications/ARM/bin/../lib/gcc/arm-none-eabi/10.3.1/../../../../arm-none-eabi/lib/thumb/v7e-m+fp/softfp/libc.a(lib_a-reallocr.o)
                0x000000001000b1c0                _realloc_r
 .text.frexp    0x000000001000b598       0x70 /Applications/ARM/bin/../lib/gcc/arm-none-eabi/10.3.1/../../../../arm-none-eabi/lib/thumb/v7e-m+fp/softfp/libc.a(lib_a-s_frexp.o)
                0x000000001000b598                frexp
 .text.__sread  0x000000001000b608       0x24 /Applications/ARM/bin/../lib/gcc/arm-none-eabi/10.3.1/../../../../arm-none-eabi/lib/thumb/v7e-m+fp/softfp/libc.a(lib_a-stdio.o)
                0x000000001000b608                __sread
 .text.__swrite
                0x000000001000b62c       0x40 /Applications/ARM/bin/../lib/gcc/arm-none-eabi/10.3.1/../../../../arm-none-eabi/lib/thumb/v7e-m+fp/softfp/libc.a(lib_a-stdio.o)
                0x000000001000b62c                __swrite
 .text.__sseek  0x000000001000b66c       0x20 /Applications/ARM/bin/../lib/gcc/arm-none-eabi/10.3.1/../../../../arm-none-eabi/lib/thumb/v7e-m+fp/softfp/libc.a(lib_a-stdio.o)
                0x000000001000b66c                __sseek
 .text.__sclose
                0x000000001000b68c        0x8 /Applications/ARM/bin/../lib/gcc/arm-none-eabi/10.3.1/../../../../arm-none-eabi/lib/thumb/v7e-m+fp/softfp/libc.a(lib_a-stdio.o)
                0x000000001000b68c                __sclose
 .text.strncpy  0x000000001000b694       0x64 /Applications/ARM/bin/../lib/gcc/arm-none-eabi/10.3.1/../../../../arm-none-eabi/lib/thumb/v7e-m+fp/softfp/libc.a(lib_a-strncpy.o)
                0x000000001000b694                strncpy
 .text.__ssprint_r
                0x000000001000b6f8       0xf8 /Applications/ARM/bin/../lib/gcc/arm-none-eabi/10.3.1/../../../../arm-none-eabi/lib/thumb/v7e-m+fp/softfp/libc.a(lib_a-svfiprintf.o)
                0x000000001000b6f8                __ssprint_r
 .text.__sprint_r.part.0
                0x000000001000b7f0       0x78 /Applications/ARM/bin/../lib/gcc/arm-none-eabi/10.3.1/../../../../arm-none-eabi/lib/thumb/v7e-m+fp/softfp/libc.a(lib_a-vfiprintf.o)
 .text.__sprint_r
                0x000000001000b868       0x18 /Applications/ARM/bin/../lib/gcc/arm-none-eabi/10.3.1/../../../../arm-none-eabi/lib/thumb/v7e-m+fp/softfp/libc.a(lib_a-vfiprintf.o)
                0x000000001000b868                __sprint_r
 .text._vfiprintf_r
                0x000000001000b880      0xdfc /Applications/ARM/bin/../lib/gcc/arm-none-eabi/10.3.1/../../../../arm-none-eabi/lib/thumb/v7e-m+fp/softfp/libc.a(lib_a-vfiprintf.o)
                0x000000001000b880                _vfiprintf_r
 .text.__sbprintf
                0x000000001000c67c       0x80 /Applications/ARM/bin/../lib/gcc/arm-none-eabi/10.3.1/../../../../arm-none-eabi/lib/thumb/v7e-m+fp/softfp/libc.a(lib_a-vfiprintf.o)
 .text.__swbuf_r
                0x000000001000c6fc       0xb0 /Applications/ARM/bin/../lib/gcc/arm-none-eabi/10.3.1/../../../../arm-none-eabi/lib/thumb/v7e-m+fp/softfp/libc.a(lib_a-wbuf.o)
                0x000000001000c6fc                __swbuf_r
 .text._write_r
                0x000000001000c7ac       0x2c /Applications/ARM/bin/../lib/gcc/arm-none-eabi/10.3.1/../../../../arm-none-eabi/lib/thumb/v7e-m+fp/softfp/libc.a(lib_a-writer.o)
                0x000000001000c7ac                _write_r
 .text.__register_exitproc
                0x000000001000c7d8       0x8c /Applications/ARM/bin/../lib/gcc/arm-none-eabi/10.3.1/../../../../arm-none-eabi/lib/thumb/v7e-m+fp/softfp/libc.a(lib_a-__atexit.o)
                0x000000001000c7d8                __register_exitproc
 .text.__assert_func
                0x000000001000c864       0x40 /Applications/ARM/bin/../lib/gcc/arm-none-eabi/10.3.1/../../../../arm-none-eabi/lib/thumb/v7e-m+fp/softfp/libc.a(lib_a-assert.o)
                0x000000001000c864                __assert_func
 .text._calloc_r
                0x000000001000c8a4       0x78 /Applications/ARM/bin/../lib/gcc/arm-none-eabi/10.3.1/../../../../arm-none-eabi/lib/thumb/v7e-m+fp/softfp/libc.a(lib_a-callocr.o)
                0x000000001000c8a4                _calloc_r
 .text._close_r
                0x000000001000c91c       0x24 /Applications/ARM/bin/../lib/gcc/arm-none-eabi/10.3.1/../../../../arm-none-eabi/lib/thumb/v7e-m+fp/softfp/libc.a(lib_a-closer.o)
                0x000000001000c91c                _close_r
 .text._fclose_r
                0x000000001000c940       0xcc /Applications/ARM/bin/../lib/gcc/arm-none-eabi/10.3.1/../../../../arm-none-eabi/lib/thumb/v7e-m+fp/softfp/libc.a(lib_a-fclose.o)
                0x000000001000c940                _fclose_r
 .text.fiprintf
                0x000000001000ca0c       0x28 /Applications/ARM/bin/../lib/gcc/arm-none-eabi/10.3.1/../../../../arm-none-eabi/lib/thumb/v7e-m+fp/softfp/libc.a(lib_a-fiprintf.o)
                0x000000001000ca0c                fiprintf
 .text.__fputwc
                0x000000001000ca34       0xa8 /Applications/ARM/bin/../lib/gcc/arm-none-eabi/10.3.1/../../../../arm-none-eabi/lib/thumb/v7e-m+fp/softfp/libc.a(lib_a-fputwc.o)
                0x000000001000ca34                __fputwc
 .text._fputwc_r
                0x000000001000cadc       0x68 /Applications/ARM/bin/../lib/gcc/arm-none-eabi/10.3.1/../../../../arm-none-eabi/lib/thumb/v7e-m+fp/softfp/libc.a(lib_a-fputwc.o)
                0x000000001000cadc                _fputwc_r
 .text._fstat_r
                0x000000001000cb44       0x2c /Applications/ARM/bin/../lib/gcc/arm-none-eabi/10.3.1/../../../../arm-none-eabi/lib/thumb/v7e-m+fp/softfp/libc.a(lib_a-fstatr.o)
                0x000000001000cb44                _fstat_r
 .text._isatty_r
                0x000000001000cb70       0x24 /Applications/ARM/bin/../lib/gcc/arm-none-eabi/10.3.1/../../../../arm-none-eabi/lib/thumb/v7e-m+fp/softfp/libc.a(lib_a-isattyr.o)
                0x000000001000cb70                _isatty_r
 .text.__locale_mb_cur_max
                0x000000001000cb94        0xc /Applications/ARM/bin/../lib/gcc/arm-none-eabi/10.3.1/../../../../arm-none-eabi/lib/thumb/v7e-m+fp/softfp/libc.a(lib_a-locale.o)
                0x000000001000cb94                __locale_mb_cur_max
 .text._lseek_r
                0x000000001000cba0       0x2c /Applications/ARM/bin/../lib/gcc/arm-none-eabi/10.3.1/../../../../arm-none-eabi/lib/thumb/v7e-m+fp/softfp/libc.a(lib_a-lseekr.o)
                0x000000001000cba0                _lseek_r
 .text.__ascii_mbtowc
                0x000000001000cbcc       0x2c /Applications/ARM/bin/../lib/gcc/arm-none-eabi/10.3.1/../../../../arm-none-eabi/lib/thumb/v7e-m+fp/softfp/libc.a(lib_a-mbtowc_r.o)
                0x000000001000cbcc                __ascii_mbtowc
 .text._read_r  0x000000001000cbf8       0x2c /Applications/ARM/bin/../lib/gcc/arm-none-eabi/10.3.1/../../../../arm-none-eabi/lib/thumb/v7e-m+fp/softfp/libc.a(lib_a-readr.o)
                0x000000001000cbf8                _read_r
 .text._wcrtomb_r
                0x000000001000cc24       0x3c /Applications/ARM/bin/../lib/gcc/arm-none-eabi/10.3.1/../../../../arm-none-eabi/lib/thumb/v7e-m+fp/softfp/libc.a(lib_a-wcrtomb.o)
                0x000000001000cc24                _wcrtomb_r
 .text.__ascii_wctomb
                0x000000001000cc60       0x1c /Applications/ARM/bin/../lib/gcc/arm-none-eabi/10.3.1/../../../../arm-none-eabi/lib/thumb/v7e-m+fp/softfp/libc.a(lib_a-wctomb_r.o)
                0x000000001000cc60                __ascii_wctomb
 .text.abort    0x000000001000cc7c       0x10 /Applications/ARM/bin/../lib/gcc/arm-none-eabi/10.3.1/../../../../arm-none-eabi/lib/thumb/v7e-m+fp/softfp/libc.a(lib_a-abort.o)
                0x000000001000cc7c                abort
 .text.raise    0x000000001000cc8c       0x5c /Applications/ARM/bin/../lib/gcc/arm-none-eabi/10.3.1/../../../../arm-none-eabi/lib/thumb/v7e-m+fp/softfp/libc.a(lib_a-signal.o)
                0x000000001000cc8c                raise
 .text._kill_r  0x000000001000cce8       0x2c /Applications/ARM/bin/../lib/gcc/arm-none-eabi/10.3.1/../../../../arm-none-eabi/lib/thumb/v7e-m+fp/softfp/libc.a(lib_a-signalr.o)
                0x000000001000cce8                _kill_r
 .text._getpid_r
                0x000000001000cd14        0x4 /Applications/ARM/bin/../lib/gcc/arm-none-eabi/10.3.1/../../../../arm-none-eabi/lib/thumb/v7e-m+fp/softfp/libc.a(lib_a-signalr.o)
                0x000000001000cd14                _getpid_r
 .text._getpid  0x000000001000cd18       0x10 /Applications/ARM/bin/../lib/gcc/arm-none-eabi/10.3.1/../../../../arm-none-eabi/lib/thumb/v7e-m+fp/softfp/libnosys.a(getpid.o)
                0x000000001000cd18                _getpid
 .text._kill    0x000000001000cd28       0x10 /Applications/ARM/bin/../lib/gcc/arm-none-eabi/10.3.1/../../../../arm-none-eabi/lib/thumb/v7e-m+fp/softfp/libnosys.a(kill.o)
                0x000000001000cd28                _kill
 .text._exit    0x000000001000cd38        0x4 /Applications/ARM/bin/../lib/gcc/arm-none-eabi/10.3.1/../../../../arm-none-eabi/lib/thumb/v7e-m+fp/softfp/libnosys.a(_exit.o)
                0x000000001000cd38                _exit
 .text          0x000000001000cd3c      0x378 /Applications/ARM/bin/../lib/gcc/arm-none-eabi/10.3.1/thumb/v7e-m+fp/softfp/libgcc.a(_arm_addsubdf3.o)
                0x000000001000cd3c                __aeabi_drsub
                0x000000001000cd44                __subdf3
                0x000000001000cd44                __aeabi_dsub
                0x000000001000cd48                __aeabi_dadd
                0x000000001000cd48                __adddf3
                0x000000001000cfc0                __aeabi_ui2d
                0x000000001000cfc0                __floatunsidf
                0x000000001000cfe0                __floatsidf
                0x000000001000cfe0                __aeabi_i2d
                0x000000001000d004                __extendsfdf2
                0x000000001000d004                __aeabi_f2d
                0x000000001000d048                __aeabi_ul2d
                0x000000001000d048                __floatundidf
                0x000000001000d058                __aeabi_l2d
                0x000000001000d058                __floatdidf
 .text          0x000000001000d0b4      0x424 /Applications/ARM/bin/../lib/gcc/arm-none-eabi/10.3.1/thumb/v7e-m+fp/softfp/libgcc.a(_arm_muldivdf3.o)
                0x000000001000d0b4                __aeabi_dmul
                0x000000001000d0b4                __muldf3
                0x000000001000d308                __aeabi_ddiv
                0x000000001000d308                __divdf3
 .text          0x000000001000d4d8      0x110 /Applications/ARM/bin/../lib/gcc/arm-none-eabi/10.3.1/thumb/v7e-m+fp/softfp/libgcc.a(_arm_cmpdf2.o)
                0x000000001000d4d8                __gedf2
                0x000000001000d4d8                __gtdf2
                0x000000001000d4e0                __ledf2
                0x000000001000d4e0                __ltdf2
                0x000000001000d4e8                __cmpdf2
                0x000000001000d4e8                __eqdf2
                0x000000001000d4e8                __nedf2
                0x000000001000d564                __aeabi_cdrcmple
                0x000000001000d574                __aeabi_cdcmple
                0x000000001000d574                __aeabi_cdcmpeq
                0x000000001000d584                __aeabi_dcmpeq
                0x000000001000d598                __aeabi_dcmplt
                0x000000001000d5ac                __aeabi_dcmple
                0x000000001000d5c0                __aeabi_dcmpge
                0x000000001000d5d4                __aeabi_dcmpgt
 .text          0x000000001000d5e8       0x2c /Applications/ARM/bin/../lib/gcc/arm-none-eabi/10.3.1/thumb/v7e-m+fp/softfp/libgcc.a(_arm_unorddf2.o)
                0x000000001000d5e8                __aeabi_dcmpun
                0x000000001000d5e8                __unorddf2
 .text          0x000000001000d614       0x50 /Applications/ARM/bin/../lib/gcc/arm-none-eabi/10.3.1/thumb/v7e-m+fp/softfp/libgcc.a(_arm_fixdfsi.o)
                0x000000001000d614                __fixdfsi
                0x000000001000d614                __aeabi_d2iz
 .text          0x000000001000d664       0xa0 /Applications/ARM/bin/../lib/gcc/arm-none-eabi/10.3.1/thumb/v7e-m+fp/softfp/libgcc.a(_aeabi_ldivmod.o)
                0x000000001000d664                __aeabi_ldivmod
 .text          0x000000001000d704       0x30 /Applications/ARM/bin/../lib/gcc/arm-none-eabi/10.3.1/thumb/v7e-m+fp/softfp/libgcc.a(_aeabi_uldivmod.o)
                0x000000001000d704                __aeabi_uldivmod
 .text          0x000000001000d734      0x2d0 /Applications/ARM/bin/../lib/gcc/arm-none-eabi/10.3.1/thumb/v7e-m+fp/softfp/libgcc.a(_udivmoddi4.o)
                0x000000001000d734                __udivmoddi4
 .text          0x000000001000da04        0x4 /Applications/ARM/bin/../lib/gcc/arm-none-eabi/10.3.1/thumb/v7e-m+fp/softfp/libgcc.a(_dvmd_tls.o)
                0x000000001000da04                __aeabi_ldiv0
                0x000000001000da04                __aeabi_idiv0
 *(.rodata*)
 .rodata.main.str1.4
                0x000000001000da08      0x1cd /Users/ianwu/Desktop/Maxim-Parking/MAX78000_SDK-09056510448d101b893d84c8d89cac098a957ca2/Examples/MAX78000/CNN/rps-demo/build/main.o
 *fill*         0x000000001000dbd5        0x3 
 .rodata.classes
                0x000000001000dbd8       0x64 /Users/ianwu/Desktop/Maxim-Parking/MAX78000_SDK-09056510448d101b893d84c8d89cac098a957ca2/Examples/MAX78000/CNN/rps-demo/build/main.o
                0x000000001000dbd8                classes
 .rodata.bias_0
                0x000000001000dc3c        0xa /Users/ianwu/Desktop/Maxim-Parking/MAX78000_SDK-09056510448d101b893d84c8d89cac098a957ca2/Examples/MAX78000/CNN/rps-demo/build/cnn.o
 *fill*         0x000000001000dc46        0x2 
 .rodata.kernels_0
                0x000000001000dc48      0x524 /Users/ianwu/Desktop/Maxim-Parking/MAX78000_SDK-09056510448d101b893d84c8d89cac098a957ca2/Examples/MAX78000/CNN/rps-demo/build/cnn.o
 .rodata.kernels_1
                0x000000001000e16c       0xa4 /Users/ianwu/Desktop/Maxim-Parking/MAX78000_SDK-09056510448d101b893d84c8d89cac098a957ca2/Examples/MAX78000/CNN/rps-demo/build/cnn.o
 .rodata.kernels_10
                0x000000001000e210      0x524 /Users/ianwu/Desktop/Maxim-Parking/MAX78000_SDK-09056510448d101b893d84c8d89cac098a957ca2/Examples/MAX78000/CNN/rps-demo/build/cnn.o
 .rodata.kernels_11
                0x000000001000e734      0x524 /Users/ianwu/Desktop/Maxim-Parking/MAX78000_SDK-09056510448d101b893d84c8d89cac098a957ca2/Examples/MAX78000/CNN/rps-demo/build/cnn.o
 .rodata.kernels_12
                0x000000001000ec58      0x480 /Users/ianwu/Desktop/Maxim-Parking/MAX78000_SDK-09056510448d101b893d84c8d89cac098a957ca2/Examples/MAX78000/CNN/rps-demo/build/cnn.o
 .rodata.kernels_13
                0x000000001000f0d8      0x480 /Users/ianwu/Desktop/Maxim-Parking/MAX78000_SDK-09056510448d101b893d84c8d89cac098a957ca2/Examples/MAX78000/CNN/rps-demo/build/cnn.o
 .rodata.kernels_14
                0x000000001000f558      0x480 /Users/ianwu/Desktop/Maxim-Parking/MAX78000_SDK-09056510448d101b893d84c8d89cac098a957ca2/Examples/MAX78000/CNN/rps-demo/build/cnn.o
 .rodata.kernels_15
                0x000000001000f9d8      0x480 /Users/ianwu/Desktop/Maxim-Parking/MAX78000_SDK-09056510448d101b893d84c8d89cac098a957ca2/Examples/MAX78000/CNN/rps-demo/build/cnn.o
 .rodata.kernels_16
                0x000000001000fe58      0x480 /Users/ianwu/Desktop/Maxim-Parking/MAX78000_SDK-09056510448d101b893d84c8d89cac098a957ca2/Examples/MAX78000/CNN/rps-demo/build/cnn.o
 .rodata.kernels_17
                0x00000000100102d8      0x480 /Users/ianwu/Desktop/Maxim-Parking/MAX78000_SDK-09056510448d101b893d84c8d89cac098a957ca2/Examples/MAX78000/CNN/rps-demo/build/cnn.o
 .rodata.kernels_18
                0x0000000010010758      0x480 /Users/ianwu/Desktop/Maxim-Parking/MAX78000_SDK-09056510448d101b893d84c8d89cac098a957ca2/Examples/MAX78000/CNN/rps-demo/build/cnn.o
 .rodata.kernels_19
                0x0000000010010bd8      0x480 /Users/ianwu/Desktop/Maxim-Parking/MAX78000_SDK-09056510448d101b893d84c8d89cac098a957ca2/Examples/MAX78000/CNN/rps-demo/build/cnn.o
 .rodata.kernels_2